Archive member included to satisfy reference by file (symbol)

d:/st/stm32cubeide_1.9.0/stm32cubeide/plugins/com.st.stm32cube.ide.mcu.externaltools.gnu-tools-for-stm32.10.3-2021.10.win32_1.0.0.202111181127/tools/bin/../lib/gcc/arm-none-eabi/10.3.1/../../../../arm-none-eabi/lib/thumb/v7e-m+fp/hard\libc_nano.a(lib_a-errno.o)
                              ./Core/Src/syscalls.o (__errno)
d:/st/stm32cubeide_1.9.0/stm32cubeide/plugins/com.st.stm32cube.ide.mcu.externaltools.gnu-tools-for-stm32.10.3-2021.10.win32_1.0.0.202111181127/tools/bin/../lib/gcc/arm-none-eabi/10.3.1/../../../../arm-none-eabi/lib/thumb/v7e-m+fp/hard\libc_nano.a(lib_a-exit.o)
                              d:/st/stm32cubeide_1.9.0/stm32cubeide/plugins/com.st.stm32cube.ide.mcu.externaltools.gnu-tools-for-stm32.10.3-2021.10.win32_1.0.0.202111181127/tools/bin/../lib/gcc/arm-none-eabi/10.3.1/../../../../arm-none-eabi/lib/thumb/v7e-m+fp/hard/crt0.o (exit)
d:/st/stm32cubeide_1.9.0/stm32cubeide/plugins/com.st.stm32cube.ide.mcu.externaltools.gnu-tools-for-stm32.10.3-2021.10.win32_1.0.0.202111181127/tools/bin/../lib/gcc/arm-none-eabi/10.3.1/../../../../arm-none-eabi/lib/thumb/v7e-m+fp/hard\libc_nano.a(lib_a-impure.o)
                              d:/st/stm32cubeide_1.9.0/stm32cubeide/plugins/com.st.stm32cube.ide.mcu.externaltools.gnu-tools-for-stm32.10.3-2021.10.win32_1.0.0.202111181127/tools/bin/../lib/gcc/arm-none-eabi/10.3.1/../../../../arm-none-eabi/lib/thumb/v7e-m+fp/hard\libc_nano.a(lib_a-exit.o) (_global_impure_ptr)
d:/st/stm32cubeide_1.9.0/stm32cubeide/plugins/com.st.stm32cube.ide.mcu.externaltools.gnu-tools-for-stm32.10.3-2021.10.win32_1.0.0.202111181127/tools/bin/../lib/gcc/arm-none-eabi/10.3.1/../../../../arm-none-eabi/lib/thumb/v7e-m+fp/hard\libc_nano.a(lib_a-init.o)
                              d:/st/stm32cubeide_1.9.0/stm32cubeide/plugins/com.st.stm32cube.ide.mcu.externaltools.gnu-tools-for-stm32.10.3-2021.10.win32_1.0.0.202111181127/tools/bin/../lib/gcc/arm-none-eabi/10.3.1/../../../../arm-none-eabi/lib/thumb/v7e-m+fp/hard/crt0.o (__libc_init_array)
d:/st/stm32cubeide_1.9.0/stm32cubeide/plugins/com.st.stm32cube.ide.mcu.externaltools.gnu-tools-for-stm32.10.3-2021.10.win32_1.0.0.202111181127/tools/bin/../lib/gcc/arm-none-eabi/10.3.1/../../../../arm-none-eabi/lib/thumb/v7e-m+fp/hard\libc_nano.a(lib_a-memcmp.o)
                              ./ThirdParty/SEGGER/OS/SEGGER_SYSVIEW_FreeRTOS.o (memcmp)
d:/st/stm32cubeide_1.9.0/stm32cubeide/plugins/com.st.stm32cube.ide.mcu.externaltools.gnu-tools-for-stm32.10.3-2021.10.win32_1.0.0.202111181127/tools/bin/../lib/gcc/arm-none-eabi/10.3.1/../../../../arm-none-eabi/lib/thumb/v7e-m+fp/hard\libc_nano.a(lib_a-memcpy-stub.o)
                              ./ThirdParty/FreeRTOS/queue.o (memcpy)
d:/st/stm32cubeide_1.9.0/stm32cubeide/plugins/com.st.stm32cube.ide.mcu.externaltools.gnu-tools-for-stm32.10.3-2021.10.win32_1.0.0.202111181127/tools/bin/../lib/gcc/arm-none-eabi/10.3.1/../../../../arm-none-eabi/lib/thumb/v7e-m+fp/hard\libc_nano.a(lib_a-memset.o)
                              d:/st/stm32cubeide_1.9.0/stm32cubeide/plugins/com.st.stm32cube.ide.mcu.externaltools.gnu-tools-for-stm32.10.3-2021.10.win32_1.0.0.202111181127/tools/bin/../lib/gcc/arm-none-eabi/10.3.1/../../../../arm-none-eabi/lib/thumb/v7e-m+fp/hard/crt0.o (memset)
d:/st/stm32cubeide_1.9.0/stm32cubeide/plugins/com.st.stm32cube.ide.mcu.externaltools.gnu-tools-for-stm32.10.3-2021.10.win32_1.0.0.202111181127/tools/bin/../lib/gcc/arm-none-eabi/10.3.1/../../../../arm-none-eabi/lib/thumb/v7e-m+fp/hard\libc_nano.a(lib_a-strlen.o)
                              ./ThirdParty/SEGGER/SEGGER/SEGGER_RTT.o (strlen)
d:/st/stm32cubeide_1.9.0/stm32cubeide/plugins/com.st.stm32cube.ide.mcu.externaltools.gnu-tools-for-stm32.10.3-2021.10.win32_1.0.0.202111181127/tools/bin/../lib/gcc/arm-none-eabi/10.3.1/thumb/v7e-m+fp/hard\libgcc.a(_aeabi_uldivmod.o)
                              ./Drivers/STM32F4xx_HAL_Driver/Src/stm32f4xx_hal_rcc.o (__aeabi_uldivmod)
d:/st/stm32cubeide_1.9.0/stm32cubeide/plugins/com.st.stm32cube.ide.mcu.externaltools.gnu-tools-for-stm32.10.3-2021.10.win32_1.0.0.202111181127/tools/bin/../lib/gcc/arm-none-eabi/10.3.1/thumb/v7e-m+fp/hard\libgcc.a(_udivmoddi4.o)
                              d:/st/stm32cubeide_1.9.0/stm32cubeide/plugins/com.st.stm32cube.ide.mcu.externaltools.gnu-tools-for-stm32.10.3-2021.10.win32_1.0.0.202111181127/tools/bin/../lib/gcc/arm-none-eabi/10.3.1/thumb/v7e-m+fp/hard\libgcc.a(_aeabi_uldivmod.o) (__udivmoddi4)
d:/st/stm32cubeide_1.9.0/stm32cubeide/plugins/com.st.stm32cube.ide.mcu.externaltools.gnu-tools-for-stm32.10.3-2021.10.win32_1.0.0.202111181127/tools/bin/../lib/gcc/arm-none-eabi/10.3.1/thumb/v7e-m+fp/hard\libgcc.a(_dvmd_tls.o)
                              d:/st/stm32cubeide_1.9.0/stm32cubeide/plugins/com.st.stm32cube.ide.mcu.externaltools.gnu-tools-for-stm32.10.3-2021.10.win32_1.0.0.202111181127/tools/bin/../lib/gcc/arm-none-eabi/10.3.1/thumb/v7e-m+fp/hard\libgcc.a(_aeabi_uldivmod.o) (__aeabi_ldiv0)

[...]
Memory Configuration

Name             Origin             Length             Attributes
CCMRAM           0x0000000010000000 0x0000000000010000 xrw
RAM              0x0000000020000000 0x0000000000030000 xrw
FLASH            0x0000000008000000 0x0000000000200000 xr
*default*        0x0000000000000000 0xffffffffffffffff

Linker script and memory map

LOAD d:/st/stm32cubeide_1.9.0/stm32cubeide/plugins/com.st.stm32cube.ide.mcu.externaltools.gnu-tools-for-stm32.10.3-2021.10.win32_1.0.0.202111181127/tools/bin/../lib/gcc/arm-none-eabi/10.3.1/thumb/v7e-m+fp/hard/crti.o
LOAD d:/st/stm32cubeide_1.9.0/stm32cubeide/plugins/com.st.stm32cube.ide.mcu.externaltools.gnu-tools-for-stm32.10.3-2021.10.win32_1.0.0.202111181127/tools/bin/../lib/gcc/arm-none-eabi/10.3.1/thumb/v7e-m+fp/hard/crtbegin.o
LOAD d:/st/stm32cubeide_1.9.0/stm32cubeide/plugins/com.st.stm32cube.ide.mcu.externaltools.gnu-tools-for-stm32.10.3-2021.10.win32_1.0.0.202111181127/tools/bin/../lib/gcc/arm-none-eabi/10.3.1/../../../../arm-none-eabi/lib/thumb/v7e-m+fp/hard/crt0.o
LOAD ./Core/Src/main.o
LOAD ./Core/Src/stm32f4xx_hal_msp.o
LOAD ./Core/Src/stm32f4xx_hal_timebase_tim.o
LOAD ./Core/Src/stm32f4xx_it.o
LOAD ./Core/Src/syscalls.o
LOAD ./Core/Src/system_stm32f4xx.o
LOAD ./Core/Startup/startup_stm32f429zitx.o
LOAD ./Drivers/STM32F4xx_HAL_Driver/Src/stm32f4xx_hal.o
LOAD ./Drivers/STM32F4xx_HAL_Driver/Src/stm32f4xx_hal_cortex.o
LOAD ./Drivers/STM32F4xx_HAL_Driver/Src/stm32f4xx_hal_dma.o
LOAD ./Drivers/STM32F4xx_HAL_Driver/Src/stm32f4xx_hal_dma_ex.o
LOAD ./Drivers/STM32F4xx_HAL_Driver/Src/stm32f4xx_hal_exti.o
LOAD ./Drivers/STM32F4xx_HAL_Driver/Src/stm32f4xx_hal_flash.o
LOAD ./Drivers/STM32F4xx_HAL_Driver/Src/stm32f4xx_hal_flash_ex.o
LOAD ./Drivers/STM32F4xx_HAL_Driver/Src/stm32f4xx_hal_flash_ramfunc.o
LOAD ./Drivers/STM32F4xx_HAL_Driver/Src/stm32f4xx_hal_gpio.o
LOAD ./Drivers/STM32F4xx_HAL_Driver/Src/stm32f4xx_hal_pwr.o
LOAD ./Drivers/STM32F4xx_HAL_Driver/Src/stm32f4xx_hal_pwr_ex.o
LOAD ./Drivers/STM32F4xx_HAL_Driver/Src/stm32f4xx_hal_rcc.o
LOAD ./Drivers/STM32F4xx_HAL_Driver/Src/stm32f4xx_hal_rcc_ex.o
LOAD ./Drivers/STM32F4xx_HAL_Driver/Src/stm32f4xx_hal_tim.o
LOAD ./Drivers/STM32F4xx_HAL_Driver/Src/stm32f4xx_hal_tim_ex.o
LOAD ./ThirdParty/FreeRTOS/MemMang/heap_4.o
LOAD ./ThirdParty/FreeRTOS/croutine.o
LOAD ./ThirdParty/FreeRTOS/event_groups.o
LOAD ./ThirdParty/FreeRTOS/list.o
LOAD ./ThirdParty/FreeRTOS/queue.o
LOAD ./ThirdParty/FreeRTOS/stream_buffer.o
LOAD ./ThirdParty/FreeRTOS/tasks.o
LOAD ./ThirdParty/FreeRTOS/timers.o
LOAD ./ThirdParty/FreeRTOS/portable/GCC/ARM_CM4F/port.o
LOAD ./ThirdParty/SEGGER/Config/SEGGER_SYSVIEW_Config_FreeRTOS.o
LOAD ./ThirdParty/SEGGER/OS/SEGGER_SYSVIEW_FreeRTOS.o
LOAD ./ThirdParty/SEGGER/SEGGER/SEGGER_RTT.o
LOAD ./ThirdParty/SEGGER/SEGGER/SEGGER_RTT_ASM_ARMv7M.o
LOAD ./ThirdParty/SEGGER/SEGGER/SEGGER_RTT_printf.o
LOAD ./ThirdParty/SEGGER/SEGGER/SEGGER_SYSVIEW.o
LOAD ./ThirdParty/SEGGER/SEGGER/Syscalls/SEGGER_RTT_Syscalls_GCC.o
START GROUP
LOAD d:/st/stm32cubeide_1.9.0/stm32cubeide/plugins/com.st.stm32cube.ide.mcu.externaltools.gnu-tools-for-stm32.10.3-2021.10.win32_1.0.0.202111181127/tools/bin/../lib/gcc/arm-none-eabi/10.3.1/../../../../arm-none-eabi/lib/thumb/v7e-m+fp/hard\libc_nano.a
LOAD d:/st/stm32cubeide_1.9.0/stm32cubeide/plugins/com.st.stm32cube.ide.mcu.externaltools.gnu-tools-for-stm32.10.3-2021.10.win32_1.0.0.202111181127/tools/bin/../lib/gcc/arm-none-eabi/10.3.1/../../../../arm-none-eabi/lib/thumb/v7e-m+fp/hard\libm.a
END GROUP
START GROUP
LOAD d:/st/stm32cubeide_1.9.0/stm32cubeide/plugins/com.st.stm32cube.ide.mcu.externaltools.gnu-tools-for-stm32.10.3-2021.10.win32_1.0.0.202111181127/tools/bin/../lib/gcc/arm-none-eabi/10.3.1/thumb/v7e-m+fp/hard\libgcc.a
LOAD d:/st/stm32cubeide_1.9.0/stm32cubeide/plugins/com.st.stm32cube.ide.mcu.externaltools.gnu-tools-for-stm32.10.3-2021.10.win32_1.0.0.202111181127/tools/bin/../lib/gcc/arm-none-eabi/10.3.1/../../../../arm-none-eabi/lib/thumb/v7e-m+fp/hard\libc_nano.a
END GROUP
START GROUP
LOAD d:/st/stm32cubeide_1.9.0/stm32cubeide/plugins/com.st.stm32cube.ide.mcu.externaltools.gnu-tools-for-stm32.10.3-2021.10.win32_1.0.0.202111181127/tools/bin/../lib/gcc/arm-none-eabi/10.3.1/thumb/v7e-m+fp/hard\libgcc.a
LOAD d:/st/stm32cubeide_1.9.0/stm32cubeide/plugins/com.st.stm32cube.ide.mcu.externaltools.gnu-tools-for-stm32.10.3-2021.10.win32_1.0.0.202111181127/tools/bin/../lib/gcc/arm-none-eabi/10.3.1/../../../../arm-none-eabi/lib/thumb/v7e-m+fp/hard\libc_nano.a
LOAD d:/st/stm32cubeide_1.9.0/stm32cubeide/plugins/com.st.stm32cube.ide.mcu.externaltools.gnu-tools-for-stm32.10.3-2021.10.win32_1.0.0.202111181127/tools/bin/../lib/gcc/arm-none-eabi/10.3.1/../../../../arm-none-eabi/lib/thumb/v7e-m+fp/hard\libnosys.a
END GROUP
START GROUP
LOAD d:/st/stm32cubeide_1.9.0/stm32cubeide/plugins/com.st.stm32cube.ide.mcu.externaltools.gnu-tools-for-stm32.10.3-2021.10.win32_1.0.0.202111181127/tools/bin/../lib/gcc/arm-none-eabi/10.3.1/thumb/v7e-m+fp/hard\libgcc.a
LOAD d:/st/stm32cubeide_1.9.0/stm32cubeide/plugins/com.st.stm32cube.ide.mcu.externaltools.gnu-tools-for-stm32.10.3-2021.10.win32_1.0.0.202111181127/tools/bin/../lib/gcc/arm-none-eabi/10.3.1/../../../../arm-none-eabi/lib/thumb/v7e-m+fp/hard\libc_nano.a
LOAD d:/st/stm32cubeide_1.9.0/stm32cubeide/plugins/com.st.stm32cube.ide.mcu.externaltools.gnu-tools-for-stm32.10.3-2021.10.win32_1.0.0.202111181127/tools/bin/../lib/gcc/arm-none-eabi/10.3.1/../../../../arm-none-eabi/lib/thumb/v7e-m+fp/hard\libnosys.a
END GROUP
LOAD d:/st/stm32cubeide_1.9.0/stm32cubeide/plugins/com.st.stm32cube.ide.mcu.externaltools.gnu-tools-for-stm32.10.3-2021.10.win32_1.0.0.202111181127/tools/bin/../lib/gcc/arm-none-eabi/10.3.1/thumb/v7e-m+fp/hard/crtend.o
LOAD d:/st/stm32cubeide_1.9.0/stm32cubeide/plugins/com.st.stm32cube.ide.mcu.externaltools.gnu-tools-for-stm32.10.3-2021.10.win32_1.0.0.202111181127/tools/bin/../lib/gcc/arm-none-eabi/10.3.1/thumb/v7e-m+fp/hard/crtn.o
                0x0000000020030000                _estack = (ORIGIN (RAM) + LENGTH (RAM))
                0x0000000000000200                _Min_Heap_Size = 0x200
                0x0000000000000400                _Min_Stack_Size = 0x400

.isr_vector     0x0000000008000000      0x1ac
                0x0000000008000000                . = ALIGN (0x4)
 *(.isr_vector)
 .isr_vector    0x0000000008000000      0x1ac ./Core/Startup/startup_stm32f429zitx.o
                0x0000000008000000                g_pfnVectors
                0x00000000080001ac                . = ALIGN (0x4)

.text           0x00000000080001b0     0x6130
                0x00000000080001b0                . = ALIGN (0x4)
 *(.text)
 .text          0x00000000080001b0       0x40 d:/st/stm32cubeide_1.9.0/stm32cubeide/plugins/com.st.stm32cube.ide.mcu.externaltools.gnu-tools-for-stm32.10.3-2021.10.win32_1.0.0.202111181127/tools/bin/../lib/gcc/arm-none-eabi/10.3.1/thumb/v7e-m+fp/hard/crtbegin.o
 .text          0x00000000080001f0       0x94 ./ThirdParty/SEGGER/SEGGER/SEGGER_RTT_ASM_ARMv7M.o
                0x00000000080001f0                SEGGER_RTT_ASM_WriteSkipNoLock
 .text          0x0000000008000284       0x30 d:/st/stm32cubeide_1.9.0/stm32cubeide/plugins/com.st.stm32cube.ide.mcu.externaltools.gnu-tools-for-stm32.10.3-2021.10.win32_1.0.0.202111181127/tools/bin/../lib/gcc/arm-none-eabi/10.3.1/thumb/v7e-m+fp/hard\libgcc.a(_aeabi_uldivmod.o)
                0x0000000008000284                __aeabi_uldivmod
 .text          0x00000000080002b4      0x2d0 d:/st/stm32cubeide_1.9.0/stm32cubeide/plugins/com.st.stm32cube.ide.mcu.externaltools.gnu-tools-for-stm32.10.3-2021.10.win32_1.0.0.202111181127/tools/bin/../lib/gcc/arm-none-eabi/10.3.1/thumb/v7e-m+fp/hard\libgcc.a(_udivmoddi4.o)
                0x00000000080002b4                __udivmoddi4
 .text          0x0000000008000584        0x4 d:/st/stm32cubeide_1.9.0/stm32cubeide/plugins/com.st.stm32cube.ide.mcu.externaltools.gnu-tools-for-stm32.10.3-2021.10.win32_1.0.0.202111181127/tools/bin/../lib/gcc/arm-none-eabi/10.3.1/thumb/v7e-m+fp/hard\libgcc.a(_dvmd_tls.o)
                0x0000000008000584                __aeabi_idiv0
                0x0000000008000584                __aeabi_ldiv0
 *(.text*)
 .text.main     0x0000000008000588       0xbc ./Core/Src/main.o
                0x0000000008000588                main
 .text.SystemClock_Config
                0x0000000008000644       0xd8 ./Core/Src/main.o
                0x0000000008000644                SystemClock_Config
 .text.MX_GPIO_Init
                0x000000000800071c      0x4bc ./Core/Src/main.o
 .text.Task1_Handler
                0x0000000008000bd8       0x28 ./Core/Src/main.o
 .text.Task2_Handler
                0x0000000008000c00       0x28 ./Core/Src/main.o
 .text.HAL_TIM_PeriodElapsedCallback
                0x0000000008000c28       0x24 ./Core/Src/main.o
                0x0000000008000c28                HAL_TIM_PeriodElapsedCallback
 .text.Error_Handler
                0x0000000008000c4c        0xa ./Core/Src/main.o
                0x0000000008000c4c                Error_Handler
 *fill*         0x0000000008000c56        0x2 
 .text.HAL_MspInit
                0x0000000008000c58       0x50 ./Core/Src/stm32f4xx_hal_msp.o
                0x0000000008000c58                HAL_MspInit
 .text.HAL_InitTick
                0x0000000008000ca8       0xf8 ./Core/Src/stm32f4xx_hal_timebase_tim.o
                0x0000000008000ca8                HAL_InitTick
 .text.NMI_Handler
                0x0000000008000da0        0x6 ./Core/Src/stm32f4xx_it.o
                0x0000000008000da0                NMI_Handler
 .text.HardFault_Handler
                0x0000000008000da6        0x6 ./Core/Src/stm32f4xx_it.o
                0x0000000008000da6                HardFault_Handler
 .text.MemManage_Handler
                0x0000000008000dac        0x6 ./Core/Src/stm32f4xx_it.o
                0x0000000008000dac                MemManage_Handler
 .text.BusFault_Handler
                0x0000000008000db2        0x6 ./Core/Src/stm32f4xx_it.o
                0x0000000008000db2                BusFault_Handler
 .text.UsageFault_Handler
                0x0000000008000db8        0x6 ./Core/Src/stm32f4xx_it.o
                0x0000000008000db8                UsageFault_Handler
 .text.DebugMon_Handler
                0x0000000008000dbe        0xe ./Core/Src/stm32f4xx_it.o
                0x0000000008000dbe                DebugMon_Handler
 .text.TIM6_DAC_IRQHandler
                0x0000000008000dcc       0x14 ./Core/Src/stm32f4xx_it.o
                0x0000000008000dcc                TIM6_DAC_IRQHandler
 .text.SystemInit
                0x0000000008000de0       0x24 ./Core/Src/system_stm32f4xx.o
                0x0000000008000de0                SystemInit
 .text.Reset_Handler
                0x0000000008000e04       0x50 ./Core/Startup/startup_stm32f429zitx.o
                0x0000000008000e04                Reset_Handler
 .text.Default_Handler
                0x0000000008000e54        0x2 ./Core/Startup/startup_stm32f429zitx.o
                0x0000000008000e54                RTC_Alarm_IRQHandler
                0x0000000008000e54                HASH_RNG_IRQHandler
                0x0000000008000e54                EXTI2_IRQHandler
                0x0000000008000e54                TIM8_CC_IRQHandler
                0x0000000008000e54                UART8_IRQHandler
                0x0000000008000e54                SPI4_IRQHandler
                0x0000000008000e54                TIM1_CC_IRQHandler
                0x0000000008000e54                DMA2_Stream5_IRQHandler
                0x0000000008000e54                DMA1_Stream5_IRQHandler
                0x0000000008000e54                PVD_IRQHandler
                0x0000000008000e54                SDIO_IRQHandler
                0x0000000008000e54                TAMP_STAMP_IRQHandler
                0x0000000008000e54                CAN2_RX1_IRQHandler
                0x0000000008000e54                EXTI3_IRQHandler
                0x0000000008000e54                TIM8_TRG_COM_TIM14_IRQHandler
                0x0000000008000e54                TIM1_UP_TIM10_IRQHandler
                0x0000000008000e54                TIM8_UP_TIM13_IRQHandler
                0x0000000008000e54                I2C3_ER_IRQHandler
                0x0000000008000e54                EXTI0_IRQHandler
                0x0000000008000e54                I2C2_EV_IRQHandler
                0x0000000008000e54                DMA1_Stream2_IRQHandler
                0x0000000008000e54                CAN1_RX0_IRQHandler
                0x0000000008000e54                FPU_IRQHandler
                0x0000000008000e54                OTG_HS_WKUP_IRQHandler
                0x0000000008000e54                LTDC_ER_IRQHandler
                0x0000000008000e54                CAN2_SCE_IRQHandler
                0x0000000008000e54                DMA2_Stream2_IRQHandler
                0x0000000008000e54                SPI1_IRQHandler
                0x0000000008000e54                TIM1_BRK_TIM9_IRQHandler
                0x0000000008000e54                DCMI_IRQHandler
                0x0000000008000e54                CAN2_RX0_IRQHandler
                0x0000000008000e54                DMA2_Stream3_IRQHandler
                0x0000000008000e54                USART6_IRQHandler
                0x0000000008000e54                USART3_IRQHandler
                0x0000000008000e54                CAN1_RX1_IRQHandler
                0x0000000008000e54                UART5_IRQHandler
                0x0000000008000e54                DMA2_Stream0_IRQHandler
                0x0000000008000e54                TIM4_IRQHandler
                0x0000000008000e54                I2C1_EV_IRQHandler
                0x0000000008000e54                DMA1_Stream6_IRQHandler
                0x0000000008000e54                DMA1_Stream1_IRQHandler
                0x0000000008000e54                UART4_IRQHandler
                0x0000000008000e54                TIM3_IRQHandler
                0x0000000008000e54                RCC_IRQHandler
                0x0000000008000e54                TIM8_BRK_TIM12_IRQHandler
                0x0000000008000e54                Default_Handler
                0x0000000008000e54                EXTI15_10_IRQHandler
                0x0000000008000e54                ADC_IRQHandler
                0x0000000008000e54                DMA1_Stream7_IRQHandler
                0x0000000008000e54                SPI5_IRQHandler
                0x0000000008000e54                TIM7_IRQHandler
                0x0000000008000e54                CAN2_TX_IRQHandler
                0x0000000008000e54                TIM5_IRQHandler
                0x0000000008000e54                DMA2_Stream7_IRQHandler
                0x0000000008000e54                I2C3_EV_IRQHandler
                0x0000000008000e54                EXTI9_5_IRQHandler
                0x0000000008000e54                RTC_WKUP_IRQHandler
                0x0000000008000e54                LTDC_IRQHandler
                0x0000000008000e54                ETH_WKUP_IRQHandler
                0x0000000008000e54                SPI2_IRQHandler
                0x0000000008000e54                OTG_HS_EP1_IN_IRQHandler
                0x0000000008000e54                DMA1_Stream0_IRQHandler
                0x0000000008000e54                CAN1_TX_IRQHandler
                0x0000000008000e54                EXTI4_IRQHandler
                0x0000000008000e54                ETH_IRQHandler
                0x0000000008000e54                OTG_HS_EP1_OUT_IRQHandler
                0x0000000008000e54                WWDG_IRQHandler
                0x0000000008000e54                SPI6_IRQHandler
                0x0000000008000e54                TIM2_IRQHandler
                0x0000000008000e54                OTG_FS_WKUP_IRQHandler
                0x0000000008000e54                TIM1_TRG_COM_TIM11_IRQHandler
                0x0000000008000e54                OTG_HS_IRQHandler
                0x0000000008000e54                DMA2D_IRQHandler
                0x0000000008000e54                EXTI1_IRQHandler
                0x0000000008000e54                UART7_IRQHandler
                0x0000000008000e54                USART2_IRQHandler
                0x0000000008000e54                I2C2_ER_IRQHandler
                0x0000000008000e54                DMA2_Stream1_IRQHandler
                0x0000000008000e54                CAN1_SCE_IRQHandler
                0x0000000008000e54                FLASH_IRQHandler
                0x0000000008000e54                DMA2_Stream4_IRQHandler
                0x0000000008000e54                USART1_IRQHandler
                0x0000000008000e54                OTG_FS_IRQHandler
                0x0000000008000e54                SPI3_IRQHandler
                0x0000000008000e54                DMA1_Stream4_IRQHandler
                0x0000000008000e54                I2C1_ER_IRQHandler
                0x0000000008000e54                FMC_IRQHandler
                0x0000000008000e54                DMA2_Stream6_IRQHandler
                0x0000000008000e54                SAI1_IRQHandler
                0x0000000008000e54                DMA1_Stream3_IRQHandler
 *fill*         0x0000000008000e56        0x2 
 .text.HAL_Init
                0x0000000008000e58       0x44 ./Drivers/STM32F4xx_HAL_Driver/Src/stm32f4xx_hal.o
                0x0000000008000e58                HAL_Init
 .text.HAL_IncTick
                0x0000000008000e9c       0x28 ./Drivers/STM32F4xx_HAL_Driver/Src/stm32f4xx_hal.o
                0x0000000008000e9c                HAL_IncTick
 .text.HAL_GetTick
                0x0000000008000ec4       0x18 ./Drivers/STM32F4xx_HAL_Driver/Src/stm32f4xx_hal.o
                0x0000000008000ec4                HAL_GetTick
 .text.__NVIC_SetPriorityGrouping
                0x0000000008000edc       0x48 ./Drivers/STM32F4xx_HAL_Driver/Src/stm32f4xx_hal_cortex.o
 .text.__NVIC_GetPriorityGrouping
                0x0000000008000f24       0x1c ./Drivers/STM32F4xx_HAL_Driver/Src/stm32f4xx_hal_cortex.o
 .text.__NVIC_EnableIRQ
                0x0000000008000f40       0x3c ./Drivers/STM32F4xx_HAL_Driver/Src/stm32f4xx_hal_cortex.o
 .text.__NVIC_SetPriority
                0x0000000008000f7c       0x54 ./Drivers/STM32F4xx_HAL_Driver/Src/stm32f4xx_hal_cortex.o
 .text.NVIC_EncodePriority
                0x0000000008000fd0       0x66 ./Drivers/STM32F4xx_HAL_Driver/Src/stm32f4xx_hal_cortex.o
 .text.HAL_NVIC_SetPriorityGrouping
                0x0000000008001036       0x16 ./Drivers/STM32F4xx_HAL_Driver/Src/stm32f4xx_hal_cortex.o
                0x0000000008001036                HAL_NVIC_SetPriorityGrouping
 .text.HAL_NVIC_SetPriority
                0x000000000800104c       0x38 ./Drivers/STM32F4xx_HAL_Driver/Src/stm32f4xx_hal_cortex.o
                0x000000000800104c                HAL_NVIC_SetPriority
 .text.HAL_NVIC_EnableIRQ
                0x0000000008001084       0x1c ./Drivers/STM32F4xx_HAL_Driver/Src/stm32f4xx_hal_cortex.o
                0x0000000008001084                HAL_NVIC_EnableIRQ
 .text.HAL_GPIO_Init
                0x00000000080010a0      0x358 ./Drivers/STM32F4xx_HAL_Driver/Src/stm32f4xx_hal_gpio.o
                0x00000000080010a0                HAL_GPIO_Init
 .text.HAL_GPIO_WritePin
                0x00000000080013f8       0x32 ./Drivers/STM32F4xx_HAL_Driver/Src/stm32f4xx_hal_gpio.o
                0x00000000080013f8                HAL_GPIO_WritePin
 *fill*         0x000000000800142a        0x2 
 .text.HAL_RCC_OscConfig
                0x000000000800142c      0x4f0 ./Drivers/STM32F4xx_HAL_Driver/Src/stm32f4xx_hal_rcc.o
                0x000000000800142c                HAL_RCC_OscConfig
 .text.HAL_RCC_ClockConfig
                0x000000000800191c      0x1cc ./Drivers/STM32F4xx_HAL_Driver/Src/stm32f4xx_hal_rcc.o
                0x000000000800191c                HAL_RCC_ClockConfig
 .text.HAL_RCC_GetSysClockFreq
                0x0000000008001ae8      0x20c ./Drivers/STM32F4xx_HAL_Driver/Src/stm32f4xx_hal_rcc.o
                0x0000000008001ae8                HAL_RCC_GetSysClockFreq
 .text.HAL_RCC_GetHCLKFreq
                0x0000000008001cf4       0x18 ./Drivers/STM32F4xx_HAL_Driver/Src/stm32f4xx_hal_rcc.o
                0x0000000008001cf4                HAL_RCC_GetHCLKFreq
 .text.HAL_RCC_GetPCLK1Freq
                0x0000000008001d0c       0x28 ./Drivers/STM32F4xx_HAL_Driver/Src/stm32f4xx_hal_rcc.o
                0x0000000008001d0c                HAL_RCC_GetPCLK1Freq
 .text.HAL_RCC_GetClockConfig
                0x0000000008001d34       0x64 ./Drivers/STM32F4xx_HAL_Driver/Src/stm32f4xx_hal_rcc.o
                0x0000000008001d34                HAL_RCC_GetClockConfig
 .text.HAL_TIM_Base_Init
                0x0000000008001d98       0x9e ./Drivers/STM32F4xx_HAL_Driver/Src/stm32f4xx_hal_tim.o
                0x0000000008001d98                HAL_TIM_Base_Init
 .text.HAL_TIM_Base_MspInit
                0x0000000008001e36       0x14 ./Drivers/STM32F4xx_HAL_Driver/Src/stm32f4xx_hal_tim.o
                0x0000000008001e36                HAL_TIM_Base_MspInit
 *fill*         0x0000000008001e4a        0x2 
 .text.HAL_TIM_Base_Start_IT
                0x0000000008001e4c       0xe0 ./Drivers/STM32F4xx_HAL_Driver/Src/stm32f4xx_hal_tim.o
                0x0000000008001e4c                HAL_TIM_Base_Start_IT
 .text.HAL_TIM_IRQHandler
                0x0000000008001f2c      0x210 ./Drivers/STM32F4xx_HAL_Driver/Src/stm32f4xx_hal_tim.o
                0x0000000008001f2c                HAL_TIM_IRQHandler
 .text.HAL_TIM_OC_DelayElapsedCallback
                0x000000000800213c       0x14 ./Drivers/STM32F4xx_HAL_Driver/Src/stm32f4xx_hal_tim.o
                0x000000000800213c                HAL_TIM_OC_DelayElapsedCallback
 .text.HAL_TIM_IC_CaptureCallback
                0x0000000008002150       0x14 ./Drivers/STM32F4xx_HAL_Driver/Src/stm32f4xx_hal_tim.o
                0x0000000008002150                HAL_TIM_IC_CaptureCallback
 .text.HAL_TIM_PWM_PulseFinishedCallback
                0x0000000008002164       0x14 ./Drivers/STM32F4xx_HAL_Driver/Src/stm32f4xx_hal_tim.o
                0x0000000008002164                HAL_TIM_PWM_PulseFinishedCallback
 .text.HAL_TIM_TriggerCallback
                0x0000000008002178       0x14 ./Drivers/STM32F4xx_HAL_Driver/Src/stm32f4xx_hal_tim.o
                0x0000000008002178                HAL_TIM_TriggerCallback
 .text.TIM_Base_SetConfig
                0x000000000800218c      0x140 ./Drivers/STM32F4xx_HAL_Driver/Src/stm32f4xx_hal_tim.o
                0x000000000800218c                TIM_Base_SetConfig
 .text.HAL_TIMEx_CommutCallback
                0x00000000080022cc       0x14 ./Drivers/STM32F4xx_HAL_Driver/Src/stm32f4xx_hal_tim_ex.o
                0x00000000080022cc                HAL_TIMEx_CommutCallback
 .text.HAL_TIMEx_BreakCallback
                0x00000000080022e0       0x14 ./Drivers/STM32F4xx_HAL_Driver/Src/stm32f4xx_hal_tim_ex.o
                0x00000000080022e0                HAL_TIMEx_BreakCallback
 .text.pvPortMalloc
                0x00000000080022f4      0x174 ./ThirdParty/FreeRTOS/MemMang/heap_4.o
                0x00000000080022f4                pvPortMalloc
 .text.vPortFree
                0x0000000008002468       0xb8 ./ThirdParty/FreeRTOS/MemMang/heap_4.o
                0x0000000008002468                vPortFree
 .text.prvHeapInit
                0x0000000008002520       0xb8 ./ThirdParty/FreeRTOS/MemMang/heap_4.o
 .text.prvInsertBlockIntoFreeList
                0x00000000080025d8       0xb4 ./ThirdParty/FreeRTOS/MemMang/heap_4.o
 .text.vListInitialise
                0x000000000800268c       0x40 ./ThirdParty/FreeRTOS/list.o
                0x000000000800268c                vListInitialise
 .text.vListInitialiseItem
                0x00000000080026cc       0x1a ./ThirdParty/FreeRTOS/list.o
                0x00000000080026cc                vListInitialiseItem
 .text.vListInsert
                0x00000000080026e6       0x72 ./ThirdParty/FreeRTOS/list.o
                0x00000000080026e6                vListInsert
 .text.uxListRemove
                0x0000000008002758       0x54 ./ThirdParty/FreeRTOS/list.o
                0x0000000008002758                uxListRemove
 .text.xQueueGenericReset
                0x00000000080027ac      0x120 ./ThirdParty/FreeRTOS/queue.o
                0x00000000080027ac                xQueueGenericReset
 .text.xQueueGenericCreate
                0x00000000080028cc       0x9c ./ThirdParty/FreeRTOS/queue.o
                0x00000000080028cc                xQueueGenericCreate
 .text.prvInitialiseNewQueue
                0x0000000008002968       0x52 ./ThirdParty/FreeRTOS/queue.o
 *fill*         0x00000000080029ba        0x2 
 .text.xQueueReceive
                0x00000000080029bc      0x220 ./ThirdParty/FreeRTOS/queue.o
                0x00000000080029bc                xQueueReceive
 .text.prvCopyDataFromQueue
                0x0000000008002bdc       0x4c ./ThirdParty/FreeRTOS/queue.o
 .text.prvUnlockQueue
                0x0000000008002c28       0xa4 ./ThirdParty/FreeRTOS/queue.o
 .text.prvIsQueueEmpty
                0x0000000008002ccc       0x2c ./ThirdParty/FreeRTOS/queue.o
 .text.vQueueAddToRegistry
                0x0000000008002cf8       0xac ./ThirdParty/FreeRTOS/queue.o
                0x0000000008002cf8                vQueueAddToRegistry
 .text.vQueueWaitForMessageRestricted
                0x0000000008002da4       0x68 ./ThirdParty/FreeRTOS/queue.o
                0x0000000008002da4                vQueueWaitForMessageRestricted
 .text.xTaskCreate
                0x0000000008002e0c       0x8c ./ThirdParty/FreeRTOS/tasks.o
                0x0000000008002e0c                xTaskCreate
 .text.prvInitialiseNewTask
                0x0000000008002e98      0x11c ./ThirdParty/FreeRTOS/tasks.o
 .text.prvAddNewTaskToReadyList
                0x0000000008002fb4      0x168 ./ThirdParty/FreeRTOS/tasks.o
 .text.vTaskStartScheduler
                0x000000000800311c       0xc4 ./ThirdParty/FreeRTOS/tasks.o
                0x000000000800311c                vTaskStartScheduler
 .text.vTaskSuspendAll
                0x00000000080031e0       0x1c ./ThirdParty/FreeRTOS/tasks.o
                0x00000000080031e0                vTaskSuspendAll
 .text.xTaskResumeAll
                0x00000000080031fc      0x200 ./ThirdParty/FreeRTOS/tasks.o
                0x00000000080031fc                xTaskResumeAll
 .text.xTaskGetTickCount
                0x00000000080033fc       0x20 ./ThirdParty/FreeRTOS/tasks.o
                0x00000000080033fc                xTaskGetTickCount
 .text.xTaskGetTickCountFromISR
                0x000000000800341c       0x24 ./ThirdParty/FreeRTOS/tasks.o
                0x000000000800341c                xTaskGetTickCountFromISR
 .text.xTaskIncrementTick
                0x0000000008003440      0x234 ./ThirdParty/FreeRTOS/tasks.o
                0x0000000008003440                xTaskIncrementTick
 .text.vTaskSwitchContext
                0x0000000008003674       0xd4 ./ThirdParty/FreeRTOS/tasks.o
                0x0000000008003674                vTaskSwitchContext
 .text.vTaskPlaceOnEventList
                0x0000000008003748       0x48 ./ThirdParty/FreeRTOS/tasks.o
                0x0000000008003748                vTaskPlaceOnEventList
 .text.vTaskPlaceOnEventListRestricted
                0x0000000008003790       0x90 ./ThirdParty/FreeRTOS/tasks.o
                0x0000000008003790                vTaskPlaceOnEventListRestricted
 .text.xTaskRemoveFromEventList
                0x0000000008003820      0x1b0 ./ThirdParty/FreeRTOS/tasks.o
                0x0000000008003820                xTaskRemoveFromEventList
 .text.vTaskInternalSetTimeOutState
                0x00000000080039d0       0x2c ./ThirdParty/FreeRTOS/tasks.o
                0x00000000080039d0                vTaskInternalSetTimeOutState
 .text.xTaskCheckForTimeOut
                0x00000000080039fc       0xcc ./ThirdParty/FreeRTOS/tasks.o
                0x00000000080039fc                xTaskCheckForTimeOut
 .text.vTaskMissedYield
                0x0000000008003ac8       0x18 ./ThirdParty/FreeRTOS/tasks.o
                0x0000000008003ac8                vTaskMissedYield
 .text.prvIdleTask
                0x0000000008003ae0       0x30 ./ThirdParty/FreeRTOS/tasks.o
 .text.prvInitialiseTaskLists
                0x0000000008003b10       0x80 ./ThirdParty/FreeRTOS/tasks.o
 .text.prvCheckTasksWaitingTermination
                0x0000000008003b90       0x5c ./ThirdParty/FreeRTOS/tasks.o
 .text.prvDeleteTCB
                0x0000000008003bec       0x20 ./ThirdParty/FreeRTOS/tasks.o
 .text.prvResetNextTaskUnblockTime
                0x0000000008003c0c       0x38 ./ThirdParty/FreeRTOS/tasks.o
 .text.xTaskGetSchedulerState
                0x0000000008003c44       0x3c ./ThirdParty/FreeRTOS/tasks.o
                0x0000000008003c44                xTaskGetSchedulerState
 .text.prvAddCurrentTaskToDelayedList
                0x0000000008003c80      0x100 ./ThirdParty/FreeRTOS/tasks.o
 .text.xTimerCreateTimerTask
                0x0000000008003d80       0x64 ./ThirdParty/FreeRTOS/timers.o
                0x0000000008003d80                xTimerCreateTimerTask
 .text.prvReloadTimer
                0x0000000008003de4       0x42 ./ThirdParty/FreeRTOS/timers.o
 *fill*         0x0000000008003e26        0x2 
 .text.prvProcessExpiredTimer
                0x0000000008003e28       0x60 ./ThirdParty/FreeRTOS/timers.o
 .text.prvTimerTask
                0x0000000008003e88       0x24 ./ThirdParty/FreeRTOS/timers.o
 .text.prvProcessTimerOrBlockTask
                0x0000000008003eac       0x9c ./ThirdParty/FreeRTOS/timers.o
 .text.prvGetNextExpireTime
                0x0000000008003f48       0x48 ./ThirdParty/FreeRTOS/timers.o
 .text.prvSampleTimeNow
                0x0000000008003f90       0x40 ./ThirdParty/FreeRTOS/timers.o
 .text.prvInsertTimerInActiveList
                0x0000000008003fd0       0x84 ./ThirdParty/FreeRTOS/timers.o
 .text.prvProcessReceivedCommands
                0x0000000008004054      0x17c ./ThirdParty/FreeRTOS/timers.o
 .text.prvSwitchTimerLists
                0x00000000080041d0       0x4c ./ThirdParty/FreeRTOS/timers.o
 .text.prvCheckForValidListAndQueue
                0x000000000800421c       0x6c ./ThirdParty/FreeRTOS/timers.o
 .text.pxPortInitialiseStack
                0x0000000008004288       0x68 ./ThirdParty/FreeRTOS/portable/GCC/ARM_CM4F/port.o
                0x0000000008004288                pxPortInitialiseStack
 .text.prvTaskExitError
                0x00000000080042f0       0x58 ./ThirdParty/FreeRTOS/portable/GCC/ARM_CM4F/port.o
 *fill*         0x0000000008004348        0x8 
 .text.SVC_Handler
                0x0000000008004350       0x28 ./ThirdParty/FreeRTOS/portable/GCC/ARM_CM4F/port.o
                0x0000000008004350                SVC_Handler
 .text.prvPortStartFirstTask
                0x0000000008004378       0x2c ./ThirdParty/FreeRTOS/portable/GCC/ARM_CM4F/port.o
 .text.xPortStartScheduler
                0x00000000080043a4      0x144 ./ThirdParty/FreeRTOS/portable/GCC/ARM_CM4F/port.o
                0x00000000080043a4                xPortStartScheduler
 .text.vInitPrioGroupValue
                0x00000000080044e8       0xfc ./ThirdParty/FreeRTOS/portable/GCC/ARM_CM4F/port.o
                0x00000000080044e8                vInitPrioGroupValue
 .text.vPortEnterCritical
                0x00000000080045e4       0x60 ./ThirdParty/FreeRTOS/portable/GCC/ARM_CM4F/port.o
                0x00000000080045e4                vPortEnterCritical
 .text.vPortExitCritical
                0x0000000008004644       0x54 ./ThirdParty/FreeRTOS/portable/GCC/ARM_CM4F/port.o
                0x0000000008004644                vPortExitCritical
 *fill*         0x0000000008004698        0x8 
 .text.PendSV_Handler
                0x00000000080046a0       0x68 ./ThirdParty/FreeRTOS/portable/GCC/ARM_CM4F/port.o
                0x00000000080046a0                PendSV_Handler
 .text.SysTick_Handler
                0x0000000008004708       0x54 ./ThirdParty/FreeRTOS/portable/GCC/ARM_CM4F/port.o
                0x0000000008004708                SysTick_Handler
 .text.vPortSetupTimerInterrupt
                0x000000000800475c       0x48 ./ThirdParty/FreeRTOS/portable/GCC/ARM_CM4F/port.o
                0x000000000800475c                vPortSetupTimerInterrupt
 .text.vPortEnableVFP
                0x00000000080047a4       0x18 ./ThirdParty/FreeRTOS/portable/GCC/ARM_CM4F/port.o
 .text.vPortValidateInterruptPriority
                0x00000000080047bc       0x80 ./ThirdParty/FreeRTOS/portable/GCC/ARM_CM4F/port.o
                0x00000000080047bc                vPortValidateInterruptPriority
 .text._cbSendSystemDesc
                0x000000000800483c       0x1c ./ThirdParty/SEGGER/Config/SEGGER_SYSVIEW_Config_FreeRTOS.o
 .text.SEGGER_SYSVIEW_Conf
                0x0000000008004858       0x2c ./ThirdParty/SEGGER/Config/SEGGER_SYSVIEW_Config_FreeRTOS.o
                0x0000000008004858                SEGGER_SYSVIEW_Conf
 .text._cbSendTaskList
                0x0000000008004884       0x90 ./ThirdParty/SEGGER/OS/SEGGER_SYSVIEW_FreeRTOS.o
 .text._cbGetTime
                0x0000000008004914       0x86 ./ThirdParty/SEGGER/OS/SEGGER_SYSVIEW_FreeRTOS.o
 *fill*         0x000000000800499a        0x2 
 .text.SYSVIEW_AddTask
                0x000000000800499c       0xd0 ./ThirdParty/SEGGER/OS/SEGGER_SYSVIEW_FreeRTOS.o
                0x000000000800499c                SYSVIEW_AddTask
 .text.SYSVIEW_SendTaskInfo
                0x0000000008004a6c       0x42 ./ThirdParty/SEGGER/OS/SEGGER_SYSVIEW_FreeRTOS.o
                0x0000000008004a6c                SYSVIEW_SendTaskInfo
 *fill*         0x0000000008004aae        0x2 
 .text._DoInit  0x0000000008004ab0       0xb4 ./ThirdParty/SEGGER/SEGGER/SEGGER_RTT.o
 .text.SEGGER_RTT_ReadNoLock
                0x0000000008004b64      0x10c ./ThirdParty/SEGGER/SEGGER/SEGGER_RTT.o
                0x0000000008004b64                SEGGER_RTT_ReadNoLock
 .text.SEGGER_RTT_AllocUpBuffer
                0x0000000008004c70      0x108 ./ThirdParty/SEGGER/SEGGER/SEGGER_RTT.o
                0x0000000008004c70                SEGGER_RTT_AllocUpBuffer
 .text.SEGGER_RTT_ConfigDownBuffer
                0x0000000008004d78       0x98 ./ThirdParty/SEGGER/SEGGER/SEGGER_RTT.o
                0x0000000008004d78                SEGGER_RTT_ConfigDownBuffer
 .text._EncodeStr
                0x0000000008004e10       0x60 ./ThirdParty/SEGGER/SEGGER/SEGGER_SYSVIEW.o
 .text._PreparePacket
                0x0000000008004e70       0x18 ./ThirdParty/SEGGER/SEGGER/SEGGER_SYSVIEW.o
 .text._HandleIncomingPacket
                0x0000000008004e88       0xe0 ./ThirdParty/SEGGER/SEGGER/SEGGER_SYSVIEW.o
 .text._TrySendOverflowPacket
                0x0000000008004f68       0xe4 ./ThirdParty/SEGGER/SEGGER/SEGGER_SYSVIEW.o
 .text._SendPacket
                0x000000000800504c      0x2dc ./ThirdParty/SEGGER/SEGGER/SEGGER_SYSVIEW.o
 .text.SEGGER_SYSVIEW_Init
                0x0000000008005328       0x88 ./ThirdParty/SEGGER/SEGGER/SEGGER_SYSVIEW.o
                0x0000000008005328                SEGGER_SYSVIEW_Init
 .text.SEGGER_SYSVIEW_SetRAMBase
                0x00000000080053b0       0x20 ./ThirdParty/SEGGER/SEGGER/SEGGER_SYSVIEW.o
                0x00000000080053b0                SEGGER_SYSVIEW_SetRAMBase
 .text.SEGGER_SYSVIEW_RecordVoid
                0x00000000080053d0       0x3c ./ThirdParty/SEGGER/SEGGER/SEGGER_SYSVIEW.o
                0x00000000080053d0                SEGGER_SYSVIEW_RecordVoid
 .text.SEGGER_SYSVIEW_RecordU32
                0x000000000800540c       0x78 ./ThirdParty/SEGGER/SEGGER/SEGGER_SYSVIEW.o
                0x000000000800540c                SEGGER_SYSVIEW_RecordU32
 .text.SEGGER_SYSVIEW_RecordU32x2
                0x0000000008005484       0xb4 ./ThirdParty/SEGGER/SEGGER/SEGGER_SYSVIEW.o
                0x0000000008005484                SEGGER_SYSVIEW_RecordU32x2
 .text.SEGGER_SYSVIEW_RecordU32x3
                0x0000000008005538       0xec ./ThirdParty/SEGGER/SEGGER/SEGGER_SYSVIEW.o
                0x0000000008005538                SEGGER_SYSVIEW_RecordU32x3
 .text.SEGGER_SYSVIEW_RecordU32x4
                0x0000000008005624      0x124 ./ThirdParty/SEGGER/SEGGER/SEGGER_SYSVIEW.o
                0x0000000008005624                SEGGER_SYSVIEW_RecordU32x4
 .text.SEGGER_SYSVIEW_Start
                0x0000000008005748      0x174 ./ThirdParty/SEGGER/SEGGER/SEGGER_SYSVIEW.o
                0x0000000008005748                SEGGER_SYSVIEW_Start
 .text.SEGGER_SYSVIEW_Stop
                0x00000000080058bc       0x4c ./ThirdParty/SEGGER/SEGGER/SEGGER_SYSVIEW.o
                0x00000000080058bc                SEGGER_SYSVIEW_Stop
 .text.SEGGER_SYSVIEW_GetSysDesc
                0x0000000008005908      0x134 ./ThirdParty/SEGGER/SEGGER/SEGGER_SYSVIEW.o
                0x0000000008005908                SEGGER_SYSVIEW_GetSysDesc
 .text.SEGGER_SYSVIEW_SendTaskInfo
                0x0000000008005a3c      0x1c8 ./ThirdParty/SEGGER/SEGGER/SEGGER_SYSVIEW.o
                0x0000000008005a3c                SEGGER_SYSVIEW_SendTaskInfo
 .text.SEGGER_SYSVIEW_SendTaskList
                0x0000000008005c04       0x28 ./ThirdParty/SEGGER/SEGGER/SEGGER_SYSVIEW.o
                0x0000000008005c04                SEGGER_SYSVIEW_SendTaskList
 .text.SEGGER_SYSVIEW_SendSysDesc
                0x0000000008005c2c       0x48 ./ThirdParty/SEGGER/SEGGER/SEGGER_SYSVIEW.o
                0x0000000008005c2c                SEGGER_SYSVIEW_SendSysDesc
 .text.SEGGER_SYSVIEW_RecordSystime
                0x0000000008005c74       0x64 ./ThirdParty/SEGGER/SEGGER/SEGGER_SYSVIEW.o
                0x0000000008005c74                SEGGER_SYSVIEW_RecordSystime
 .text.SEGGER_SYSVIEW_RecordEnterISR
                0x0000000008005cd8       0x84 ./ThirdParty/SEGGER/SEGGER/SEGGER_SYSVIEW.o
                0x0000000008005cd8                SEGGER_SYSVIEW_RecordEnterISR
 .text.SEGGER_SYSVIEW_RecordExitISR
                0x0000000008005d5c       0x38 ./ThirdParty/SEGGER/SEGGER/SEGGER_SYSVIEW.o
                0x0000000008005d5c                SEGGER_SYSVIEW_RecordExitISR
 .text.SEGGER_SYSVIEW_RecordExitISRToScheduler
                0x0000000008005d94       0x38 ./ThirdParty/SEGGER/SEGGER/SEGGER_SYSVIEW.o
                0x0000000008005d94                SEGGER_SYSVIEW_RecordExitISRToScheduler
 .text.SEGGER_SYSVIEW_OnIdle
                0x0000000008005dcc       0x38 ./ThirdParty/SEGGER/SEGGER/SEGGER_SYSVIEW.o
                0x0000000008005dcc                SEGGER_SYSVIEW_OnIdle
 .text.SEGGER_SYSVIEW_OnTaskCreate
                0x0000000008005e04       0x84 ./ThirdParty/SEGGER/SEGGER/SEGGER_SYSVIEW.o
                0x0000000008005e04                SEGGER_SYSVIEW_OnTaskCreate
 .text.SEGGER_SYSVIEW_OnTaskStartExec
                0x0000000008005e88       0x84 ./ThirdParty/SEGGER/SEGGER/SEGGER_SYSVIEW.o
                0x0000000008005e88                SEGGER_SYSVIEW_OnTaskStartExec
 .text.SEGGER_SYSVIEW_OnTaskStartReady
                0x0000000008005f0c       0x84 ./ThirdParty/SEGGER/SEGGER/SEGGER_SYSVIEW.o
                0x0000000008005f0c                SEGGER_SYSVIEW_OnTaskStartReady
 .text.SEGGER_SYSVIEW_ShrinkId
                0x0000000008005f90       0x20 ./ThirdParty/SEGGER/SEGGER/SEGGER_SYSVIEW.o
                0x0000000008005f90                SEGGER_SYSVIEW_ShrinkId
 .text.SEGGER_SYSVIEW_SendModule
                0x0000000008005fb0      0x114 ./ThirdParty/SEGGER/SEGGER/SEGGER_SYSVIEW.o
                0x0000000008005fb0                SEGGER_SYSVIEW_SendModule
 .text.SEGGER_SYSVIEW_SendModuleDescription
                0x00000000080060c4       0x3c ./ThirdParty/SEGGER/SEGGER/SEGGER_SYSVIEW.o
                0x00000000080060c4                SEGGER_SYSVIEW_SendModuleDescription
 .text.SEGGER_SYSVIEW_SendNumModules
                0x0000000008006100       0x7c ./ThirdParty/SEGGER/SEGGER/SEGGER_SYSVIEW.o
                0x0000000008006100                SEGGER_SYSVIEW_SendNumModules
 .text.SEGGER_SYSVIEW_Warn
                0x000000000800617c       0xb8 ./ThirdParty/SEGGER/SEGGER/SEGGER_SYSVIEW.o
                0x000000000800617c                SEGGER_SYSVIEW_Warn
 .text.__libc_init_array
                0x0000000008006234       0x48 d:/st/stm32cubeide_1.9.0/stm32cubeide/plugins/com.st.stm32cube.ide.mcu.externaltools.gnu-tools-for-stm32.10.3-2021.10.win32_1.0.0.202111181127/tools/bin/../lib/gcc/arm-none-eabi/10.3.1/../../../../arm-none-eabi/lib/thumb/v7e-m+fp/hard\libc_nano.a(lib_a-init.o)
                0x0000000008006234                __libc_init_array
 .text.memcmp   0x000000000800627c       0x20 d:/st/stm32cubeide_1.9.0/stm32cubeide/plugins/com.st.stm32cube.ide.mcu.externaltools.gnu-tools-for-stm32.10.3-2021.10.win32_1.0.0.202111181127/tools/bin/../lib/gcc/arm-none-eabi/10.3.1/../../../../arm-none-eabi/lib/thumb/v7e-m+fp/hard\libc_nano.a(lib_a-memcmp.o)
                0x000000000800627c                memcmp
 .text.memcpy   0x000000000800629c       0x1c d:/st/stm32cubeide_1.9.0/stm32cubeide/plugins/com.st.stm32cube.ide.mcu.externaltools.gnu-tools-for-stm32.10.3-2021.10.win32_1.0.0.202111181127/tools/bin/../lib/gcc/arm-none-eabi/10.3.1/../../../../arm-none-eabi/lib/thumb/v7e-m+fp/hard\libc_nano.a(lib_a-memcpy-stub.o)
                0x000000000800629c                memcpy
 .text.memset   0x00000000080062b8       0x10 d:/st/stm32cubeide_1.9.0/stm32cubeide/plugins/com.st.stm32cube.ide.mcu.externaltools.gnu-tools-for-stm32.10.3-2021.10.win32_1.0.0.202111181127/tools/bin/../lib/gcc/arm-none-eabi/10.3.1/../../../../arm-none-eabi/lib/thumb/v7e-m+fp/hard\libc_nano.a(lib_a-memset.o)
                0x00000000080062b8                memset
 *(.glue_7)
 .glue_7        0x00000000080062c8        0x0 linker stubs
 *(.glue_7t)
 .glue_7t       0x00000000080062c8        0x0 linker stubs
 *(.eh_frame)
 .eh_frame      0x00000000080062c8        0x0 d:/st/stm32cubeide_1.9.0/stm32cubeide/plugins/com.st.stm32cube.ide.mcu.externaltools.gnu-tools-for-stm32.10.3-2021.10.win32_1.0.0.202111181127/tools/bin/../lib/gcc/arm-none-eabi/10.3.1/thumb/v7e-m+fp/hard/crtbegin.o
 *(.init)
 .init          0x00000000080062c8        0x4 d:/st/stm32cubeide_1.9.0/stm32cubeide/plugins/com.st.stm32cube.ide.mcu.externaltools.gnu-tools-for-stm32.10.3-2021.10.win32_1.0.0.202111181127/tools/bin/../lib/gcc/arm-none-eabi/10.3.1/thumb/v7e-m+fp/hard/crti.o
                0x00000000080062c8                _init
 .init          0x00000000080062cc        0x8 d:/st/stm32cubeide_1.9.0/stm32cubeide/plugins/com.st.stm32cube.ide.mcu.externaltools.gnu-tools-for-stm32.10.3-2021.10.win32_1.0.0.202111181127/tools/bin/../lib/gcc/arm-none-eabi/10.3.1/thumb/v7e-m+fp/hard/crtn.o
 *(.fini)
 .fini          0x00000000080062d4        0x4 d:/st/stm32cubeide_1.9.0/stm32cubeide/plugins/com.st.stm32cube.ide.mcu.externaltools.gnu-tools-for-stm32.10.3-2021.10.win32_1.0.0.202111181127/tools/bin/../lib/gcc/arm-none-eabi/10.3.1/thumb/v7e-m+fp/hard/crti.o
                0x00000000080062d4                _fini
 .fini          0x00000000080062d8        0x8 d:/st/stm32cubeide_1.9.0/stm32cubeide/plugins/com.st.stm32cube.ide.mcu.externaltools.gnu-tools-for-stm32.10.3-2021.10.win32_1.0.0.202111181127/tools/bin/../lib/gcc/arm-none-eabi/10.3.1/thumb/v7e-m+fp/hard/crtn.o
                0x00000000080062e0                . = ALIGN (0x4)
                0x00000000080062e0                _etext = .

.vfp11_veneer   0x00000000080062e0        0x0
 .vfp11_veneer  0x00000000080062e0        0x0 linker stubs

.v4_bx          0x00000000080062e0        0x0
 .v4_bx         0x00000000080062e0        0x0 linker stubs

.iplt           0x00000000080062e0        0x0
 .iplt          0x00000000080062e0        0x0 d:/st/stm32cubeide_1.9.0/stm32cubeide/plugins/com.st.stm32cube.ide.mcu.externaltools.gnu-tools-for-stm32.10.3-2021.10.win32_1.0.0.202111181127/tools/bin/../lib/gcc/arm-none-eabi/10.3.1/thumb/v7e-m+fp/hard/crtbegin.o

.rodata         0x00000000080062e0      0x118
                0x00000000080062e0                . = ALIGN (0x4)
 *(.rodata)
 .rodata        0x00000000080062e0        0xf ./Core/Src/main.o
 *fill*         0x00000000080062ef        0x1 
 .rodata        0x00000000080062f0        0x5 ./ThirdParty/FreeRTOS/tasks.o
 *fill*         0x00000000080062f5        0x3 
 .rodata        0x00000000080062f8        0xd ./ThirdParty/FreeRTOS/timers.o
 *fill*         0x0000000008006305        0x3 
 .rodata        0x0000000008006308       0x39 ./ThirdParty/SEGGER/Config/SEGGER_SYSVIEW_Config_FreeRTOS.o
 *fill*         0x0000000008006341        0x3 
 .rodata        0x0000000008006344       0x58 ./ThirdParty/SEGGER/OS/SEGGER_SYSVIEW_FreeRTOS.o
 .rodata        0x000000000800639c        0x9 ./ThirdParty/SEGGER/SEGGER/SEGGER_RTT.o
 *fill*         0x00000000080063a5        0x3 
 .rodata        0x00000000080063a8       0x10 ./ThirdParty/SEGGER/SEGGER/SEGGER_SYSVIEW.o
 *(.rodata*)
 .rodata.AHBPrescTable
                0x00000000080063b8       0x10 ./Core/Src/system_stm32f4xx.o
                0x00000000080063b8                AHBPrescTable
 .rodata.APBPrescTable
                0x00000000080063c8        0x8 ./Core/Src/system_stm32f4xx.o
                0x00000000080063c8                APBPrescTable
 .rodata.SYSVIEW_X_OS_TraceAPI
                0x00000000080063d0        0x8 ./ThirdParty/SEGGER/OS/SEGGER_SYSVIEW_FreeRTOS.o
                0x00000000080063d0                SYSVIEW_X_OS_TraceAPI
 .rodata._aInitStr.0
                0x00000000080063d8       0x11 ./ThirdParty/SEGGER/SEGGER/SEGGER_RTT.o
 *fill*         0x00000000080063e9        0x3 
 .rodata._abSync
                0x00000000080063ec        0xa ./ThirdParty/SEGGER/SEGGER/SEGGER_SYSVIEW.o
                0x00000000080063f8                . = ALIGN (0x4)
 *fill*         0x00000000080063f6        0x2 

.ARM.extab      0x00000000080063f8        0x0
                0x00000000080063f8                . = ALIGN (0x4)
 *(.ARM.extab* .gnu.linkonce.armextab.*)
                0x00000000080063f8                . = ALIGN (0x4)

.ARM            0x00000000080063f8        0x8
                0x00000000080063f8                . = ALIGN (0x4)
                0x00000000080063f8                __exidx_start = .
 *(.ARM.exidx*)
 .ARM.exidx     0x00000000080063f8        0x8 d:/st/stm32cubeide_1.9.0/stm32cubeide/plugins/com.st.stm32cube.ide.mcu.externaltools.gnu-tools-for-stm32.10.3-2021.10.win32_1.0.0.202111181127/tools/bin/../lib/gcc/arm-none-eabi/10.3.1/thumb/v7e-m+fp/hard\libgcc.a(_udivmoddi4.o)
                0x0000000008006400                __exidx_end = .
                0x0000000008006400                . = ALIGN (0x4)

.rel.dyn        0x0000000008006400        0x0
 .rel.iplt      0x0000000008006400        0x0 d:/st/stm32cubeide_1.9.0/stm32cubeide/plugins/com.st.stm32cube.ide.mcu.externaltools.gnu-tools-for-stm32.10.3-2021.10.win32_1.0.0.202111181127/tools/bin/../lib/gcc/arm-none-eabi/10.3.1/thumb/v7e-m+fp/hard/crtbegin.o

.preinit_array  0x0000000008006400        0x0
                0x0000000008006400                . = ALIGN (0x4)
                0x0000000008006400                PROVIDE (__preinit_array_start = .)
 *(.preinit_array*)
                0x0000000008006400                PROVIDE (__preinit_array_end = .)
                0x0000000008006400                . = ALIGN (0x4)

.init_array     0x0000000008006400        0x4
                0x0000000008006400                . = ALIGN (0x4)
                0x0000000008006400                PROVIDE (__init_array_start = .)
 *(SORT_BY_NAME(.init_array.*))
 *(.init_array*)
 .init_array    0x0000000008006400        0x4 d:/st/stm32cubeide_1.9.0/stm32cubeide/plugins/com.st.stm32cube.ide.mcu.externaltools.gnu-tools-for-stm32.10.3-2021.10.win32_1.0.0.202111181127/tools/bin/../lib/gcc/arm-none-eabi/10.3.1/thumb/v7e-m+fp/hard/crtbegin.o
                0x0000000008006404                PROVIDE (__init_array_end = .)
                0x0000000008006404                . = ALIGN (0x4)

.fini_array     0x0000000008006404        0x4
                0x0000000008006404                . = ALIGN (0x4)
                [!provide]                        PROVIDE (__fini_array_start = .)
 *(SORT_BY_NAME(.fini_array.*))
 *(.fini_array*)
 .fini_array    0x0000000008006404        0x4 d:/st/stm32cubeide_1.9.0/stm32cubeide/plugins/com.st.stm32cube.ide.mcu.externaltools.gnu-tools-for-stm32.10.3-2021.10.win32_1.0.0.202111181127/tools/bin/../lib/gcc/arm-none-eabi/10.3.1/thumb/v7e-m+fp/hard/crtbegin.o
                [!provide]                        PROVIDE (__fini_array_end = .)
                0x0000000008006408                . = ALIGN (0x4)
                0x0000000008006408                _sidata = LOADADDR (.data)

.data           0x0000000020000000       0x14 load address 0x0000000008006408
                0x0000000020000000                . = ALIGN (0x4)
                0x0000000020000000                _sdata = .
 *(.data)
 *(.data*)
 .data.SystemCoreClock
                0x0000000020000000        0x4 ./Core/Src/system_stm32f4xx.o
                0x0000000020000000                SystemCoreClock
 .data.uwTickPrio
                0x0000000020000004        0x4 ./Drivers/STM32F4xx_HAL_Driver/Src/stm32f4xx_hal.o
                0x0000000020000004                uwTickPrio
 .data.uwTickFreq
                0x0000000020000008        0x1 ./Drivers/STM32F4xx_HAL_Driver/Src/stm32f4xx_hal.o
                0x0000000020000008                uwTickFreq
 *fill*         0x0000000020000009        0x3 
 .data.uxTopUsedPriority
                0x000000002000000c        0x4 ./ThirdParty/FreeRTOS/tasks.o
                0x000000002000000c                uxTopUsedPriority
 .data.uxCriticalNesting
                0x0000000020000010        0x4 ./ThirdParty/FreeRTOS/portable/GCC/ARM_CM4F/port.o
 *(.RamFunc)
 *(.RamFunc*)
                0x0000000020000014                . = ALIGN (0x4)
                0x0000000020000014                _edata = .
                0x000000000800641c                _siccmram = LOADADDR (.ccmram)

.igot.plt       0x0000000020000014        0x0 load address 0x000000000800641c
 .igot.plt      0x0000000020000014        0x0 d:/st/stm32cubeide_1.9.0/stm32cubeide/plugins/com.st.stm32cube.ide.mcu.externaltools.gnu-tools-for-stm32.10.3-2021.10.win32_1.0.0.202111181127/tools/bin/../lib/gcc/arm-none-eabi/10.3.1/thumb/v7e-m+fp/hard/crtbegin.o

.ccmram         0x0000000010000000        0x0 load address 0x000000000800641c
                0x0000000010000000                . = ALIGN (0x4)
                0x0000000010000000                _sccmram = .
 *(.ccmram)
 *(.ccmram*)
                0x0000000010000000                . = ALIGN (0x4)
                0x0000000010000000                _eccmram = .
                0x0000000010000000                . = ALIGN (0x4)

.bss            0x0000000020000014    0x14490
                0x0000000020000014                _sbss = .
                0x0000000020000014                __bss_start__ = _sbss
 *(.bss)
 .bss           0x0000000020000014       0x1c d:/st/stm32cubeide_1.9.0/stm32cubeide/plugins/com.st.stm32cube.ide.mcu.externaltools.gnu-tools-for-stm32.10.3-2021.10.win32_1.0.0.202111181127/tools/bin/../lib/gcc/arm-none-eabi/10.3.1/thumb/v7e-m+fp/hard/crtbegin.o
 *(.bss*)
 .bss.task1_handle
                0x0000000020000030        0x4 ./Core/Src/main.o
                0x0000000020000030                task1_handle
 .bss.task2_handle
                0x0000000020000034        0x4 ./Core/Src/main.o
                0x0000000020000034                task2_handle
 .bss.status    0x0000000020000038        0x4 ./Core/Src/main.o
                0x0000000020000038                status
 .bss.htim6     0x000000002000003c       0x48 ./Core/Src/stm32f4xx_hal_timebase_tim.o
                0x000000002000003c                htim6
 .bss.uwTick    0x0000000020000084        0x4 ./Drivers/STM32F4xx_HAL_Driver/Src/stm32f4xx_hal.o
                0x0000000020000084                uwTick
 .bss.ucHeap    0x0000000020000088    0x12c00 ./ThirdParty/FreeRTOS/MemMang/heap_4.o
 .bss.xStart    0x0000000020012c88        0x8 ./ThirdParty/FreeRTOS/MemMang/heap_4.o
 .bss.pxEnd     0x0000000020012c90        0x4 ./ThirdParty/FreeRTOS/MemMang/heap_4.o
 .bss.xFreeBytesRemaining
                0x0000000020012c94        0x4 ./ThirdParty/FreeRTOS/MemMang/heap_4.o
 .bss.xMinimumEverFreeBytesRemaining
                0x0000000020012c98        0x4 ./ThirdParty/FreeRTOS/MemMang/heap_4.o
 .bss.xNumberOfSuccessfulAllocations
                0x0000000020012c9c        0x4 ./ThirdParty/FreeRTOS/MemMang/heap_4.o
 .bss.xNumberOfSuccessfulFrees
                0x0000000020012ca0        0x4 ./ThirdParty/FreeRTOS/MemMang/heap_4.o
 .bss.xQueueRegistry
                0x0000000020012ca4       0x40 ./ThirdParty/FreeRTOS/queue.o
                0x0000000020012ca4                xQueueRegistry
 .bss.pxCurrentTCB
                0x0000000020012ce4        0x4 ./ThirdParty/FreeRTOS/tasks.o
                0x0000000020012ce4                pxCurrentTCB
 .bss.pxReadyTasksLists
                0x0000000020012ce8       0x64 ./ThirdParty/FreeRTOS/tasks.o
 .bss.xDelayedTaskList1
                0x0000000020012d4c       0x14 ./ThirdParty/FreeRTOS/tasks.o
 .bss.xDelayedTaskList2
                0x0000000020012d60       0x14 ./ThirdParty/FreeRTOS/tasks.o
 .bss.pxDelayedTaskList
                0x0000000020012d74        0x4 ./ThirdParty/FreeRTOS/tasks.o
 .bss.pxOverflowDelayedTaskList
                0x0000000020012d78        0x4 ./ThirdParty/FreeRTOS/tasks.o
 .bss.xPendingReadyList
                0x0000000020012d7c       0x14 ./ThirdParty/FreeRTOS/tasks.o
 .bss.xTasksWaitingTermination
                0x0000000020012d90       0x14 ./ThirdParty/FreeRTOS/tasks.o
 .bss.uxDeletedTasksWaitingCleanUp
                0x0000000020012da4        0x4 ./ThirdParty/FreeRTOS/tasks.o
 .bss.xSuspendedTaskList
                0x0000000020012da8       0x14 ./ThirdParty/FreeRTOS/tasks.o
 .bss.uxCurrentNumberOfTasks
                0x0000000020012dbc        0x4 ./ThirdParty/FreeRTOS/tasks.o
 .bss.xTickCount
                0x0000000020012dc0        0x4 ./ThirdParty/FreeRTOS/tasks.o
 .bss.uxTopReadyPriority
                0x0000000020012dc4        0x4 ./ThirdParty/FreeRTOS/tasks.o
 .bss.xSchedulerRunning
                0x0000000020012dc8        0x4 ./ThirdParty/FreeRTOS/tasks.o
 .bss.xPendedTicks
                0x0000000020012dcc        0x4 ./ThirdParty/FreeRTOS/tasks.o
 .bss.xYieldPending
                0x0000000020012dd0        0x4 ./ThirdParty/FreeRTOS/tasks.o
 .bss.xNumOfOverflows
                0x0000000020012dd4        0x4 ./ThirdParty/FreeRTOS/tasks.o
 .bss.uxTaskNumber
                0x0000000020012dd8        0x4 ./ThirdParty/FreeRTOS/tasks.o
 .bss.xNextTaskUnblockTime
                0x0000000020012ddc        0x4 ./ThirdParty/FreeRTOS/tasks.o
 .bss.xIdleTaskHandle
                0x0000000020012de0        0x4 ./ThirdParty/FreeRTOS/tasks.o
 .bss.uxSchedulerSuspended
                0x0000000020012de4        0x4 ./ThirdParty/FreeRTOS/tasks.o
 .bss.xActiveTimerList1
                0x0000000020012de8       0x14 ./ThirdParty/FreeRTOS/timers.o
 .bss.xActiveTimerList2
                0x0000000020012dfc       0x14 ./ThirdParty/FreeRTOS/timers.o
 .bss.pxCurrentTimerList
                0x0000000020012e10        0x4 ./ThirdParty/FreeRTOS/timers.o
 .bss.pxOverflowTimerList
                0x0000000020012e14        0x4 ./ThirdParty/FreeRTOS/timers.o
 .bss.xTimerQueue
                0x0000000020012e18        0x4 ./ThirdParty/FreeRTOS/timers.o
 .bss.xTimerTaskHandle
                0x0000000020012e1c        0x4 ./ThirdParty/FreeRTOS/timers.o
 .bss.xLastTime.0
                0x0000000020012e20        0x4 ./ThirdParty/FreeRTOS/timers.o
 .bss.ucMaxSysCallPriority
                0x0000000020012e24        0x1 ./ThirdParty/FreeRTOS/portable/GCC/ARM_CM4F/port.o
 *fill*         0x0000000020012e25        0x3 
 .bss.ulMaxPRIGROUPValue
                0x0000000020012e28        0x4 ./ThirdParty/FreeRTOS/portable/GCC/ARM_CM4F/port.o
 .bss._aTasks   0x0000000020012e2c       0xa0 ./ThirdParty/SEGGER/OS/SEGGER_SYSVIEW_FreeRTOS.o
 .bss._NumTasks
                0x0000000020012ecc        0x4 ./ThirdParty/SEGGER/OS/SEGGER_SYSVIEW_FreeRTOS.o
 .bss._SEGGER_RTT
                0x0000000020012ed0       0xa8 ./ThirdParty/SEGGER/SEGGER/SEGGER_RTT.o
                0x0000000020012ed0                _SEGGER_RTT
 .bss._acUpBuffer
                0x0000000020012f78      0x400 ./ThirdParty/SEGGER/SEGGER/SEGGER_RTT.o
 .bss._acDownBuffer
                0x0000000020013378       0x10 ./ThirdParty/SEGGER/SEGGER/SEGGER_RTT.o
 .bss._UpBuffer
                0x0000000020013388     0x1000 ./ThirdParty/SEGGER/SEGGER/SEGGER_SYSVIEW.o
 .bss._DownBuffer
                0x0000000020014388        0x8 ./ThirdParty/SEGGER/SEGGER/SEGGER_SYSVIEW.o
 .bss._SYSVIEW_Globals
                0x0000000020014390       0x28 ./ThirdParty/SEGGER/SEGGER/SEGGER_SYSVIEW.o
 .bss._pFirstModule
                0x00000000200143b8        0x4 ./ThirdParty/SEGGER/SEGGER/SEGGER_SYSVIEW.o
 .bss._NumModules
                0x00000000200143bc        0x1 ./ThirdParty/SEGGER/SEGGER/SEGGER_SYSVIEW.o
 *fill*         0x00000000200143bd        0x3 
 .bss._aPacket  0x00000000200143c0       0xe3 ./ThirdParty/SEGGER/SEGGER/SEGGER_SYSVIEW.o
 *(COMMON)
                0x00000000200144a4                . = ALIGN (0x4)
 *fill*         0x00000000200144a3        0x1 
                0x00000000200144a4                _ebss = .
                0x00000000200144a4                __bss_end__ = _ebss

._user_heap_stack
                0x00000000200144a4      0x604
                0x00000000200144a8                . = ALIGN (0x8)
 *fill*         0x00000000200144a4        0x4 
                [!provide]                        PROVIDE (end = .)
                [!provide]                        PROVIDE (_end = .)
                0x00000000200146a8                . = (. + _Min_Heap_Size)
 *fill*         0x00000000200144a8      0x200 
                0x0000000020014aa8                . = (. + _Min_Stack_Size)
 *fill*         0x00000000200146a8      0x400 
                0x0000000020014aa8                . = ALIGN (0x8)

/DISCARD/
 libc.a(*)
 libm.a(*)
 libgcc.a(*)

.ARM.attributes
                0x0000000000000000       0x30
 *(.ARM.attributes)
 .ARM.attributes
                0x0000000000000000       0x1e d:/st/stm32cubeide_1.9.0/stm32cubeide/plugins/com.st.stm32cube.ide.mcu.externaltools.gnu-tools-for-stm32.10.3-2021.10.win32_1.0.0.202111181127/tools/bin/../lib/gcc/arm-none-eabi/10.3.1/thumb/v7e-m+fp/hard/crti.o
 .ARM.attributes
                0x000000000000001e       0x34 d:/st/stm32cubeide_1.9.0/stm32cubeide/plugins/com.st.stm32cube.ide.mcu.externaltools.gnu-tools-for-stm32.10.3-2021.10.win32_1.0.0.202111181127/tools/bin/../lib/gcc/arm-none-eabi/10.3.1/thumb/v7e-m+fp/hard/crtbegin.o
 .ARM.attributes
                0x0000000000000052       0x34 ./Core/Src/main.o
 .ARM.attributes
                0x0000000000000086       0x34 ./Core/Src/stm32f4xx_hal_msp.o
 .ARM.attributes
                0x00000000000000ba       0x34 ./Core/Src/stm32f4xx_hal_timebase_tim.o
 .ARM.attributes
                0x00000000000000ee       0x34 ./Core/Src/stm32f4xx_it.o
 .ARM.attributes
                0x0000000000000122       0x34 ./Core/Src/system_stm32f4xx.o
 .ARM.attributes
                0x0000000000000156       0x21 ./Core/Startup/startup_stm32f429zitx.o
 .ARM.attributes
                0x0000000000000177       0x34 ./Drivers/STM32F4xx_HAL_Driver/Src/stm32f4xx_hal.o
 .ARM.attributes
                0x00000000000001ab       0x34 ./Drivers/STM32F4xx_HAL_Driver/Src/stm32f4xx_hal_cortex.o
 .ARM.attributes
                0x00000000000001df       0x34 ./Drivers/STM32F4xx_HAL_Driver/Src/stm32f4xx_hal_gpio.o
 .ARM.attributes
                0x0000000000000213       0x34 ./Drivers/STM32F4xx_HAL_Driver/Src/stm32f4xx_hal_rcc.o
 .ARM.attributes
                0x0000000000000247       0x34 ./Drivers/STM32F4xx_HAL_Driver/Src/stm32f4xx_hal_tim.o
 .ARM.attributes
                0x000000000000027b       0x34 ./Drivers/STM32F4xx_HAL_Driver/Src/stm32f4xx_hal_tim_ex.o
 .ARM.attributes
                0x00000000000002af       0x34 ./ThirdParty/FreeRTOS/MemMang/heap_4.o
 .ARM.attributes
                0x00000000000002e3       0x34 ./ThirdParty/FreeRTOS/list.o
 .ARM.attributes
                0x0000000000000317       0x34 ./ThirdParty/FreeRTOS/queue.o
 .ARM.attributes
                0x000000000000034b       0x34 ./ThirdParty/FreeRTOS/tasks.o
 .ARM.attributes
                0x000000000000037f       0x34 ./ThirdParty/FreeRTOS/timers.o
 .ARM.attributes
                0x00000000000003b3       0x34 ./ThirdParty/FreeRTOS/portable/GCC/ARM_CM4F/port.o
 .ARM.attributes
                0x00000000000003e7       0x34 ./ThirdParty/SEGGER/Config/SEGGER_SYSVIEW_Config_FreeRTOS.o
 .ARM.attributes
                0x000000000000041b       0x34 ./ThirdParty/SEGGER/OS/SEGGER_SYSVIEW_FreeRTOS.o
 .ARM.attributes
                0x000000000000044f       0x34 ./ThirdParty/SEGGER/SEGGER/SEGGER_RTT.o
 .ARM.attributes
                0x0000000000000483       0x20 ./ThirdParty/SEGGER/SEGGER/SEGGER_RTT_ASM_ARMv7M.o
 .ARM.attributes
                0x00000000000004a3       0x34 ./ThirdParty/SEGGER/SEGGER/SEGGER_SYSVIEW.o
 .ARM.attributes
                0x00000000000004d7       0x34 d:/st/stm32cubeide_1.9.0/stm32cubeide/plugins/com.st.stm32cube.ide.mcu.externaltools.gnu-tools-for-stm32.10.3-2021.10.win32_1.0.0.202111181127/tools/bin/../lib/gcc/arm-none-eabi/10.3.1/../../../../arm-none-eabi/lib/thumb/v7e-m+fp/hard\libc_nano.a(lib_a-init.o)
 .ARM.attributes
                0x000000000000050b       0x34 d:/st/stm32cubeide_1.9.0/stm32cubeide/plugins/com.st.stm32cube.ide.mcu.externaltools.gnu-tools-for-stm32.10.3-2021.10.win32_1.0.0.202111181127/tools/bin/../lib/gcc/arm-none-eabi/10.3.1/../../../../arm-none-eabi/lib/thumb/v7e-m+fp/hard\libc_nano.a(lib_a-memcmp.o)
 .ARM.attributes
                0x000000000000053f       0x34 d:/st/stm32cubeide_1.9.0/stm32cubeide/plugins/com.st.stm32cube.ide.mcu.externaltools.gnu-tools-for-stm32.10.3-2021.10.win32_1.0.0.202111181127/tools/bin/../lib/gcc/arm-none-eabi/10.3.1/../../../../arm-none-eabi/lib/thumb/v7e-m+fp/hard\libc_nano.a(lib_a-memcpy-stub.o)
 .ARM.attributes
                0x0000000000000573       0x34 d:/st/stm32cubeide_1.9.0/stm32cubeide/plugins/com.st.stm32cube.ide.mcu.externaltools.gnu-tools-for-stm32.10.3-2021.10.win32_1.0.0.202111181127/tools/bin/../lib/gcc/arm-none-eabi/10.3.1/../../../../arm-none-eabi/lib/thumb/v7e-m+fp/hard\libc_nano.a(lib_a-memset.o)
 .ARM.attributes
                0x00000000000005a7       0x1e d:/st/stm32cubeide_1.9.0/stm32cubeide/plugins/com.st.stm32cube.ide.mcu.externaltools.gnu-tools-for-stm32.10.3-2021.10.win32_1.0.0.202111181127/tools/bin/../lib/gcc/arm-none-eabi/10.3.1/thumb/v7e-m+fp/hard\libgcc.a(_aeabi_uldivmod.o)
 .ARM.attributes
                0x00000000000005c5       0x34 d:/st/stm32cubeide_1.9.0/stm32cubeide/plugins/com.st.stm32cube.ide.mcu.externaltools.gnu-tools-for-stm32.10.3-2021.10.win32_1.0.0.202111181127/tools/bin/../lib/gcc/arm-none-eabi/10.3.1/thumb/v7e-m+fp/hard\libgcc.a(_udivmoddi4.o)
 .ARM.attributes
                0x00000000000005f9       0x1e d:/st/stm32cubeide_1.9.0/stm32cubeide/plugins/com.st.stm32cube.ide.mcu.externaltools.gnu-tools-for-stm32.10.3-2021.10.win32_1.0.0.202111181127/tools/bin/../lib/gcc/arm-none-eabi/10.3.1/thumb/v7e-m+fp/hard\libgcc.a(_dvmd_tls.o)
 .ARM.attributes
                0x0000000000000617       0x1e d:/st/stm32cubeide_1.9.0/stm32cubeide/plugins/com.st.stm32cube.ide.mcu.externaltools.gnu-tools-for-stm32.10.3-2021.10.win32_1.0.0.202111181127/tools/bin/../lib/gcc/arm-none-eabi/10.3.1/thumb/v7e-m+fp/hard/crtn.o
OUTPUT(001Tasks.elf elf32-littlearm)
LOAD linker stubs
LOAD d:/st/stm32cubeide_1.9.0/stm32cubeide/plugins/com.st.stm32cube.ide.mcu.externaltools.gnu-tools-for-stm32.10.3-2021.10.win32_1.0.0.202111181127/tools/bin/../lib/gcc/arm-none-eabi/10.3.1/../../../../arm-none-eabi/lib/thumb/v7e-m+fp/hard\libc.a
LOAD d:/st/stm32cubeide_1.9.0/stm32cubeide/plugins/com.st.stm32cube.ide.mcu.externaltools.gnu-tools-for-stm32.10.3-2021.10.win32_1.0.0.202111181127/tools/bin/../lib/gcc/arm-none-eabi/10.3.1/../../../../arm-none-eabi/lib/thumb/v7e-m+fp/hard\libm.a
LOAD d:/st/stm32cubeide_1.9.0/stm32cubeide/plugins/com.st.stm32cube.ide.mcu.externaltools.gnu-tools-for-stm32.10.3-2021.10.win32_1.0.0.202111181127/tools/bin/../lib/gcc/arm-none-eabi/10.3.1/thumb/v7e-m+fp/hard\libgcc.a

.debug_info     0x0000000000000000    0x14f3a
 .debug_info    0x0000000000000000      0xf44 ./Core/Src/main.o
 .debug_info    0x0000000000000f44      0x2d3 ./Core/Src/stm32f4xx_hal_msp.o
 .debug_info    0x0000000000001217      0xc9d ./Core/Src/stm32f4xx_hal_timebase_tim.o
 .debug_info    0x0000000000001eb4      0x6f8 ./Core/Src/stm32f4xx_it.o
 .debug_info    0x00000000000025ac      0x53f ./Core/Src/system_stm32f4xx.o
 .debug_info    0x0000000000002aeb       0x22 ./Core/Startup/startup_stm32f429zitx.o
 .debug_info    0x0000000000002b0d      0x9f4 ./Drivers/STM32F4xx_HAL_Driver/Src/stm32f4xx_hal.o
 .debug_info    0x0000000000003501      0xe51 ./Drivers/STM32F4xx_HAL_Driver/Src/stm32f4xx_hal_cortex.o
 .debug_info    0x0000000000004352      0x786 ./Drivers/STM32F4xx_HAL_Driver/Src/stm32f4xx_hal_gpio.o
 .debug_info    0x0000000000004ad8      0x982 ./Drivers/STM32F4xx_HAL_Driver/Src/stm32f4xx_hal_rcc.o
 .debug_info    0x000000000000545a     0x2bbe ./Drivers/STM32F4xx_HAL_Driver/Src/stm32f4xx_hal_tim.o
 .debug_info    0x0000000000008018     0x15e0 ./Drivers/STM32F4xx_HAL_Driver/Src/stm32f4xx_hal_tim_ex.o
 .debug_info    0x00000000000095f8      0x558 ./ThirdParty/FreeRTOS/MemMang/heap_4.o
 .debug_info    0x0000000000009b50      0x2d1 ./ThirdParty/FreeRTOS/list.o
 .debug_info    0x0000000000009e21     0x1a03 ./ThirdParty/FreeRTOS/queue.o
 .debug_info    0x000000000000b824     0x279d ./ThirdParty/FreeRTOS/tasks.o
 .debug_info    0x000000000000dfc1      0xeaf ./ThirdParty/FreeRTOS/timers.o
 .debug_info    0x000000000000ee70      0x5ca ./ThirdParty/FreeRTOS/portable/GCC/ARM_CM4F/port.o
 .debug_info    0x000000000000f43a      0x182 ./ThirdParty/SEGGER/Config/SEGGER_SYSVIEW_Config_FreeRTOS.o
 .debug_info    0x000000000000f5bc      0x43e ./ThirdParty/SEGGER/OS/SEGGER_SYSVIEW_FreeRTOS.o
 .debug_info    0x000000000000f9fa     0x15df ./ThirdParty/SEGGER/SEGGER/SEGGER_RTT.o
 .debug_info    0x0000000000010fd9       0x26 ./ThirdParty/SEGGER/SEGGER/SEGGER_RTT_ASM_ARMv7M.o
 .debug_info    0x0000000000010fff     0x3f3b ./ThirdParty/SEGGER/SEGGER/SEGGER_SYSVIEW.o

.debug_abbrev   0x0000000000000000     0x2d65
 .debug_abbrev  0x0000000000000000      0x2fd ./Core/Src/main.o
 .debug_abbrev  0x00000000000002fd       0xe7 ./Core/Src/stm32f4xx_hal_msp.o
 .debug_abbrev  0x00000000000003e4      0x1e6 ./Core/Src/stm32f4xx_hal_timebase_tim.o
 .debug_abbrev  0x00000000000005ca      0x171 ./Core/Src/stm32f4xx_it.o
 .debug_abbrev  0x000000000000073b      0x116 ./Core/Src/system_stm32f4xx.o
 .debug_abbrev  0x0000000000000851       0x12 ./Core/Startup/startup_stm32f429zitx.o
 .debug_abbrev  0x0000000000000863      0x20d ./Drivers/STM32F4xx_HAL_Driver/Src/stm32f4xx_hal.o
 .debug_abbrev  0x0000000000000a70      0x316 ./Drivers/STM32F4xx_HAL_Driver/Src/stm32f4xx_hal_cortex.o
 .debug_abbrev  0x0000000000000d86      0x1c4 ./Drivers/STM32F4xx_HAL_Driver/Src/stm32f4xx_hal_gpio.o
 .debug_abbrev  0x0000000000000f4a      0x2aa ./Drivers/STM32F4xx_HAL_Driver/Src/stm32f4xx_hal_rcc.o
 .debug_abbrev  0x00000000000011f4      0x25d ./Drivers/STM32F4xx_HAL_Driver/Src/stm32f4xx_hal_tim.o
 .debug_abbrev  0x0000000000001451      0x265 ./Drivers/STM32F4xx_HAL_Driver/Src/stm32f4xx_hal_tim_ex.o
 .debug_abbrev  0x00000000000016b6      0x24e ./ThirdParty/FreeRTOS/MemMang/heap_4.o
 .debug_abbrev  0x0000000000001904       0xf2 ./ThirdParty/FreeRTOS/list.o
 .debug_abbrev  0x00000000000019f6      0x312 ./ThirdParty/FreeRTOS/queue.o
 .debug_abbrev  0x0000000000001d08      0x38e ./ThirdParty/FreeRTOS/tasks.o
 .debug_abbrev  0x0000000000002096      0x2c5 ./ThirdParty/FreeRTOS/timers.o
 .debug_abbrev  0x000000000000235b      0x259 ./ThirdParty/FreeRTOS/portable/GCC/ARM_CM4F/port.o
 .debug_abbrev  0x00000000000025b4       0xf2 ./ThirdParty/SEGGER/Config/SEGGER_SYSVIEW_Config_FreeRTOS.o
 .debug_abbrev  0x00000000000026a6      0x189 ./ThirdParty/SEGGER/OS/SEGGER_SYSVIEW_FreeRTOS.o
 .debug_abbrev  0x000000000000282f      0x216 ./ThirdParty/SEGGER/SEGGER/SEGGER_RTT.o
 .debug_abbrev  0x0000000000002a45       0x14 ./ThirdParty/SEGGER/SEGGER/SEGGER_RTT_ASM_ARMv7M.o
 .debug_abbrev  0x0000000000002a59      0x30c ./ThirdParty/SEGGER/SEGGER/SEGGER_SYSVIEW.o

.debug_aranges  0x0000000000000000     0x1360
 .debug_aranges
                0x0000000000000000       0x50 ./Core/Src/main.o
 .debug_aranges
                0x0000000000000050       0x20 ./Core/Src/stm32f4xx_hal_msp.o
 .debug_aranges
                0x0000000000000070       0x30 ./Core/Src/stm32f4xx_hal_timebase_tim.o
 .debug_aranges
                0x00000000000000a0       0x50 ./Core/Src/stm32f4xx_it.o
 .debug_aranges
                0x00000000000000f0       0x28 ./Core/Src/system_stm32f4xx.o
 .debug_aranges
                0x0000000000000118       0x28 ./Core/Startup/startup_stm32f429zitx.o
 .debug_aranges
                0x0000000000000140      0x100 ./Drivers/STM32F4xx_HAL_Driver/Src/stm32f4xx_hal.o
 .debug_aranges
                0x0000000000000240      0x118 ./Drivers/STM32F4xx_HAL_Driver/Src/stm32f4xx_hal_cortex.o
 .debug_aranges
                0x0000000000000358       0x58 ./Drivers/STM32F4xx_HAL_Driver/Src/stm32f4xx_hal_gpio.o
 .debug_aranges
                0x00000000000003b0       0x88 ./Drivers/STM32F4xx_HAL_Driver/Src/stm32f4xx_hal_rcc.o
 .debug_aranges
                0x0000000000000438      0x3d0 ./Drivers/STM32F4xx_HAL_Driver/Src/stm32f4xx_hal_tim.o
 .debug_aranges
                0x0000000000000808      0x168 ./Drivers/STM32F4xx_HAL_Driver/Src/stm32f4xx_hal_tim_ex.o
 .debug_aranges
                0x0000000000000970       0x60 ./ThirdParty/FreeRTOS/MemMang/heap_4.o
 .debug_aranges
                0x00000000000009d0       0x40 ./ThirdParty/FreeRTOS/list.o
 .debug_aranges
                0x0000000000000a10      0x130 ./ThirdParty/FreeRTOS/queue.o
 .debug_aranges
                0x0000000000000b40      0x208 ./ThirdParty/FreeRTOS/tasks.o
 .debug_aranges
                0x0000000000000d48       0xe8 ./ThirdParty/FreeRTOS/timers.o
 .debug_aranges
                0x0000000000000e30       0x88 ./ThirdParty/FreeRTOS/portable/GCC/ARM_CM4F/port.o
 .debug_aranges
                0x0000000000000eb8       0x28 ./ThirdParty/SEGGER/Config/SEGGER_SYSVIEW_Config_FreeRTOS.o
 .debug_aranges
                0x0000000000000ee0       0x48 ./ThirdParty/SEGGER/OS/SEGGER_SYSVIEW_FreeRTOS.o
 .debug_aranges
                0x0000000000000f28      0x138 ./ThirdParty/SEGGER/SEGGER/SEGGER_RTT.o
 .debug_aranges
                0x0000000000001060       0x20 ./ThirdParty/SEGGER/SEGGER/SEGGER_RTT_ASM_ARMv7M.o
 .debug_aranges
                0x0000000000001080      0x2e0 ./ThirdParty/SEGGER/SEGGER/SEGGER_SYSVIEW.o

.debug_ranges   0x0000000000000000     0x11e8
 .debug_ranges  0x0000000000000000       0x40 ./Core/Src/main.o
 .debug_ranges  0x0000000000000040       0x10 ./Core/Src/stm32f4xx_hal_msp.o
 .debug_ranges  0x0000000000000050       0x20 ./Core/Src/stm32f4xx_hal_timebase_tim.o
 .debug_ranges  0x0000000000000070       0x40 ./Core/Src/stm32f4xx_it.o
 .debug_ranges  0x00000000000000b0       0x18 ./Core/Src/system_stm32f4xx.o
 .debug_ranges  0x00000000000000c8       0x20 ./Core/Startup/startup_stm32f429zitx.o
 .debug_ranges  0x00000000000000e8       0xf0 ./Drivers/STM32F4xx_HAL_Driver/Src/stm32f4xx_hal.o
 .debug_ranges  0x00000000000001d8      0x108 ./Drivers/STM32F4xx_HAL_Driver/Src/stm32f4xx_hal_cortex.o
 .debug_ranges  0x00000000000002e0       0x48 ./Drivers/STM32F4xx_HAL_Driver/Src/stm32f4xx_hal_gpio.o
 .debug_ranges  0x0000000000000328       0x78 ./Drivers/STM32F4xx_HAL_Driver/Src/stm32f4xx_hal_rcc.o
 .debug_ranges  0x00000000000003a0      0x3c0 ./Drivers/STM32F4xx_HAL_Driver/Src/stm32f4xx_hal_tim.o
 .debug_ranges  0x0000000000000760      0x158 ./Drivers/STM32F4xx_HAL_Driver/Src/stm32f4xx_hal_tim_ex.o
 .debug_ranges  0x00000000000008b8       0x50 ./ThirdParty/FreeRTOS/MemMang/heap_4.o
 .debug_ranges  0x0000000000000908       0x30 ./ThirdParty/FreeRTOS/list.o
 .debug_ranges  0x0000000000000938      0x120 ./ThirdParty/FreeRTOS/queue.o
 .debug_ranges  0x0000000000000a58      0x1f8 ./ThirdParty/FreeRTOS/tasks.o
 .debug_ranges  0x0000000000000c50       0xd8 ./ThirdParty/FreeRTOS/timers.o
 .debug_ranges  0x0000000000000d28       0x78 ./ThirdParty/FreeRTOS/portable/GCC/ARM_CM4F/port.o
 .debug_ranges  0x0000000000000da0       0x18 ./ThirdParty/SEGGER/Config/SEGGER_SYSVIEW_Config_FreeRTOS.o
 .debug_ranges  0x0000000000000db8       0x38 ./ThirdParty/SEGGER/OS/SEGGER_SYSVIEW_FreeRTOS.o
 .debug_ranges  0x0000000000000df0      0x128 ./ThirdParty/SEGGER/SEGGER/SEGGER_RTT.o
 .debug_ranges  0x0000000000000f18      0x2d0 ./ThirdParty/SEGGER/SEGGER/SEGGER_SYSVIEW.o

.debug_macro    0x0000000000000000    0x25a99
 .debug_macro   0x0000000000000000      0x2ad ./Core/Src/main.o
 .debug_macro   0x00000000000002ad      0xa78 ./Core/Src/main.o
 .debug_macro   0x0000000000000d25      0x295 ./Core/Src/main.o
 .debug_macro   0x0000000000000fba       0x2e ./Core/Src/main.o
 .debug_macro   0x0000000000000fe8       0x28 ./Core/Src/main.o
 .debug_macro   0x0000000000001010       0x22 ./Core/Src/main.o
 .debug_macro   0x0000000000001032       0x8e ./Core/Src/main.o
 .debug_macro   0x00000000000010c0       0x51 ./Core/Src/main.o
 .debug_macro   0x0000000000001111      0x103 ./Core/Src/main.o
 .debug_macro   0x0000000000001214       0x6a ./Core/Src/main.o
 .debug_macro   0x000000000000127e      0x1df ./Core/Src/main.o
 .debug_macro   0x000000000000145d       0x1c ./Core/Src/main.o
 .debug_macro   0x0000000000001479       0x22 ./Core/Src/main.o
 .debug_macro   0x000000000000149b       0xd9 ./Core/Src/main.o
 .debug_macro   0x0000000000001574     0x102d ./Core/Src/main.o
 .debug_macro   0x00000000000025a1      0x11f ./Core/Src/main.o
 .debug_macro   0x00000000000026c0    0x17fc0 ./Core/Src/main.o
 .debug_macro   0x000000000001a680       0x6d ./Core/Src/main.o
 .debug_macro   0x000000000001a6ed     0x36f5 ./Core/Src/main.o
 .debug_macro   0x000000000001dde2      0x174 ./Core/Src/main.o
 .debug_macro   0x000000000001df56       0x5c ./Core/Src/main.o
 .debug_macro   0x000000000001dfb2      0xca5 ./Core/Src/main.o
 .debug_macro   0x000000000001ec57      0x9fe ./Core/Src/main.o
 .debug_macro   0x000000000001f655      0x115 ./Core/Src/main.o
 .debug_macro   0x000000000001f76a      0x156 ./Core/Src/main.o
 .debug_macro   0x000000000001f8c0       0xa5 ./Core/Src/main.o
 .debug_macro   0x000000000001f965      0x182 ./Core/Src/main.o
 .debug_macro   0x000000000001fae7      0x287 ./Core/Src/main.o
 .debug_macro   0x000000000001fd6e       0x5f ./Core/Src/main.o
 .debug_macro   0x000000000001fdcd      0x236 ./Core/Src/main.o
 .debug_macro   0x0000000000020003      0x132 ./Core/Src/main.o
 .debug_macro   0x0000000000020135      0x41d ./Core/Src/main.o
 .debug_macro   0x0000000000020552       0x2e ./Core/Src/main.o
 .debug_macro   0x0000000000020580      0x11a ./Core/Src/main.o
 .debug_macro   0x000000000002069a       0xe2 ./Core/Src/main.o
 .debug_macro   0x000000000002077c       0x89 ./Core/Src/main.o
 .debug_macro   0x0000000000020805      0x8e6 ./Core/Src/main.o
 .debug_macro   0x00000000000210eb       0x47 ./Core/Src/main.o
 .debug_macro   0x0000000000021132      0x134 ./Core/Src/main.o
 .debug_macro   0x0000000000021266      0x4ba ./Core/Src/main.o
 .debug_macro   0x0000000000021720      0x106 ./Core/Src/main.o
 .debug_macro   0x0000000000021826       0x58 ./Core/Src/main.o
 .debug_macro   0x000000000002187e       0x46 ./Core/Src/main.o
 .debug_macro   0x00000000000218c4       0x64 ./Core/Src/main.o
 .debug_macro   0x0000000000021928       0x49 ./Core/Src/main.o
 .debug_macro   0x0000000000021971       0xd1 ./Core/Src/main.o
 .debug_macro   0x0000000000021a42      0x220 ./Core/Src/main.o
 .debug_macro   0x0000000000021c62      0x451 ./Core/Src/main.o
 .debug_macro   0x00000000000220b3      0x15a ./Core/Src/main.o
 .debug_macro   0x000000000002220d       0xea ./Core/Src/main.o
 .debug_macro   0x00000000000222f7       0x28 ./Core/Src/main.o
 .debug_macro   0x000000000002231f       0x1f ./Core/Src/main.o
 .debug_macro   0x000000000002233e       0x12 ./Core/Src/main.o
 .debug_macro   0x0000000000022350      0x400 ./Core/Src/main.o
 .debug_macro   0x0000000000022750       0xc3 ./Core/Src/main.o
 .debug_macro   0x0000000000022813      0x120 ./Core/Src/main.o
 .debug_macro   0x0000000000022933      0x289 ./Core/Src/stm32f4xx_hal_msp.o
 .debug_macro   0x0000000000022bbc      0x1c4 ./Core/Src/stm32f4xx_hal_timebase_tim.o
 .debug_macro   0x0000000000022d80      0x1dd ./Core/Src/stm32f4xx_it.o
 .debug_macro   0x0000000000022f5d      0x1c4 ./Core/Src/system_stm32f4xx.o
 .debug_macro   0x0000000000023121      0x224 ./Drivers/STM32F4xx_HAL_Driver/Src/stm32f4xx_hal.o
 .debug_macro   0x0000000000023345      0x1c4 ./Drivers/STM32F4xx_HAL_Driver/Src/stm32f4xx_hal_cortex.o
 .debug_macro   0x0000000000023509      0x1ca ./Drivers/STM32F4xx_HAL_Driver/Src/stm32f4xx_hal_gpio.o
 .debug_macro   0x00000000000236d3      0x1e8 ./Drivers/STM32F4xx_HAL_Driver/Src/stm32f4xx_hal_rcc.o
 .debug_macro   0x00000000000238bb      0x1c5 ./Drivers/STM32F4xx_HAL_Driver/Src/stm32f4xx_hal_tim.o
 .debug_macro   0x0000000000023a80      0x1c4 ./Drivers/STM32F4xx_HAL_Driver/Src/stm32f4xx_hal_tim_ex.o
 .debug_macro   0x0000000000023c44      0x27a ./ThirdParty/FreeRTOS/MemMang/heap_4.o
 .debug_macro   0x0000000000023ebe      0x10e ./ThirdParty/FreeRTOS/MemMang/heap_4.o
 .debug_macro   0x0000000000023fcc       0x8d ./ThirdParty/FreeRTOS/MemMang/heap_4.o
 .debug_macro   0x0000000000024059       0x16 ./ThirdParty/FreeRTOS/MemMang/heap_4.o
 .debug_macro   0x000000000002406f       0x20 ./ThirdParty/FreeRTOS/MemMang/heap_4.o
 .debug_macro   0x000000000002408f      0x106 ./ThirdParty/FreeRTOS/MemMang/heap_4.o
 .debug_macro   0x0000000000024195      0x1f9 ./ThirdParty/FreeRTOS/list.o
 .debug_macro   0x000000000002438e      0x290 ./ThirdParty/FreeRTOS/queue.o
 .debug_macro   0x000000000002461e       0x80 ./ThirdParty/FreeRTOS/queue.o
 .debug_macro   0x000000000002469e      0x2df ./ThirdParty/FreeRTOS/tasks.o
 .debug_macro   0x000000000002497d       0x17 ./ThirdParty/FreeRTOS/tasks.o
 .debug_macro   0x0000000000024994      0x248 ./ThirdParty/FreeRTOS/timers.o
 .debug_macro   0x0000000000024bdc       0x97 ./ThirdParty/FreeRTOS/timers.o
 .debug_macro   0x0000000000024c73      0x208 ./ThirdParty/FreeRTOS/portable/GCC/ARM_CM4F/port.o
 .debug_macro   0x0000000000024e7b      0x13c ./ThirdParty/SEGGER/Config/SEGGER_SYSVIEW_Config_FreeRTOS.o
 .debug_macro   0x0000000000024fb7      0x208 ./ThirdParty/SEGGER/OS/SEGGER_SYSVIEW_FreeRTOS.o
 .debug_macro   0x00000000000251bf      0x1bd ./ThirdParty/SEGGER/SEGGER/SEGGER_RTT.o
 .debug_macro   0x000000000002537c       0x35 ./ThirdParty/SEGGER/SEGGER/SEGGER_RTT.o
 .debug_macro   0x00000000000253b1      0x138 ./ThirdParty/SEGGER/SEGGER/SEGGER_RTT.o
 .debug_macro   0x00000000000254e9      0x221 ./ThirdParty/SEGGER/SEGGER/SEGGER_SYSVIEW.o
 .debug_macro   0x000000000002570a      0x220 ./ThirdParty/SEGGER/SEGGER/SEGGER_SYSVIEW.o
 .debug_macro   0x000000000002592a      0x16f ./ThirdParty/SEGGER/SEGGER/SEGGER_SYSVIEW.o

.debug_line     0x0000000000000000    0x15d2a
 .debug_line    0x0000000000000000      0xd88 ./Core/Src/main.o
 .debug_line    0x0000000000000d88      0xaa4 ./Core/Src/stm32f4xx_hal_msp.o
 .debug_line    0x000000000000182c      0x719 ./Core/Src/stm32f4xx_hal_timebase_tim.o
 .debug_line    0x0000000000001f45      0x73c ./Core/Src/stm32f4xx_it.o
 .debug_line    0x0000000000002681      0x721 ./Core/Src/system_stm32f4xx.o
 .debug_line    0x0000000000002da2       0x88 ./Core/Startup/startup_stm32f429zitx.o
 .debug_line    0x0000000000002e2a      0x9bd ./Drivers/STM32F4xx_HAL_Driver/Src/stm32f4xx_hal.o
 .debug_line    0x00000000000037e7      0xc36 ./Drivers/STM32F4xx_HAL_Driver/Src/stm32f4xx_hal_cortex.o
 .debug_line    0x000000000000441d      0xb23 ./Drivers/STM32F4xx_HAL_Driver/Src/stm32f4xx_hal_gpio.o
 .debug_line    0x0000000000004f40      0xd03 ./Drivers/STM32F4xx_HAL_Driver/Src/stm32f4xx_hal_rcc.o
 .debug_line    0x0000000000005c43     0x367b ./Drivers/STM32F4xx_HAL_Driver/Src/stm32f4xx_hal_tim.o
 .debug_line    0x00000000000092be     0x1984 ./Drivers/STM32F4xx_HAL_Driver/Src/stm32f4xx_hal_tim_ex.o
 .debug_line    0x000000000000ac42      0xc98 ./ThirdParty/FreeRTOS/MemMang/heap_4.o
 .debug_line    0x000000000000b8da      0x9f3 ./ThirdParty/FreeRTOS/list.o
 .debug_line    0x000000000000c2cd     0x1931 ./ThirdParty/FreeRTOS/queue.o
 .debug_line    0x000000000000dbfe     0x20f3 ./ThirdParty/FreeRTOS/tasks.o
 .debug_line    0x000000000000fcf1      0xf15 ./ThirdParty/FreeRTOS/timers.o
 .debug_line    0x0000000000010c06      0xb73 ./ThirdParty/FreeRTOS/portable/GCC/ARM_CM4F/port.o
 .debug_line    0x0000000000011779      0x7cf ./ThirdParty/SEGGER/Config/SEGGER_SYSVIEW_Config_FreeRTOS.o
 .debug_line    0x0000000000011f48      0xadb ./ThirdParty/SEGGER/OS/SEGGER_SYSVIEW_FreeRTOS.o
 .debug_line    0x0000000000012a23      0xee4 ./ThirdParty/SEGGER/SEGGER/SEGGER_RTT.o
 .debug_line    0x0000000000013907       0xa0 ./ThirdParty/SEGGER/SEGGER/SEGGER_RTT_ASM_ARMv7M.o
 .debug_line    0x00000000000139a7     0x2383 ./ThirdParty/SEGGER/SEGGER/SEGGER_SYSVIEW.o

.debug_str      0x0000000000000000    0xe6c39
 .debug_str     0x0000000000000000    0xdadb8 ./Core/Src/main.o
                                      0xdb151 (size before relaxing)
 .debug_str     0x00000000000dadb8       0x40 ./Core/Src/stm32f4xx_hal_msp.o
                                      0xd8afd (size before relaxing)
 .debug_str     0x00000000000dadf8      0x678 ./Core/Src/stm32f4xx_hal_timebase_tim.o
                                      0xd1582 (size before relaxing)
 .debug_str     0x00000000000db470       0xb9 ./Core/Src/stm32f4xx_it.o
                                      0xd1d14 (size before relaxing)
 .debug_str     0x00000000000db529       0xdb ./Core/Src/system_stm32f4xx.o
                                      0xd0a27 (size before relaxing)
 .debug_str     0x00000000000db604       0x36 ./Core/Startup/startup_stm32f429zitx.o
                                         0xb4 (size before relaxing)
 .debug_str     0x00000000000db63a      0x60e ./Drivers/STM32F4xx_HAL_Driver/Src/stm32f4xx_hal.o
                                      0xd164a (size before relaxing)
 .debug_str     0x00000000000dbc48      0x33a ./Drivers/STM32F4xx_HAL_Driver/Src/stm32f4xx_hal_cortex.o
                                      0xd132f (size before relaxing)
 .debug_str     0x00000000000dbf82      0x131 ./Drivers/STM32F4xx_HAL_Driver/Src/stm32f4xx_hal_gpio.o
                                      0xd0ba2 (size before relaxing)
 .debug_str     0x00000000000dc0b3      0x1fd ./Drivers/STM32F4xx_HAL_Driver/Src/stm32f4xx_hal_rcc.o
                                      0xd0e5b (size before relaxing)
 .debug_str     0x00000000000dc2b0      0xe69 ./Drivers/STM32F4xx_HAL_Driver/Src/stm32f4xx_hal_tim.o
                                      0xd1d8e (size before relaxing)
 .debug_str     0x00000000000dd119      0x503 ./Drivers/STM32F4xx_HAL_Driver/Src/stm32f4xx_hal_tim_ex.o
                                      0xd15aa (size before relaxing)
 .debug_str     0x00000000000dd61c     0x3586 ./ThirdParty/FreeRTOS/MemMang/heap_4.o
                                      0x10515 (size before relaxing)
 .debug_str     0x00000000000e0ba2      0x11d ./ThirdParty/FreeRTOS/list.o
                                       0xecf4 (size before relaxing)
 .debug_str     0x00000000000e0cbf     0x1409 ./ThirdParty/FreeRTOS/queue.o
                                      0x11475 (size before relaxing)
 .debug_str     0x00000000000e20c8     0x1be3 ./ThirdParty/FreeRTOS/tasks.o
                                      0x11f92 (size before relaxing)
 .debug_str     0x00000000000e3cab      0x53b ./ThirdParty/FreeRTOS/timers.o
                                      0x11573 (size before relaxing)
 .debug_str     0x00000000000e41e6      0x839 ./ThirdParty/FreeRTOS/portable/GCC/ARM_CM4F/port.o
                                       0xd8da (size before relaxing)
 .debug_str     0x00000000000e4a1f      0x1b0 ./ThirdParty/SEGGER/Config/SEGGER_SYSVIEW_Config_FreeRTOS.o
                                       0xb382 (size before relaxing)
 .debug_str     0x00000000000e4bcf       0xf6 ./ThirdParty/SEGGER/OS/SEGGER_SYSVIEW_FreeRTOS.o
                                       0xff49 (size before relaxing)
 .debug_str     0x00000000000e4cc5     0x105e ./ThirdParty/SEGGER/SEGGER/SEGGER_RTT.o
                                       0x77e1 (size before relaxing)
 .debug_str     0x00000000000e5d23       0x34 ./ThirdParty/SEGGER/SEGGER/SEGGER_RTT_ASM_ARMv7M.o
                                         0xc0 (size before relaxing)
 .debug_str     0x00000000000e5d57      0xee2 ./ThirdParty/SEGGER/SEGGER/SEGGER_SYSVIEW.o
                                       0x9a49 (size before relaxing)

.comment        0x0000000000000000       0x50
 .comment       0x0000000000000000       0x50 ./Core/Src/main.o
                                         0x51 (size before relaxing)
 .comment       0x0000000000000050       0x51 ./Core/Src/stm32f4xx_hal_msp.o
 .comment       0x0000000000000050       0x51 ./Core/Src/stm32f4xx_hal_timebase_tim.o
 .comment       0x0000000000000050       0x51 ./Core/Src/stm32f4xx_it.o
 .comment       0x0000000000000050       0x51 ./Core/Src/system_stm32f4xx.o
 .comment       0x0000000000000050       0x51 ./Drivers/STM32F4xx_HAL_Driver/Src/stm32f4xx_hal.o
 .comment       0x0000000000000050       0x51 ./Drivers/STM32F4xx_HAL_Driver/Src/stm32f4xx_hal_cortex.o
 .comment       0x0000000000000050       0x51 ./Drivers/STM32F4xx_HAL_Driver/Src/stm32f4xx_hal_gpio.o
 .comment       0x0000000000000050       0x51 ./Drivers/STM32F4xx_HAL_Driver/Src/stm32f4xx_hal_rcc.o
 .comment       0x0000000000000050       0x51 ./Drivers/STM32F4xx_HAL_Driver/Src/stm32f4xx_hal_tim.o
 .comment       0x0000000000000050       0x51 ./Drivers/STM32F4xx_HAL_Driver/Src/stm32f4xx_hal_tim_ex.o
 .comment       0x0000000000000050       0x51 ./ThirdParty/FreeRTOS/MemMang/heap_4.o
 .comment       0x0000000000000050       0x51 ./ThirdParty/FreeRTOS/list.o
 .comment       0x0000000000000050       0x51 ./ThirdParty/FreeRTOS/queue.o
 .comment       0x0000000000000050       0x51 ./ThirdParty/FreeRTOS/tasks.o
 .comment       0x0000000000000050       0x51 ./ThirdParty/FreeRTOS/timers.o
 .comment       0x0000000000000050       0x51 ./ThirdParty/FreeRTOS/portable/GCC/ARM_CM4F/port.o
 .comment       0x0000000000000050       0x51 ./ThirdParty/SEGGER/Config/SEGGER_SYSVIEW_Config_FreeRTOS.o
 .comment       0x0000000000000050       0x51 ./ThirdParty/SEGGER/OS/SEGGER_SYSVIEW_FreeRTOS.o
 .comment       0x0000000000000050       0x51 ./ThirdParty/SEGGER/SEGGER/SEGGER_RTT.o
 .comment       0x0000000000000050       0x51 ./ThirdParty/SEGGER/SEGGER/SEGGER_SYSVIEW.o

.debug_frame    0x0000000000000000     0x5130
 .debug_frame   0x0000000000000000       0xf0 ./Core/Src/main.o
 .debug_frame   0x00000000000000f0       0x34 ./Core/Src/stm32f4xx_hal_msp.o
 .debug_frame   0x0000000000000124       0x74 ./Core/Src/stm32f4xx_hal_timebase_tim.o
 .debug_frame   0x0000000000000198       0xc4 ./Core/Src/stm32f4xx_it.o
 .debug_frame   0x000000000000025c       0x58 ./Core/Src/system_stm32f4xx.o
 .debug_frame   0x00000000000002b4      0x3b4 ./Drivers/STM32F4xx_HAL_Driver/Src/stm32f4xx_hal.o
 .debug_frame   0x0000000000000668      0x498 ./Drivers/STM32F4xx_HAL_Driver/Src/stm32f4xx_hal_cortex.o
 .debug_frame   0x0000000000000b00      0x14c ./Drivers/STM32F4xx_HAL_Driver/Src/stm32f4xx_hal_gpio.o
 .debug_frame   0x0000000000000c4c      0x1f4 ./Drivers/STM32F4xx_HAL_Driver/Src/stm32f4xx_hal_rcc.o
 .debug_frame   0x0000000000000e40     0x11c4 ./Drivers/STM32F4xx_HAL_Driver/Src/stm32f4xx_hal_tim.o
 .debug_frame   0x0000000000002004      0x638 ./Drivers/STM32F4xx_HAL_Driver/Src/stm32f4xx_hal_tim_ex.o
 .debug_frame   0x000000000000263c      0x150 ./ThirdParty/FreeRTOS/MemMang/heap_4.o
 .debug_frame   0x000000000000278c       0xd8 ./ThirdParty/FreeRTOS/list.o
 .debug_frame   0x0000000000002864      0x544 ./ThirdParty/FreeRTOS/queue.o
 .debug_frame   0x0000000000002da8      0x904 ./ThirdParty/FreeRTOS/tasks.o
 .debug_frame   0x00000000000036ac      0x3c8 ./ThirdParty/FreeRTOS/timers.o
 .debug_frame   0x0000000000003a74      0x1d0 ./ThirdParty/FreeRTOS/portable/GCC/ARM_CM4F/port.o
 .debug_frame   0x0000000000003c44       0x48 ./ThirdParty/SEGGER/Config/SEGGER_SYSVIEW_Config_FreeRTOS.o
 .debug_frame   0x0000000000003c8c      0x104 ./ThirdParty/SEGGER/OS/SEGGER_SYSVIEW_FreeRTOS.o
 .debug_frame   0x0000000000003d90      0x52c ./ThirdParty/SEGGER/SEGGER/SEGGER_RTT.o
 .debug_frame   0x00000000000042bc      0xd78 ./ThirdParty/SEGGER/SEGGER/SEGGER_SYSVIEW.o
 .debug_frame   0x0000000000005034       0x2c d:/st/stm32cubeide_1.9.0/stm32cubeide/plugins/com.st.stm32cube.ide.mcu.externaltools.gnu-tools-for-stm32.10.3-2021.10.win32_1.0.0.202111181127/tools/bin/../lib/gcc/arm-none-eabi/10.3.1/../../../../arm-none-eabi/lib/thumb/v7e-m+fp/hard\libc_nano.a(lib_a-init.o)
 .debug_frame   0x0000000000005060       0x28 d:/st/stm32cubeide_1.9.0/stm32cubeide/plugins/com.st.stm32cube.ide.mcu.externaltools.gnu-tools-for-stm32.10.3-2021.10.win32_1.0.0.202111181127/tools/bin/../lib/gcc/arm-none-eabi/10.3.1/../../../../arm-none-eabi/lib/thumb/v7e-m+fp/hard\libc_nano.a(lib_a-memcmp.o)
 .debug_frame   0x0000000000005088       0x28 d:/st/stm32cubeide_1.9.0/stm32cubeide/plugins/com.st.stm32cube.ide.mcu.externaltools.gnu-tools-for-stm32.10.3-2021.10.win32_1.0.0.202111181127/tools/bin/../lib/gcc/arm-none-eabi/10.3.1/../../../../arm-none-eabi/lib/thumb/v7e-m+fp/hard\libc_nano.a(lib_a-memcpy-stub.o)
 .debug_frame   0x00000000000050b0       0x20 d:/st/stm32cubeide_1.9.0/stm32cubeide/plugins/com.st.stm32cube.ide.mcu.externaltools.gnu-tools-for-stm32.10.3-2021.10.win32_1.0.0.202111181127/tools/bin/../lib/gcc/arm-none-eabi/10.3.1/../../../../arm-none-eabi/lib/thumb/v7e-m+fp/hard\libc_nano.a(lib_a-memset.o)
 .debug_frame   0x00000000000050d0       0x2c d:/st/stm32cubeide_1.9.0/stm32cubeide/plugins/com.st.stm32cube.ide.mcu.externaltools.gnu-tools-for-stm32.10.3-2021.10.win32_1.0.0.202111181127/tools/bin/../lib/gcc/arm-none-eabi/10.3.1/thumb/v7e-m+fp/hard\libgcc.a(_aeabi_uldivmod.o)
 .debug_frame   0x00000000000050fc       0x34 d:/st/stm32cubeide_1.9.0/stm32cubeide/plugins/com.st.stm32cube.ide.mcu.externaltools.gnu-tools-for-stm32.10.3-2021.10.win32_1.0.0.202111181127/tools/bin/../lib/gcc/arm-none-eabi/10.3.1/thumb/v7e-m+fp/hard\libgcc.a(_udivmoddi4.o)
