../ThirdParty/SEGGER/SEGGER/SEGGER_SYSVIEW.c:425:12:_EncodeData	32	static
../ThirdParty/SEGGER/SEGGER/SEGGER_SYSVIEW.c:470:12:_EncodeStr	32	static
../ThirdParty/SEGGER/SEGGER/SEGGER_SYSVIEW.c:524:12:_PreparePacket	16	static
../ThirdParty/SEGGER/SEGGER/SEGGER_SYSVIEW.c:541:13:_HandleIncomingPacket	16	static
../ThirdParty/SEGGER/SEGGER/SEGGER_SYSVIEW.c:608:12:_TrySendOverflowPacket	56	static
../ThirdParty/SEGGER/SEGGER/SEGGER_SYSVIEW.c:712:13:_SendPacket	48	static
../ThirdParty/SEGGER/SEGGER/SEGGER_SYSVIEW.c:917:12:_VPrintHost	144	static,ignoring_inline_asm
../ThirdParty/SEGGER/SEGGER/SEGGER_SYSVIEW.c:998:13:_StoreChar	48	static
../ThirdParty/SEGGER/SEGGER/SEGGER_SYSVIEW.c:1040:13:_PrintUnsigned	48	static
../ThirdParty/SEGGER/SEGGER/SEGGER_SYSVIEW.c:1131:13:_PrintInt	40	static
../ThirdParty/SEGGER/SEGGER/SEGGER_SYSVIEW.c:1204:13:_VPrintTarget	104	static,ignoring_inline_asm
../ThirdParty/SEGGER/SEGGER/SEGGER_SYSVIEW.c:1394:6:SEGGER_SYSVIEW_Init	32	static
../ThirdParty/SEGGER/SEGGER/SEGGER_SYSVIEW.c:1445:6:SEGGER_SYSVIEW_SetRAMBase	16	static
../ThirdParty/SEGGER/SEGGER/SEGGER_SYSVIEW.c:1459:6:SEGGER_SYSVIEW_RecordVoid	24	static,ignoring_inline_asm
../ThirdParty/SEGGER/SEGGER/SEGGER_SYSVIEW.c:1479:6:SEGGER_SYSVIEW_RecordU32	40	static,ignoring_inline_asm
../ThirdParty/SEGGER/SEGGER/SEGGER_SYSVIEW.c:1502:6:SEGGER_SYSVIEW_RecordU32x2	56	static,ignoring_inline_asm
../ThirdParty/SEGGER/SEGGER/SEGGER_SYSVIEW.c:1527:6:SEGGER_SYSVIEW_RecordU32x3	64	static,ignoring_inline_asm
../ThirdParty/SEGGER/SEGGER/SEGGER_SYSVIEW.c:1554:6:SEGGER_SYSVIEW_RecordU32x4	72	static,ignoring_inline_asm
../ThirdParty/SEGGER/SEGGER/SEGGER_SYSVIEW.c:1583:6:SEGGER_SYSVIEW_RecordU32x5	80	static,ignoring_inline_asm
../ThirdParty/SEGGER/SEGGER/SEGGER_SYSVIEW.c:1614:6:SEGGER_SYSVIEW_RecordU32x6	88	static,ignoring_inline_asm
../ThirdParty/SEGGER/SEGGER/SEGGER_SYSVIEW.c:1647:6:SEGGER_SYSVIEW_RecordU32x7	96	static,ignoring_inline_asm
../ThirdParty/SEGGER/SEGGER/SEGGER_SYSVIEW.c:1682:6:SEGGER_SYSVIEW_RecordU32x8	104	static,ignoring_inline_asm
../ThirdParty/SEGGER/SEGGER/SEGGER_SYSVIEW.c:1719:6:SEGGER_SYSVIEW_RecordU32x9	112	static,ignoring_inline_asm
../ThirdParty/SEGGER/SEGGER/SEGGER_SYSVIEW.c:1758:6:SEGGER_SYSVIEW_RecordU32x10	120	static,ignoring_inline_asm
../ThirdParty/SEGGER/SEGGER/SEGGER_SYSVIEW.c:1793:6:SEGGER_SYSVIEW_RecordString	32	static,ignoring_inline_asm
../ThirdParty/SEGGER/SEGGER/SEGGER_SYSVIEW.c:1829:6:SEGGER_SYSVIEW_Start	56	static,ignoring_inline_asm
../ThirdParty/SEGGER/SEGGER/SEGGER_SYSVIEW.c:1884:6:SEGGER_SYSVIEW_Stop	16	static,ignoring_inline_asm
../ThirdParty/SEGGER/SEGGER/SEGGER_SYSVIEW.c:1902:5:SEGGER_SYSVIEW_GetChannelID	4	static
../ThirdParty/SEGGER/SEGGER/SEGGER_SYSVIEW.c:1914:6:SEGGER_SYSVIEW_GetSysDesc	56	static,ignoring_inline_asm
../ThirdParty/SEGGER/SEGGER/SEGGER_SYSVIEW.c:1942:6:SEGGER_SYSVIEW_SendTaskInfo	80	static,ignoring_inline_asm
../ThirdParty/SEGGER/SEGGER/SEGGER_SYSVIEW.c:1969:6:SEGGER_SYSVIEW_SendTaskList	8	static
../ThirdParty/SEGGER/SEGGER/SEGGER_SYSVIEW.c:1999:6:SEGGER_SYSVIEW_SendSysDesc	32	static,ignoring_inline_asm
../ThirdParty/SEGGER/SEGGER/SEGGER_SYSVIEW.c:2017:6:SEGGER_SYSVIEW_RecordSystime	24	static
../ThirdParty/SEGGER/SEGGER/SEGGER_SYSVIEW.c:2041:6:SEGGER_SYSVIEW_RecordEnterISR	32	static,ignoring_inline_asm
../ThirdParty/SEGGER/SEGGER/SEGGER_SYSVIEW.c:2068:6:SEGGER_SYSVIEW_RecordExitISR	16	static,ignoring_inline_asm
../ThirdParty/SEGGER/SEGGER/SEGGER_SYSVIEW.c:2090:6:SEGGER_SYSVIEW_RecordExitISRToScheduler	16	static,ignoring_inline_asm
../ThirdParty/SEGGER/SEGGER/SEGGER_SYSVIEW.c:2108:6:SEGGER_SYSVIEW_RecordEnterTimer	40	static,ignoring_inline_asm
../ThirdParty/SEGGER/SEGGER/SEGGER_SYSVIEW.c:2126:6:SEGGER_SYSVIEW_RecordExitTimer	16	static,ignoring_inline_asm
../ThirdParty/SEGGER/SEGGER/SEGGER_SYSVIEW.c:2144:6:SEGGER_SYSVIEW_RecordEndCall	40	static,ignoring_inline_asm
../ThirdParty/SEGGER/SEGGER/SEGGER_SYSVIEW.c:2166:6:SEGGER_SYSVIEW_RecordEndCallU32	48	static,ignoring_inline_asm
../ThirdParty/SEGGER/SEGGER/SEGGER_SYSVIEW.c:2185:6:SEGGER_SYSVIEW_OnIdle	16	static,ignoring_inline_asm
../ThirdParty/SEGGER/SEGGER/SEGGER_SYSVIEW.c:2204:6:SEGGER_SYSVIEW_OnTaskCreate	40	static,ignoring_inline_asm
../ThirdParty/SEGGER/SEGGER/SEGGER_SYSVIEW.c:2229:6:SEGGER_SYSVIEW_OnTaskTerminate	40	static,ignoring_inline_asm
../ThirdParty/SEGGER/SEGGER/SEGGER_SYSVIEW.c:2253:6:SEGGER_SYSVIEW_OnTaskStartExec	40	static,ignoring_inline_asm
../ThirdParty/SEGGER/SEGGER/SEGGER_SYSVIEW.c:2273:6:SEGGER_SYSVIEW_OnTaskStopExec	16	static,ignoring_inline_asm
../ThirdParty/SEGGER/SEGGER/SEGGER_SYSVIEW.c:2291:6:SEGGER_SYSVIEW_OnTaskStartReady	40	static,ignoring_inline_asm
../ThirdParty/SEGGER/SEGGER/SEGGER_SYSVIEW.c:2314:6:SEGGER_SYSVIEW_OnTaskStopReady	48	static,ignoring_inline_asm
../ThirdParty/SEGGER/SEGGER/SEGGER_SYSVIEW.c:2337:6:SEGGER_SYSVIEW_MarkStart	40	static,ignoring_inline_asm
../ThirdParty/SEGGER/SEGGER/SEGGER_SYSVIEW.c:2358:6:SEGGER_SYSVIEW_MarkStop	40	static,ignoring_inline_asm
../ThirdParty/SEGGER/SEGGER/SEGGER_SYSVIEW.c:2379:6:SEGGER_SYSVIEW_Mark	48	static,ignoring_inline_asm
../ThirdParty/SEGGER/SEGGER/SEGGER_SYSVIEW.c:2406:6:SEGGER_SYSVIEW_NameMarker	48	static,ignoring_inline_asm
../ThirdParty/SEGGER/SEGGER/SEGGER_SYSVIEW.c:2434:6:SEGGER_SYSVIEW_NameResource	40	static,ignoring_inline_asm
../ThirdParty/SEGGER/SEGGER/SEGGER_SYSVIEW.c:2475:6:SEGGER_SYSVIEW_HeapDefine	80	static,ignoring_inline_asm
../ThirdParty/SEGGER/SEGGER/SEGGER_SYSVIEW.c:2524:6:SEGGER_SYSVIEW_HeapAlloc	72	static,ignoring_inline_asm
../ThirdParty/SEGGER/SEGGER/SEGGER_SYSVIEW.c:2576:6:SEGGER_SYSVIEW_HeapAllocEx	80	static,ignoring_inline_asm
../ThirdParty/SEGGER/SEGGER/SEGGER_SYSVIEW.c:2606:6:SEGGER_SYSVIEW_HeapFree	56	static,ignoring_inline_asm
../ThirdParty/SEGGER/SEGGER/SEGGER_SYSVIEW.c:2636:5:SEGGER_SYSVIEW_SendPacket	32	static,ignoring_inline_asm
../ThirdParty/SEGGER/SEGGER/SEGGER_SYSVIEW.c:2663:5:SEGGER_SYSVIEW_EncodeU32	24	static
../ThirdParty/SEGGER/SEGGER/SEGGER_SYSVIEW.c:2690:5:SEGGER_SYSVIEW_EncodeString	24	static
../ThirdParty/SEGGER/SEGGER/SEGGER_SYSVIEW.c:2716:5:SEGGER_SYSVIEW_EncodeData	24	static
../ThirdParty/SEGGER/SEGGER/SEGGER_SYSVIEW.c:2744:5:SEGGER_SYSVIEW_EncodeId	24	static
../ThirdParty/SEGGER/SEGGER/SEGGER_SYSVIEW.c:2772:5:SEGGER_SYSVIEW_ShrinkId	16	static
../ThirdParty/SEGGER/SEGGER/SEGGER_SYSVIEW.c:2794:6:SEGGER_SYSVIEW_RegisterModule	24	static,ignoring_inline_asm
../ThirdParty/SEGGER/SEGGER/SEGGER_SYSVIEW.c:2832:6:SEGGER_SYSVIEW_RecordModuleDescription	56	static,ignoring_inline_asm
../ThirdParty/SEGGER/SEGGER/SEGGER_SYSVIEW.c:2873:6:SEGGER_SYSVIEW_SendModule	56	static,ignoring_inline_asm
../ThirdParty/SEGGER/SEGGER/SEGGER_SYSVIEW.c:2915:6:SEGGER_SYSVIEW_SendModuleDescription	16	static
../ThirdParty/SEGGER/SEGGER/SEGGER_SYSVIEW.c:2936:6:SEGGER_SYSVIEW_SendNumModules	32	static,ignoring_inline_asm
../ThirdParty/SEGGER/SEGGER/SEGGER_SYSVIEW.c:2963:6:SEGGER_SYSVIEW_PrintfHostEx	28	static
../ThirdParty/SEGGER/SEGGER/SEGGER_SYSVIEW.c:3000:6:SEGGER_SYSVIEW_VPrintfHostEx	24	static
../ThirdParty/SEGGER/SEGGER/SEGGER_SYSVIEW.c:3030:6:SEGGER_SYSVIEW_PrintfHost	16	static
../ThirdParty/SEGGER/SEGGER/SEGGER_SYSVIEW.c:3065:6:SEGGER_SYSVIEW_VPrintfHost	16	static
../ThirdParty/SEGGER/SEGGER/SEGGER_SYSVIEW.c:3096:6:SEGGER_SYSVIEW_WarnfHost	16	static
../ThirdParty/SEGGER/SEGGER/SEGGER_SYSVIEW.c:3132:6:SEGGER_SYSVIEW_VWarnfHost	16	static
../ThirdParty/SEGGER/SEGGER/SEGGER_SYSVIEW.c:3163:6:SEGGER_SYSVIEW_ErrorfHost	16	static
../ThirdParty/SEGGER/SEGGER/SEGGER_SYSVIEW.c:3199:6:SEGGER_SYSVIEW_VErrorfHost	16	static
../ThirdParty/SEGGER/SEGGER/SEGGER_SYSVIEW.c:3228:6:SEGGER_SYSVIEW_PrintfTargetEx	28	static
../ThirdParty/SEGGER/SEGGER/SEGGER_SYSVIEW.c:3249:6:SEGGER_SYSVIEW_VPrintfTargetEx	24	static
../ThirdParty/SEGGER/SEGGER/SEGGER_SYSVIEW.c:3264:6:SEGGER_SYSVIEW_PrintfTarget	16	static
../ThirdParty/SEGGER/SEGGER/SEGGER_SYSVIEW.c:3284:6:SEGGER_SYSVIEW_VPrintfTarget	16	static
../ThirdParty/SEGGER/SEGGER/SEGGER_SYSVIEW.c:3299:6:SEGGER_SYSVIEW_WarnfTarget	16	static
../ThirdParty/SEGGER/SEGGER/SEGGER_SYSVIEW.c:3319:6:SEGGER_SYSVIEW_VWarnfTarget	16	static
../ThirdParty/SEGGER/SEGGER/SEGGER_SYSVIEW.c:3334:6:SEGGER_SYSVIEW_ErrorfTarget	16	static
../ThirdParty/SEGGER/SEGGER/SEGGER_SYSVIEW.c:3354:6:SEGGER_SYSVIEW_VErrorfTarget	16	static
../ThirdParty/SEGGER/SEGGER/SEGGER_SYSVIEW.c:3369:6:SEGGER_SYSVIEW_Print	48	static,ignoring_inline_asm
../ThirdParty/SEGGER/SEGGER/SEGGER_SYSVIEW.c:3391:6:SEGGER_SYSVIEW_Warn	48	static,ignoring_inline_asm
../ThirdParty/SEGGER/SEGGER/SEGGER_SYSVIEW.c:3413:6:SEGGER_SYSVIEW_Error	48	static,ignoring_inline_asm
../ThirdParty/SEGGER/SEGGER/SEGGER_SYSVIEW.c:3435:6:SEGGER_SYSVIEW_EnableEvents	16	static
../ThirdParty/SEGGER/SEGGER/SEGGER_SYSVIEW.c:3449:6:SEGGER_SYSVIEW_DisableEvents	16	static
../ThirdParty/SEGGER/SEGGER/SEGGER_SYSVIEW.c:3464:5:SEGGER_SYSVIEW_IsStarted	8	static
