Archive member included to satisfy reference by file (symbol)

d:/st/stm32cubeide_1.9.0/stm32cubeide/plugins/com.st.stm32cube.ide.mcu.externaltools.gnu-tools-for-stm32.10.3-2021.10.win32_1.0.0.202111181127/tools/bin/../lib/gcc/arm-none-eabi/10.3.1/../../../../arm-none-eabi/lib/thumb/v7e-m+fp/hard\libc_nano.a(lib_a-errno.o)
                              ./Core/Src/syscalls.o (__errno)
d:/st/stm32cubeide_1.9.0/stm32cubeide/plugins/com.st.stm32cube.ide.mcu.externaltools.gnu-tools-for-stm32.10.3-2021.10.win32_1.0.0.202111181127/tools/bin/../lib/gcc/arm-none-eabi/10.3.1/../../../../arm-none-eabi/lib/thumb/v7e-m+fp/hard\libc_nano.a(lib_a-exit.o)
                              d:/st/stm32cubeide_1.9.0/stm32cubeide/plugins/com.st.stm32cube.ide.mcu.externaltools.gnu-tools-for-stm32.10.3-2021.10.win32_1.0.0.202111181127/tools/bin/../lib/gcc/arm-none-eabi/10.3.1/../../../../arm-none-eabi/lib/thumb/v7e-m+fp/hard/crt0.o (exit)
d:/st/stm32cubeide_1.9.0/stm32cubeide/plugins/com.st.stm32cube.ide.mcu.externaltools.gnu-tools-for-stm32.10.3-2021.10.win32_1.0.0.202111181127/tools/bin/../lib/gcc/arm-none-eabi/10.3.1/../../../../arm-none-eabi/lib/thumb/v7e-m+fp/hard\libc_nano.a(lib_a-impure.o)
                              d:/st/stm32cubeide_1.9.0/stm32cubeide/plugins/com.st.stm32cube.ide.mcu.externaltools.gnu-tools-for-stm32.10.3-2021.10.win32_1.0.0.202111181127/tools/bin/../lib/gcc/arm-none-eabi/10.3.1/../../../../arm-none-eabi/lib/thumb/v7e-m+fp/hard\libc_nano.a(lib_a-exit.o) (_global_impure_ptr)
d:/st/stm32cubeide_1.9.0/stm32cubeide/plugins/com.st.stm32cube.ide.mcu.externaltools.gnu-tools-for-stm32.10.3-2021.10.win32_1.0.0.202111181127/tools/bin/../lib/gcc/arm-none-eabi/10.3.1/../../../../arm-none-eabi/lib/thumb/v7e-m+fp/hard\libc_nano.a(lib_a-init.o)
                              d:/st/stm32cubeide_1.9.0/stm32cubeide/plugins/com.st.stm32cube.ide.mcu.externaltools.gnu-tools-for-stm32.10.3-2021.10.win32_1.0.0.202111181127/tools/bin/../lib/gcc/arm-none-eabi/10.3.1/../../../../arm-none-eabi/lib/thumb/v7e-m+fp/hard/crt0.o (__libc_init_array)
d:/st/stm32cubeide_1.9.0/stm32cubeide/plugins/com.st.stm32cube.ide.mcu.externaltools.gnu-tools-for-stm32.10.3-2021.10.win32_1.0.0.202111181127/tools/bin/../lib/gcc/arm-none-eabi/10.3.1/../../../../arm-none-eabi/lib/thumb/v7e-m+fp/hard\libc_nano.a(lib_a-memcpy-stub.o)
                              ./ThirdParty/FreeRTOS/queue.o (memcpy)
d:/st/stm32cubeide_1.9.0/stm32cubeide/plugins/com.st.stm32cube.ide.mcu.externaltools.gnu-tools-for-stm32.10.3-2021.10.win32_1.0.0.202111181127/tools/bin/../lib/gcc/arm-none-eabi/10.3.1/../../../../arm-none-eabi/lib/thumb/v7e-m+fp/hard\libc_nano.a(lib_a-memset.o)
                              d:/st/stm32cubeide_1.9.0/stm32cubeide/plugins/com.st.stm32cube.ide.mcu.externaltools.gnu-tools-for-stm32.10.3-2021.10.win32_1.0.0.202111181127/tools/bin/../lib/gcc/arm-none-eabi/10.3.1/../../../../arm-none-eabi/lib/thumb/v7e-m+fp/hard/crt0.o (memset)
d:/st/stm32cubeide_1.9.0/stm32cubeide/plugins/com.st.stm32cube.ide.mcu.externaltools.gnu-tools-for-stm32.10.3-2021.10.win32_1.0.0.202111181127/tools/bin/../lib/gcc/arm-none-eabi/10.3.1/thumb/v7e-m+fp/hard\libgcc.a(_aeabi_uldivmod.o)
                              ./Drivers/STM32F4xx_HAL_Driver/Src/stm32f4xx_hal_rcc.o (__aeabi_uldivmod)
d:/st/stm32cubeide_1.9.0/stm32cubeide/plugins/com.st.stm32cube.ide.mcu.externaltools.gnu-tools-for-stm32.10.3-2021.10.win32_1.0.0.202111181127/tools/bin/../lib/gcc/arm-none-eabi/10.3.1/thumb/v7e-m+fp/hard\libgcc.a(_udivmoddi4.o)
                              d:/st/stm32cubeide_1.9.0/stm32cubeide/plugins/com.st.stm32cube.ide.mcu.externaltools.gnu-tools-for-stm32.10.3-2021.10.win32_1.0.0.202111181127/tools/bin/../lib/gcc/arm-none-eabi/10.3.1/thumb/v7e-m+fp/hard\libgcc.a(_aeabi_uldivmod.o) (__udivmoddi4)
d:/st/stm32cubeide_1.9.0/stm32cubeide/plugins/com.st.stm32cube.ide.mcu.externaltools.gnu-tools-for-stm32.10.3-2021.10.win32_1.0.0.202111181127/tools/bin/../lib/gcc/arm-none-eabi/10.3.1/thumb/v7e-m+fp/hard\libgcc.a(_dvmd_tls.o)
                              d:/st/stm32cubeide_1.9.0/stm32cubeide/plugins/com.st.stm32cube.ide.mcu.externaltools.gnu-tools-for-stm32.10.3-2021.10.win32_1.0.0.202111181127/tools/bin/../lib/gcc/arm-none-eabi/10.3.1/thumb/v7e-m+fp/hard\libgcc.a(_aeabi_uldivmod.o) (__aeabi_ldiv0)

Discarded input sections

 .text          0x0000000000000000        0x0 d:/st/stm32cubeide_1.9.0/stm32cubeide/plugins/com.st.stm32cube.ide.mcu.externaltools.gnu-tools-for-stm32.10.3-2021.10.win32_1.0.0.202111181127/tools/bin/../lib/gcc/arm-none-eabi/10.3.1/thumb/v7e-m+fp/hard/crti.o
 .data          0x0000000000000000        0x0 d:/st/stm32cubeide_1.9.0/stm32cubeide/plugins/com.st.stm32cube.ide.mcu.externaltools.gnu-tools-for-stm32.10.3-2021.10.win32_1.0.0.202111181127/tools/bin/../lib/gcc/arm-none-eabi/10.3.1/thumb/v7e-m+fp/hard/crti.o
[...]
Memory Configuration

Name             Origin             Length             Attributes
CCMRAM           0x0000000010000000 0x0000000000010000 xrw
RAM              0x0000000020000000 0x0000000000030000 xrw
FLASH            0x0000000008000000 0x0000000000200000 xr
*default*        0x0000000000000000 0xffffffffffffffff

Linker script and memory map

LOAD d:/st/stm32cubeide_1.9.0/stm32cubeide/plugins/com.st.stm32cube.ide.mcu.externaltools.gnu-tools-for-stm32.10.3-2021.10.win32_1.0.0.202111181127/tools/bin/../lib/gcc/arm-none-eabi/10.3.1/thumb/v7e-m+fp/hard/crti.o
LOAD d:/st/stm32cubeide_1.9.0/stm32cubeide/plugins/com.st.stm32cube.ide.mcu.externaltools.gnu-tools-for-stm32.10.3-2021.10.win32_1.0.0.202111181127/tools/bin/../lib/gcc/arm-none-eabi/10.3.1/thumb/v7e-m+fp/hard/crtbegin.o
LOAD d:/st/stm32cubeide_1.9.0/stm32cubeide/plugins/com.st.stm32cube.ide.mcu.externaltools.gnu-tools-for-stm32.10.3-2021.10.win32_1.0.0.202111181127/tools/bin/../lib/gcc/arm-none-eabi/10.3.1/../../../../arm-none-eabi/lib/thumb/v7e-m+fp/hard/crt0.o
LOAD ./Core/Src/main.o
LOAD ./Core/Src/stm32f4xx_hal_msp.o
LOAD ./Core/Src/stm32f4xx_hal_timebase_tim.o
LOAD ./Core/Src/stm32f4xx_it.o
LOAD ./Core/Src/syscalls.o
LOAD ./Core/Src/system_stm32f4xx.o
LOAD ./Core/Startup/startup_stm32f429zitx.o
LOAD ./Drivers/STM32F4xx_HAL_Driver/Src/stm32f4xx_hal.o
LOAD ./Drivers/STM32F4xx_HAL_Driver/Src/stm32f4xx_hal_cortex.o
LOAD ./Drivers/STM32F4xx_HAL_Driver/Src/stm32f4xx_hal_dma.o
LOAD ./Drivers/STM32F4xx_HAL_Driver/Src/stm32f4xx_hal_dma_ex.o
LOAD ./Drivers/STM32F4xx_HAL_Driver/Src/stm32f4xx_hal_exti.o
LOAD ./Drivers/STM32F4xx_HAL_Driver/Src/stm32f4xx_hal_flash.o
LOAD ./Drivers/STM32F4xx_HAL_Driver/Src/stm32f4xx_hal_flash_ex.o
LOAD ./Drivers/STM32F4xx_HAL_Driver/Src/stm32f4xx_hal_flash_ramfunc.o
LOAD ./Drivers/STM32F4xx_HAL_Driver/Src/stm32f4xx_hal_gpio.o
LOAD ./Drivers/STM32F4xx_HAL_Driver/Src/stm32f4xx_hal_pwr.o
LOAD ./Drivers/STM32F4xx_HAL_Driver/Src/stm32f4xx_hal_pwr_ex.o
LOAD ./Drivers/STM32F4xx_HAL_Driver/Src/stm32f4xx_hal_rcc.o
LOAD ./Drivers/STM32F4xx_HAL_Driver/Src/stm32f4xx_hal_rcc_ex.o
LOAD ./Drivers/STM32F4xx_HAL_Driver/Src/stm32f4xx_hal_tim.o
LOAD ./Drivers/STM32F4xx_HAL_Driver/Src/stm32f4xx_hal_tim_ex.o
LOAD ./ThirdParty/FreeRTOS/MemMang/heap_4.o
LOAD ./ThirdParty/FreeRTOS/croutine.o
LOAD ./ThirdParty/FreeRTOS/event_groups.o
LOAD ./ThirdParty/FreeRTOS/list.o
LOAD ./ThirdParty/FreeRTOS/queue.o
LOAD ./ThirdParty/FreeRTOS/stream_buffer.o
LOAD ./ThirdParty/FreeRTOS/tasks.o
LOAD ./ThirdParty/FreeRTOS/timers.o
LOAD ./ThirdParty/FreeRTOS/portable/GCC/ARM_CM4F/port.o
START GROUP
LOAD d:/st/stm32cubeide_1.9.0/stm32cubeide/plugins/com.st.stm32cube.ide.mcu.externaltools.gnu-tools-for-stm32.10.3-2021.10.win32_1.0.0.202111181127/tools/bin/../lib/gcc/arm-none-eabi/10.3.1/../../../../arm-none-eabi/lib/thumb/v7e-m+fp/hard\libc_nano.a
LOAD d:/st/stm32cubeide_1.9.0/stm32cubeide/plugins/com.st.stm32cube.ide.mcu.externaltools.gnu-tools-for-stm32.10.3-2021.10.win32_1.0.0.202111181127/tools/bin/../lib/gcc/arm-none-eabi/10.3.1/../../../../arm-none-eabi/lib/thumb/v7e-m+fp/hard\libm.a
END GROUP
START GROUP
LOAD d:/st/stm32cubeide_1.9.0/stm32cubeide/plugins/com.st.stm32cube.ide.mcu.externaltools.gnu-tools-for-stm32.10.3-2021.10.win32_1.0.0.202111181127/tools/bin/../lib/gcc/arm-none-eabi/10.3.1/thumb/v7e-m+fp/hard\libgcc.a
LOAD d:/st/stm32cubeide_1.9.0/stm32cubeide/plugins/com.st.stm32cube.ide.mcu.externaltools.gnu-tools-for-stm32.10.3-2021.10.win32_1.0.0.202111181127/tools/bin/../lib/gcc/arm-none-eabi/10.3.1/../../../../arm-none-eabi/lib/thumb/v7e-m+fp/hard\libc_nano.a
END GROUP
START GROUP
LOAD d:/st/stm32cubeide_1.9.0/stm32cubeide/plugins/com.st.stm32cube.ide.mcu.externaltools.gnu-tools-for-stm32.10.3-2021.10.win32_1.0.0.202111181127/tools/bin/../lib/gcc/arm-none-eabi/10.3.1/thumb/v7e-m+fp/hard\libgcc.a
LOAD d:/st/stm32cubeide_1.9.0/stm32cubeide/plugins/com.st.stm32cube.ide.mcu.externaltools.gnu-tools-for-stm32.10.3-2021.10.win32_1.0.0.202111181127/tools/bin/../lib/gcc/arm-none-eabi/10.3.1/../../../../arm-none-eabi/lib/thumb/v7e-m+fp/hard\libc_nano.a
LOAD d:/st/stm32cubeide_1.9.0/stm32cubeide/plugins/com.st.stm32cube.ide.mcu.externaltools.gnu-tools-for-stm32.10.3-2021.10.win32_1.0.0.202111181127/tools/bin/../lib/gcc/arm-none-eabi/10.3.1/../../../../arm-none-eabi/lib/thumb/v7e-m+fp/hard\libnosys.a
END GROUP
START GROUP
LOAD d:/st/stm32cubeide_1.9.0/stm32cubeide/plugins/com.st.stm32cube.ide.mcu.externaltools.gnu-tools-for-stm32.10.3-2021.10.win32_1.0.0.202111181127/tools/bin/../lib/gcc/arm-none-eabi/10.3.1/thumb/v7e-m+fp/hard\libgcc.a
LOAD d:/st/stm32cubeide_1.9.0/stm32cubeide/plugins/com.st.stm32cube.ide.mcu.externaltools.gnu-tools-for-stm32.10.3-2021.10.win32_1.0.0.202111181127/tools/bin/../lib/gcc/arm-none-eabi/10.3.1/../../../../arm-none-eabi/lib/thumb/v7e-m+fp/hard\libc_nano.a
LOAD d:/st/stm32cubeide_1.9.0/stm32cubeide/plugins/com.st.stm32cube.ide.mcu.externaltools.gnu-tools-for-stm32.10.3-2021.10.win32_1.0.0.202111181127/tools/bin/../lib/gcc/arm-none-eabi/10.3.1/../../../../arm-none-eabi/lib/thumb/v7e-m+fp/hard\libnosys.a
END GROUP
LOAD d:/st/stm32cubeide_1.9.0/stm32cubeide/plugins/com.st.stm32cube.ide.mcu.externaltools.gnu-tools-for-stm32.10.3-2021.10.win32_1.0.0.202111181127/tools/bin/../lib/gcc/arm-none-eabi/10.3.1/thumb/v7e-m+fp/hard/crtend.o
LOAD d:/st/stm32cubeide_1.9.0/stm32cubeide/plugins/com.st.stm32cube.ide.mcu.externaltools.gnu-tools-for-stm32.10.3-2021.10.win32_1.0.0.202111181127/tools/bin/../lib/gcc/arm-none-eabi/10.3.1/thumb/v7e-m+fp/hard/crtn.o
                0x0000000020030000                _estack = (ORIGIN (RAM) + LENGTH (RAM))
                0x0000000000000200                _Min_Heap_Size = 0x200
                0x0000000000000400                _Min_Stack_Size = 0x400

.isr_vector     0x0000000008000000      0x1ac
                0x0000000008000000                . = ALIGN (0x4)
 *(.isr_vector)
 .isr_vector    0x0000000008000000      0x1ac ./Core/Startup/startup_stm32f429zitx.o
                0x0000000008000000                g_pfnVectors
                0x00000000080001ac                . = ALIGN (0x4)

.text           0x00000000080001b0     0x439c
                0x00000000080001b0                . = ALIGN (0x4)
 *(.text)
 .text          0x00000000080001b0       0x40 d:/st/stm32cubeide_1.9.0/stm32cubeide/plugins/com.st.stm32cube.ide.mcu.externaltools.gnu-tools-for-stm32.10.3-2021.10.win32_1.0.0.202111181127/tools/bin/../lib/gcc/arm-none-eabi/10.3.1/thumb/v7e-m+fp/hard/crtbegin.o
 .text          0x00000000080001f0       0x30 d:/st/stm32cubeide_1.9.0/stm32cubeide/plugins/com.st.stm32cube.ide.mcu.externaltools.gnu-tools-for-stm32.10.3-2021.10.win32_1.0.0.202111181127/tools/bin/../lib/gcc/arm-none-eabi/10.3.1/thumb/v7e-m+fp/hard\libgcc.a(_aeabi_uldivmod.o)
                0x00000000080001f0                __aeabi_uldivmod
 .text          0x0000000008000220      0x2d0 d:/st/stm32cubeide_1.9.0/stm32cubeide/plugins/com.st.stm32cube.ide.mcu.externaltools.gnu-tools-for-stm32.10.3-2021.10.win32_1.0.0.202111181127/tools/bin/../lib/gcc/arm-none-eabi/10.3.1/thumb/v7e-m+fp/hard\libgcc.a(_udivmoddi4.o)
                0x0000000008000220                __udivmoddi4
 .text          0x00000000080004f0        0x4 d:/st/stm32cubeide_1.9.0/stm32cubeide/plugins/com.st.stm32cube.ide.mcu.externaltools.gnu-tools-for-stm32.10.3-2021.10.win32_1.0.0.202111181127/tools/bin/../lib/gcc/arm-none-eabi/10.3.1/thumb/v7e-m+fp/hard\libgcc.a(_dvmd_tls.o)
                0x00000000080004f0                __aeabi_idiv0
                0x00000000080004f0                __aeabi_ldiv0
 *(.text*)
 .text.main     0x00000000080004f4       0xa4 ./Core/Src/main.o
                0x00000000080004f4                main
 .text.SystemClock_Config
                0x0000000008000598       0xd8 ./Core/Src/main.o
                0x0000000008000598                SystemClock_Config
 .text.MX_GPIO_Init
                0x0000000008000670      0x4bc ./Core/Src/main.o
 .text.Task1_Handler
                0x0000000008000b2c       0x28 ./Core/Src/main.o
 .text.Task2_Handler
                0x0000000008000b54       0x28 ./Core/Src/main.o
 .text.HAL_TIM_PeriodElapsedCallback
                0x0000000008000b7c       0x24 ./Core/Src/main.o
                0x0000000008000b7c                HAL_TIM_PeriodElapsedCallback
 .text.Error_Handler
                0x0000000008000ba0        0xa ./Core/Src/main.o
                0x0000000008000ba0                Error_Handler
 *fill*         0x0000000008000baa        0x2 
 .text.HAL_MspInit
                0x0000000008000bac       0x50 ./Core/Src/stm32f4xx_hal_msp.o
                0x0000000008000bac                HAL_MspInit
 .text.HAL_InitTick
                0x0000000008000bfc       0xf8 ./Core/Src/stm32f4xx_hal_timebase_tim.o
                0x0000000008000bfc                HAL_InitTick
 .text.NMI_Handler
                0x0000000008000cf4        0x6 ./Core/Src/stm32f4xx_it.o
                0x0000000008000cf4                NMI_Handler
 .text.HardFault_Handler
                0x0000000008000cfa        0x6 ./Core/Src/stm32f4xx_it.o
                0x0000000008000cfa                HardFault_Handler
 .text.MemManage_Handler
                0x0000000008000d00        0x6 ./Core/Src/stm32f4xx_it.o
                0x0000000008000d00                MemManage_Handler
 .text.BusFault_Handler
                0x0000000008000d06        0x6 ./Core/Src/stm32f4xx_it.o
                0x0000000008000d06                BusFault_Handler
 .text.UsageFault_Handler
                0x0000000008000d0c        0x6 ./Core/Src/stm32f4xx_it.o
                0x0000000008000d0c                UsageFault_Handler
 .text.DebugMon_Handler
                0x0000000008000d12        0xe ./Core/Src/stm32f4xx_it.o
                0x0000000008000d12                DebugMon_Handler
 .text.TIM6_DAC_IRQHandler
                0x0000000008000d20       0x14 ./Core/Src/stm32f4xx_it.o
                0x0000000008000d20                TIM6_DAC_IRQHandler
 .text.SystemInit
                0x0000000008000d34       0x24 ./Core/Src/system_stm32f4xx.o
                0x0000000008000d34                SystemInit
 .text.Reset_Handler
                0x0000000008000d58       0x50 ./Core/Startup/startup_stm32f429zitx.o
                0x0000000008000d58                Reset_Handler
 .text.Default_Handler
                0x0000000008000da8        0x2 ./Core/Startup/startup_stm32f429zitx.o
                0x0000000008000da8                RTC_Alarm_IRQHandler
                0x0000000008000da8                HASH_RNG_IRQHandler
                0x0000000008000da8                EXTI2_IRQHandler
                0x0000000008000da8                TIM8_CC_IRQHandler
                0x0000000008000da8                UART8_IRQHandler
                0x0000000008000da8                SPI4_IRQHandler
                0x0000000008000da8                TIM1_CC_IRQHandler
                0x0000000008000da8                DMA2_Stream5_IRQHandler
                0x0000000008000da8                DMA1_Stream5_IRQHandler
                0x0000000008000da8                PVD_IRQHandler
                0x0000000008000da8                SDIO_IRQHandler
                0x0000000008000da8                TAMP_STAMP_IRQHandler
                0x0000000008000da8                CAN2_RX1_IRQHandler
                0x0000000008000da8                EXTI3_IRQHandler
                0x0000000008000da8                TIM8_TRG_COM_TIM14_IRQHandler
                0x0000000008000da8                TIM1_UP_TIM10_IRQHandler
                0x0000000008000da8                TIM8_UP_TIM13_IRQHandler
                0x0000000008000da8                I2C3_ER_IRQHandler
                0x0000000008000da8                EXTI0_IRQHandler
                0x0000000008000da8                I2C2_EV_IRQHandler
                0x0000000008000da8                DMA1_Stream2_IRQHandler
                0x0000000008000da8                CAN1_RX0_IRQHandler
                0x0000000008000da8                FPU_IRQHandler
                0x0000000008000da8                OTG_HS_WKUP_IRQHandler
                0x0000000008000da8                LTDC_ER_IRQHandler
                0x0000000008000da8                CAN2_SCE_IRQHandler
                0x0000000008000da8                DMA2_Stream2_IRQHandler
                0x0000000008000da8                SPI1_IRQHandler
                0x0000000008000da8                TIM1_BRK_TIM9_IRQHandler
                0x0000000008000da8                DCMI_IRQHandler
                0x0000000008000da8                CAN2_RX0_IRQHandler
                0x0000000008000da8                DMA2_Stream3_IRQHandler
                0x0000000008000da8                USART6_IRQHandler
                0x0000000008000da8                USART3_IRQHandler
                0x0000000008000da8                CAN1_RX1_IRQHandler
                0x0000000008000da8                UART5_IRQHandler
                0x0000000008000da8                DMA2_Stream0_IRQHandler
                0x0000000008000da8                TIM4_IRQHandler
                0x0000000008000da8                I2C1_EV_IRQHandler
                0x0000000008000da8                DMA1_Stream6_IRQHandler
                0x0000000008000da8                DMA1_Stream1_IRQHandler
                0x0000000008000da8                UART4_IRQHandler
                0x0000000008000da8                TIM3_IRQHandler
                0x0000000008000da8                RCC_IRQHandler
                0x0000000008000da8                TIM8_BRK_TIM12_IRQHandler
                0x0000000008000da8                Default_Handler
                0x0000000008000da8                EXTI15_10_IRQHandler
                0x0000000008000da8                ADC_IRQHandler
                0x0000000008000da8                DMA1_Stream7_IRQHandler
                0x0000000008000da8                SPI5_IRQHandler
                0x0000000008000da8                TIM7_IRQHandler
                0x0000000008000da8                CAN2_TX_IRQHandler
                0x0000000008000da8                TIM5_IRQHandler
                0x0000000008000da8                DMA2_Stream7_IRQHandler
                0x0000000008000da8                I2C3_EV_IRQHandler
                0x0000000008000da8                EXTI9_5_IRQHandler
                0x0000000008000da8                RTC_WKUP_IRQHandler
                0x0000000008000da8                LTDC_IRQHandler
                0x0000000008000da8                ETH_WKUP_IRQHandler
                0x0000000008000da8                SPI2_IRQHandler
                0x0000000008000da8                OTG_HS_EP1_IN_IRQHandler
                0x0000000008000da8                DMA1_Stream0_IRQHandler
                0x0000000008000da8                CAN1_TX_IRQHandler
                0x0000000008000da8                EXTI4_IRQHandler
                0x0000000008000da8                ETH_IRQHandler
                0x0000000008000da8                OTG_HS_EP1_OUT_IRQHandler
                0x0000000008000da8                WWDG_IRQHandler
                0x0000000008000da8                SPI6_IRQHandler
                0x0000000008000da8                TIM2_IRQHandler
                0x0000000008000da8                OTG_FS_WKUP_IRQHandler
                0x0000000008000da8                TIM1_TRG_COM_TIM11_IRQHandler
                0x0000000008000da8                OTG_HS_IRQHandler
                0x0000000008000da8                DMA2D_IRQHandler
                0x0000000008000da8                EXTI1_IRQHandler
                0x0000000008000da8                UART7_IRQHandler
                0x0000000008000da8                USART2_IRQHandler
                0x0000000008000da8                I2C2_ER_IRQHandler
                0x0000000008000da8                DMA2_Stream1_IRQHandler
                0x0000000008000da8                CAN1_SCE_IRQHandler
                0x0000000008000da8                FLASH_IRQHandler
                0x0000000008000da8                DMA2_Stream4_IRQHandler
                0x0000000008000da8                USART1_IRQHandler
                0x0000000008000da8                OTG_FS_IRQHandler
                0x0000000008000da8                SPI3_IRQHandler
                0x0000000008000da8                DMA1_Stream4_IRQHandler
                0x0000000008000da8                I2C1_ER_IRQHandler
                0x0000000008000da8                FMC_IRQHandler
                0x0000000008000da8                DMA2_Stream6_IRQHandler
                0x0000000008000da8                SAI1_IRQHandler
                0x0000000008000da8                DMA1_Stream3_IRQHandler
 *fill*         0x0000000008000daa        0x2 
 .text.HAL_Init
                0x0000000008000dac       0x44 ./Drivers/STM32F4xx_HAL_Driver/Src/stm32f4xx_hal.o
                0x0000000008000dac                HAL_Init
 .text.HAL_IncTick
                0x0000000008000df0       0x28 ./Drivers/STM32F4xx_HAL_Driver/Src/stm32f4xx_hal.o
                0x0000000008000df0                HAL_IncTick
 .text.HAL_GetTick
                0x0000000008000e18       0x18 ./Drivers/STM32F4xx_HAL_Driver/Src/stm32f4xx_hal.o
                0x0000000008000e18                HAL_GetTick
 .text.__NVIC_SetPriorityGrouping
                0x0000000008000e30       0x48 ./Drivers/STM32F4xx_HAL_Driver/Src/stm32f4xx_hal_cortex.o
 .text.__NVIC_GetPriorityGrouping
                0x0000000008000e78       0x1c ./Drivers/STM32F4xx_HAL_Driver/Src/stm32f4xx_hal_cortex.o
 .text.__NVIC_EnableIRQ
                0x0000000008000e94       0x3c ./Drivers/STM32F4xx_HAL_Driver/Src/stm32f4xx_hal_cortex.o
 .text.__NVIC_SetPriority
                0x0000000008000ed0       0x54 ./Drivers/STM32F4xx_HAL_Driver/Src/stm32f4xx_hal_cortex.o
 .text.NVIC_EncodePriority
                0x0000000008000f24       0x66 ./Drivers/STM32F4xx_HAL_Driver/Src/stm32f4xx_hal_cortex.o
 .text.HAL_NVIC_SetPriorityGrouping
                0x0000000008000f8a       0x16 ./Drivers/STM32F4xx_HAL_Driver/Src/stm32f4xx_hal_cortex.o
                0x0000000008000f8a                HAL_NVIC_SetPriorityGrouping
 .text.HAL_NVIC_SetPriority
                0x0000000008000fa0       0x38 ./Drivers/STM32F4xx_HAL_Driver/Src/stm32f4xx_hal_cortex.o
                0x0000000008000fa0                HAL_NVIC_SetPriority
 .text.HAL_NVIC_EnableIRQ
                0x0000000008000fd8       0x1c ./Drivers/STM32F4xx_HAL_Driver/Src/stm32f4xx_hal_cortex.o
                0x0000000008000fd8                HAL_NVIC_EnableIRQ
 .text.HAL_GPIO_Init
                0x0000000008000ff4      0x358 ./Drivers/STM32F4xx_HAL_Driver/Src/stm32f4xx_hal_gpio.o
                0x0000000008000ff4                HAL_GPIO_Init
 .text.HAL_GPIO_WritePin
                0x000000000800134c       0x32 ./Drivers/STM32F4xx_HAL_Driver/Src/stm32f4xx_hal_gpio.o
                0x000000000800134c                HAL_GPIO_WritePin
 *fill*         0x000000000800137e        0x2 
 .text.HAL_RCC_OscConfig
                0x0000000008001380      0x4f0 ./Drivers/STM32F4xx_HAL_Driver/Src/stm32f4xx_hal_rcc.o
                0x0000000008001380                HAL_RCC_OscConfig
 .text.HAL_RCC_ClockConfig
                0x0000000008001870      0x1cc ./Drivers/STM32F4xx_HAL_Driver/Src/stm32f4xx_hal_rcc.o
                0x0000000008001870                HAL_RCC_ClockConfig
 .text.HAL_RCC_GetSysClockFreq
                0x0000000008001a3c      0x20c ./Drivers/STM32F4xx_HAL_Driver/Src/stm32f4xx_hal_rcc.o
                0x0000000008001a3c                HAL_RCC_GetSysClockFreq
 .text.HAL_RCC_GetHCLKFreq
                0x0000000008001c48       0x18 ./Drivers/STM32F4xx_HAL_Driver/Src/stm32f4xx_hal_rcc.o
                0x0000000008001c48                HAL_RCC_GetHCLKFreq
 .text.HAL_RCC_GetPCLK1Freq
                0x0000000008001c60       0x28 ./Drivers/STM32F4xx_HAL_Driver/Src/stm32f4xx_hal_rcc.o
                0x0000000008001c60                HAL_RCC_GetPCLK1Freq
 .text.HAL_RCC_GetClockConfig
                0x0000000008001c88       0x64 ./Drivers/STM32F4xx_HAL_Driver/Src/stm32f4xx_hal_rcc.o
                0x0000000008001c88                HAL_RCC_GetClockConfig
 .text.HAL_TIM_Base_Init
                0x0000000008001cec       0x9e ./Drivers/STM32F4xx_HAL_Driver/Src/stm32f4xx_hal_tim.o
                0x0000000008001cec                HAL_TIM_Base_Init
 .text.HAL_TIM_Base_MspInit
                0x0000000008001d8a       0x14 ./Drivers/STM32F4xx_HAL_Driver/Src/stm32f4xx_hal_tim.o
                0x0000000008001d8a                HAL_TIM_Base_MspInit
 *fill*         0x0000000008001d9e        0x2 
 .text.HAL_TIM_Base_Start_IT
                0x0000000008001da0       0xe0 ./Drivers/STM32F4xx_HAL_Driver/Src/stm32f4xx_hal_tim.o
                0x0000000008001da0                HAL_TIM_Base_Start_IT
 .text.HAL_TIM_IRQHandler
                0x0000000008001e80      0x210 ./Drivers/STM32F4xx_HAL_Driver/Src/stm32f4xx_hal_tim.o
                0x0000000008001e80                HAL_TIM_IRQHandler
 .text.HAL_TIM_OC_DelayElapsedCallback
                0x0000000008002090       0x14 ./Drivers/STM32F4xx_HAL_Driver/Src/stm32f4xx_hal_tim.o
                0x0000000008002090                HAL_TIM_OC_DelayElapsedCallback
 .text.HAL_TIM_IC_CaptureCallback
                0x00000000080020a4       0x14 ./Drivers/STM32F4xx_HAL_Driver/Src/stm32f4xx_hal_tim.o
                0x00000000080020a4                HAL_TIM_IC_CaptureCallback
 .text.HAL_TIM_PWM_PulseFinishedCallback
                0x00000000080020b8       0x14 ./Drivers/STM32F4xx_HAL_Driver/Src/stm32f4xx_hal_tim.o
                0x00000000080020b8                HAL_TIM_PWM_PulseFinishedCallback
 .text.HAL_TIM_TriggerCallback
                0x00000000080020cc       0x14 ./Drivers/STM32F4xx_HAL_Driver/Src/stm32f4xx_hal_tim.o
                0x00000000080020cc                HAL_TIM_TriggerCallback
 .text.TIM_Base_SetConfig
                0x00000000080020e0      0x140 ./Drivers/STM32F4xx_HAL_Driver/Src/stm32f4xx_hal_tim.o
                0x00000000080020e0                TIM_Base_SetConfig
 .text.HAL_TIMEx_CommutCallback
                0x0000000008002220       0x14 ./Drivers/STM32F4xx_HAL_Driver/Src/stm32f4xx_hal_tim_ex.o
                0x0000000008002220                HAL_TIMEx_CommutCallback
 .text.HAL_TIMEx_BreakCallback
                0x0000000008002234       0x14 ./Drivers/STM32F4xx_HAL_Driver/Src/stm32f4xx_hal_tim_ex.o
                0x0000000008002234                HAL_TIMEx_BreakCallback
 .text.pvPortMalloc
                0x0000000008002248      0x174 ./ThirdParty/FreeRTOS/MemMang/heap_4.o
                0x0000000008002248                pvPortMalloc
 .text.vPortFree
                0x00000000080023bc       0xb8 ./ThirdParty/FreeRTOS/MemMang/heap_4.o
                0x00000000080023bc                vPortFree
 .text.prvHeapInit
                0x0000000008002474       0xb8 ./ThirdParty/FreeRTOS/MemMang/heap_4.o
 .text.prvInsertBlockIntoFreeList
                0x000000000800252c       0xb4 ./ThirdParty/FreeRTOS/MemMang/heap_4.o
 .text.vListInitialise
                0x00000000080025e0       0x40 ./ThirdParty/FreeRTOS/list.o
                0x00000000080025e0                vListInitialise
 .text.vListInitialiseItem
                0x0000000008002620       0x1a ./ThirdParty/FreeRTOS/list.o
                0x0000000008002620                vListInitialiseItem
 .text.vListInsert
                0x000000000800263a       0x72 ./ThirdParty/FreeRTOS/list.o
                0x000000000800263a                vListInsert
 .text.uxListRemove
                0x00000000080026ac       0x54 ./ThirdParty/FreeRTOS/list.o
                0x00000000080026ac                uxListRemove
 .text.xQueueGenericReset
                0x0000000008002700      0x120 ./ThirdParty/FreeRTOS/queue.o
                0x0000000008002700                xQueueGenericReset
 .text.xQueueGenericCreate
                0x0000000008002820       0x9c ./ThirdParty/FreeRTOS/queue.o
                0x0000000008002820                xQueueGenericCreate
 .text.prvInitialiseNewQueue
                0x00000000080028bc       0x46 ./ThirdParty/FreeRTOS/queue.o
 *fill*         0x0000000008002902        0x2 
 .text.xQueueReceive
                0x0000000008002904      0x1c0 ./ThirdParty/FreeRTOS/queue.o
                0x0000000008002904                xQueueReceive
 .text.prvCopyDataFromQueue
                0x0000000008002ac4       0x4c ./ThirdParty/FreeRTOS/queue.o
 .text.prvUnlockQueue
                0x0000000008002b10       0xa4 ./ThirdParty/FreeRTOS/queue.o
 .text.prvIsQueueEmpty
                0x0000000008002bb4       0x2c ./ThirdParty/FreeRTOS/queue.o
 .text.vQueueAddToRegistry
                0x0000000008002be0       0x9c ./ThirdParty/FreeRTOS/queue.o
                0x0000000008002be0                vQueueAddToRegistry
 .text.vQueueWaitForMessageRestricted
                0x0000000008002c7c       0x68 ./ThirdParty/FreeRTOS/queue.o
                0x0000000008002c7c                vQueueWaitForMessageRestricted
 .text.xTaskCreate
                0x0000000008002ce4       0x8c ./ThirdParty/FreeRTOS/tasks.o
                0x0000000008002ce4                xTaskCreate
 .text.prvInitialiseNewTask
                0x0000000008002d70      0x11c ./ThirdParty/FreeRTOS/tasks.o
 .text.prvAddNewTaskToReadyList
                0x0000000008002e8c      0x12c ./ThirdParty/FreeRTOS/tasks.o
 .text.vTaskStartScheduler
                0x0000000008002fb8       0xa4 ./ThirdParty/FreeRTOS/tasks.o
                0x0000000008002fb8                vTaskStartScheduler
 .text.vTaskSuspendAll
                0x000000000800305c       0x1c ./ThirdParty/FreeRTOS/tasks.o
                0x000000000800305c                vTaskSuspendAll
 .text.xTaskResumeAll
                0x0000000008003078      0x1f8 ./ThirdParty/FreeRTOS/tasks.o
                0x0000000008003078                xTaskResumeAll
 .text.xTaskGetTickCount
                0x0000000008003270       0x20 ./ThirdParty/FreeRTOS/tasks.o
                0x0000000008003270                xTaskGetTickCount
 .text.xTaskIncrementTick
                0x0000000008003290      0x22c ./ThirdParty/FreeRTOS/tasks.o
                0x0000000008003290                xTaskIncrementTick
 .text.vTaskSwitchContext
                0x00000000080034bc       0xb8 ./ThirdParty/FreeRTOS/tasks.o
                0x00000000080034bc                vTaskSwitchContext
 .text.vTaskPlaceOnEventList
                0x0000000008003574       0x48 ./ThirdParty/FreeRTOS/tasks.o
                0x0000000008003574                vTaskPlaceOnEventList
 .text.vTaskPlaceOnEventListRestricted
                0x00000000080035bc       0x8c ./ThirdParty/FreeRTOS/tasks.o
                0x00000000080035bc                vTaskPlaceOnEventListRestricted
 .text.xTaskRemoveFromEventList
                0x0000000008003648      0x1ac ./ThirdParty/FreeRTOS/tasks.o
                0x0000000008003648                xTaskRemoveFromEventList
 .text.vTaskInternalSetTimeOutState
                0x00000000080037f4       0x2c ./ThirdParty/FreeRTOS/tasks.o
                0x00000000080037f4                vTaskInternalSetTimeOutState
 .text.xTaskCheckForTimeOut
                0x0000000008003820       0xcc ./ThirdParty/FreeRTOS/tasks.o
                0x0000000008003820                xTaskCheckForTimeOut
 .text.vTaskMissedYield
                0x00000000080038ec       0x18 ./ThirdParty/FreeRTOS/tasks.o
                0x00000000080038ec                vTaskMissedYield
 .text.prvIdleTask
                0x0000000008003904       0x30 ./ThirdParty/FreeRTOS/tasks.o
 .text.prvInitialiseTaskLists
                0x0000000008003934       0x80 ./ThirdParty/FreeRTOS/tasks.o
 .text.prvCheckTasksWaitingTermination
                0x00000000080039b4       0x5c ./ThirdParty/FreeRTOS/tasks.o
 .text.prvDeleteTCB
                0x0000000008003a10       0x20 ./ThirdParty/FreeRTOS/tasks.o
 .text.prvResetNextTaskUnblockTime
                0x0000000008003a30       0x38 ./ThirdParty/FreeRTOS/tasks.o
 .text.xTaskGetSchedulerState
                0x0000000008003a68       0x3c ./ThirdParty/FreeRTOS/tasks.o
                0x0000000008003a68                xTaskGetSchedulerState
 .text.prvAddCurrentTaskToDelayedList
                0x0000000008003aa4      0x100 ./ThirdParty/FreeRTOS/tasks.o
 .text.xTimerCreateTimerTask
                0x0000000008003ba4       0x64 ./ThirdParty/FreeRTOS/timers.o
                0x0000000008003ba4                xTimerCreateTimerTask
 .text.prvReloadTimer
                0x0000000008003c08       0x42 ./ThirdParty/FreeRTOS/timers.o
 *fill*         0x0000000008003c4a        0x2 
 .text.prvProcessExpiredTimer
                0x0000000008003c4c       0x60 ./ThirdParty/FreeRTOS/timers.o
 .text.prvTimerTask
                0x0000000008003cac       0x24 ./ThirdParty/FreeRTOS/timers.o
 .text.prvProcessTimerOrBlockTask
                0x0000000008003cd0       0x9c ./ThirdParty/FreeRTOS/timers.o
 .text.prvGetNextExpireTime
                0x0000000008003d6c       0x48 ./ThirdParty/FreeRTOS/timers.o
 .text.prvSampleTimeNow
                0x0000000008003db4       0x40 ./ThirdParty/FreeRTOS/timers.o
 .text.prvInsertTimerInActiveList
                0x0000000008003df4       0x84 ./ThirdParty/FreeRTOS/timers.o
 .text.prvProcessReceivedCommands
                0x0000000008003e78      0x17c ./ThirdParty/FreeRTOS/timers.o
 .text.prvSwitchTimerLists
                0x0000000008003ff4       0x4c ./ThirdParty/FreeRTOS/timers.o
 .text.prvCheckForValidListAndQueue
                0x0000000008004040       0x6c ./ThirdParty/FreeRTOS/timers.o
 .text.pxPortInitialiseStack
                0x00000000080040ac       0x68 ./ThirdParty/FreeRTOS/portable/GCC/ARM_CM4F/port.o
                0x00000000080040ac                pxPortInitialiseStack
 .text.prvTaskExitError
                0x0000000008004114       0x58 ./ThirdParty/FreeRTOS/portable/GCC/ARM_CM4F/port.o
 *fill*         0x000000000800416c        0x4 
 .text.SVC_Handler
                0x0000000008004170       0x28 ./ThirdParty/FreeRTOS/portable/GCC/ARM_CM4F/port.o
                0x0000000008004170                SVC_Handler
 .text.prvPortStartFirstTask
                0x0000000008004198       0x2c ./ThirdParty/FreeRTOS/portable/GCC/ARM_CM4F/port.o
 .text.xPortStartScheduler
                0x00000000080041c4      0x144 ./ThirdParty/FreeRTOS/portable/GCC/ARM_CM4F/port.o
                0x00000000080041c4                xPortStartScheduler
 .text.vPortEnterCritical
                0x0000000008004308       0x60 ./ThirdParty/FreeRTOS/portable/GCC/ARM_CM4F/port.o
                0x0000000008004308                vPortEnterCritical
 .text.vPortExitCritical
                0x0000000008004368       0x54 ./ThirdParty/FreeRTOS/portable/GCC/ARM_CM4F/port.o
                0x0000000008004368                vPortExitCritical
 *fill*         0x00000000080043bc        0x4 
 .text.PendSV_Handler
                0x00000000080043c0       0x68 ./ThirdParty/FreeRTOS/portable/GCC/ARM_CM4F/port.o
                0x00000000080043c0                PendSV_Handler
 .text.SysTick_Handler
                0x0000000008004428       0x44 ./ThirdParty/FreeRTOS/portable/GCC/ARM_CM4F/port.o
                0x0000000008004428                SysTick_Handler
 .text.vPortSetupTimerInterrupt
                0x000000000800446c       0x3c ./ThirdParty/FreeRTOS/portable/GCC/ARM_CM4F/port.o
                0x000000000800446c                vPortSetupTimerInterrupt
 .text.vPortEnableVFP
                0x00000000080044a8       0x18 ./ThirdParty/FreeRTOS/portable/GCC/ARM_CM4F/port.o
 .text.__libc_init_array
                0x00000000080044c0       0x48 d:/st/stm32cubeide_1.9.0/stm32cubeide/plugins/com.st.stm32cube.ide.mcu.externaltools.gnu-tools-for-stm32.10.3-2021.10.win32_1.0.0.202111181127/tools/bin/../lib/gcc/arm-none-eabi/10.3.1/../../../../arm-none-eabi/lib/thumb/v7e-m+fp/hard\libc_nano.a(lib_a-init.o)
                0x00000000080044c0                __libc_init_array
 .text.memcpy   0x0000000008004508       0x1c d:/st/stm32cubeide_1.9.0/stm32cubeide/plugins/com.st.stm32cube.ide.mcu.externaltools.gnu-tools-for-stm32.10.3-2021.10.win32_1.0.0.202111181127/tools/bin/../lib/gcc/arm-none-eabi/10.3.1/../../../../arm-none-eabi/lib/thumb/v7e-m+fp/hard\libc_nano.a(lib_a-memcpy-stub.o)
                0x0000000008004508                memcpy
 .text.memset   0x0000000008004524       0x10 d:/st/stm32cubeide_1.9.0/stm32cubeide/plugins/com.st.stm32cube.ide.mcu.externaltools.gnu-tools-for-stm32.10.3-2021.10.win32_1.0.0.202111181127/tools/bin/../lib/gcc/arm-none-eabi/10.3.1/../../../../arm-none-eabi/lib/thumb/v7e-m+fp/hard\libc_nano.a(lib_a-memset.o)
                0x0000000008004524                memset
 *(.glue_7)
 .glue_7        0x0000000008004534        0x0 linker stubs
 *(.glue_7t)
 .glue_7t       0x0000000008004534        0x0 linker stubs
 *(.eh_frame)
 .eh_frame      0x0000000008004534        0x0 d:/st/stm32cubeide_1.9.0/stm32cubeide/plugins/com.st.stm32cube.ide.mcu.externaltools.gnu-tools-for-stm32.10.3-2021.10.win32_1.0.0.202111181127/tools/bin/../lib/gcc/arm-none-eabi/10.3.1/thumb/v7e-m+fp/hard/crtbegin.o
 *(.init)
 .init          0x0000000008004534        0x4 d:/st/stm32cubeide_1.9.0/stm32cubeide/plugins/com.st.stm32cube.ide.mcu.externaltools.gnu-tools-for-stm32.10.3-2021.10.win32_1.0.0.202111181127/tools/bin/../lib/gcc/arm-none-eabi/10.3.1/thumb/v7e-m+fp/hard/crti.o
                0x0000000008004534                _init
 .init          0x0000000008004538        0x8 d:/st/stm32cubeide_1.9.0/stm32cubeide/plugins/com.st.stm32cube.ide.mcu.externaltools.gnu-tools-for-stm32.10.3-2021.10.win32_1.0.0.202111181127/tools/bin/../lib/gcc/arm-none-eabi/10.3.1/thumb/v7e-m+fp/hard/crtn.o
 *(.fini)
 .fini          0x0000000008004540        0x4 d:/st/stm32cubeide_1.9.0/stm32cubeide/plugins/com.st.stm32cube.ide.mcu.externaltools.gnu-tools-for-stm32.10.3-2021.10.win32_1.0.0.202111181127/tools/bin/../lib/gcc/arm-none-eabi/10.3.1/thumb/v7e-m+fp/hard/crti.o
                0x0000000008004540                _fini
 .fini          0x0000000008004544        0x8 d:/st/stm32cubeide_1.9.0/stm32cubeide/plugins/com.st.stm32cube.ide.mcu.externaltools.gnu-tools-for-stm32.10.3-2021.10.win32_1.0.0.202111181127/tools/bin/../lib/gcc/arm-none-eabi/10.3.1/thumb/v7e-m+fp/hard/crtn.o
                0x000000000800454c                . = ALIGN (0x4)
                0x000000000800454c                _etext = .

.vfp11_veneer   0x000000000800454c        0x0
 .vfp11_veneer  0x000000000800454c        0x0 linker stubs

.v4_bx          0x000000000800454c        0x0
 .v4_bx         0x000000000800454c        0x0 linker stubs

.iplt           0x000000000800454c        0x0
 .iplt          0x000000000800454c        0x0 d:/st/stm32cubeide_1.9.0/stm32cubeide/plugins/com.st.stm32cube.ide.mcu.externaltools.gnu-tools-for-stm32.10.3-2021.10.win32_1.0.0.202111181127/tools/bin/../lib/gcc/arm-none-eabi/10.3.1/thumb/v7e-m+fp/hard/crtbegin.o

.rodata         0x000000000800454c       0x40
                0x000000000800454c                . = ALIGN (0x4)
 *(.rodata)
 .rodata        0x000000000800454c        0xf ./Core/Src/main.o
 *fill*         0x000000000800455b        0x1 
 .rodata        0x000000000800455c        0x5 ./ThirdParty/FreeRTOS/tasks.o
 *fill*         0x0000000008004561        0x3 
 .rodata        0x0000000008004564        0xd ./ThirdParty/FreeRTOS/timers.o
 *(.rodata*)
 *fill*         0x0000000008004571        0x3 
 .rodata.AHBPrescTable
                0x0000000008004574       0x10 ./Core/Src/system_stm32f4xx.o
                0x0000000008004574                AHBPrescTable
 .rodata.APBPrescTable
                0x0000000008004584        0x8 ./Core/Src/system_stm32f4xx.o
                0x0000000008004584                APBPrescTable
                0x000000000800458c                . = ALIGN (0x4)

.ARM.extab      0x000000000800458c        0x0
                0x000000000800458c                . = ALIGN (0x4)
 *(.ARM.extab* .gnu.linkonce.armextab.*)
                0x000000000800458c                . = ALIGN (0x4)

.ARM            0x000000000800458c        0x8
                0x000000000800458c                . = ALIGN (0x4)
                0x000000000800458c                __exidx_start = .
 *(.ARM.exidx*)
 .ARM.exidx     0x000000000800458c        0x8 d:/st/stm32cubeide_1.9.0/stm32cubeide/plugins/com.st.stm32cube.ide.mcu.externaltools.gnu-tools-for-stm32.10.3-2021.10.win32_1.0.0.202111181127/tools/bin/../lib/gcc/arm-none-eabi/10.3.1/thumb/v7e-m+fp/hard\libgcc.a(_udivmoddi4.o)
                0x0000000008004594                __exidx_end = .
                0x0000000008004594                . = ALIGN (0x4)

.rel.dyn        0x0000000008004594        0x0
 .rel.iplt      0x0000000008004594        0x0 d:/st/stm32cubeide_1.9.0/stm32cubeide/plugins/com.st.stm32cube.ide.mcu.externaltools.gnu-tools-for-stm32.10.3-2021.10.win32_1.0.0.202111181127/tools/bin/../lib/gcc/arm-none-eabi/10.3.1/thumb/v7e-m+fp/hard/crtbegin.o

.preinit_array  0x0000000008004594        0x0
                0x0000000008004594                . = ALIGN (0x4)
                0x0000000008004594                PROVIDE (__preinit_array_start = .)
 *(.preinit_array*)
                0x0000000008004594                PROVIDE (__preinit_array_end = .)
                0x0000000008004594                . = ALIGN (0x4)

.init_array     0x0000000008004594        0x4
                0x0000000008004594                . = ALIGN (0x4)
                0x0000000008004594                PROVIDE (__init_array_start = .)
 *(SORT_BY_NAME(.init_array.*))
 *(.init_array*)
 .init_array    0x0000000008004594        0x4 d:/st/stm32cubeide_1.9.0/stm32cubeide/plugins/com.st.stm32cube.ide.mcu.externaltools.gnu-tools-for-stm32.10.3-2021.10.win32_1.0.0.202111181127/tools/bin/../lib/gcc/arm-none-eabi/10.3.1/thumb/v7e-m+fp/hard/crtbegin.o
                0x0000000008004598                PROVIDE (__init_array_end = .)
                0x0000000008004598                . = ALIGN (0x4)

.fini_array     0x0000000008004598        0x4
                0x0000000008004598                . = ALIGN (0x4)
                [!provide]                        PROVIDE (__fini_array_start = .)
 *(SORT_BY_NAME(.fini_array.*))
 *(.fini_array*)
 .fini_array    0x0000000008004598        0x4 d:/st/stm32cubeide_1.9.0/stm32cubeide/plugins/com.st.stm32cube.ide.mcu.externaltools.gnu-tools-for-stm32.10.3-2021.10.win32_1.0.0.202111181127/tools/bin/../lib/gcc/arm-none-eabi/10.3.1/thumb/v7e-m+fp/hard/crtbegin.o
                [!provide]                        PROVIDE (__fini_array_end = .)
                0x000000000800459c                . = ALIGN (0x4)
                0x000000000800459c                _sidata = LOADADDR (.data)

.data           0x0000000020000000       0x14 load address 0x000000000800459c
                0x0000000020000000                . = ALIGN (0x4)
                0x0000000020000000                _sdata = .
 *(.data)
 *(.data*)
 .data.SystemCoreClock
                0x0000000020000000        0x4 ./Core/Src/system_stm32f4xx.o
                0x0000000020000000                SystemCoreClock
 .data.uwTickPrio
                0x0000000020000004        0x4 ./Drivers/STM32F4xx_HAL_Driver/Src/stm32f4xx_hal.o
                0x0000000020000004                uwTickPrio
 .data.uwTickFreq
                0x0000000020000008        0x1 ./Drivers/STM32F4xx_HAL_Driver/Src/stm32f4xx_hal.o
                0x0000000020000008                uwTickFreq
 *fill*         0x0000000020000009        0x3 
 .data.uxTopUsedPriority
                0x000000002000000c        0x4 ./ThirdParty/FreeRTOS/tasks.o
                0x000000002000000c                uxTopUsedPriority
 .data.uxCriticalNesting
                0x0000000020000010        0x4 ./ThirdParty/FreeRTOS/portable/GCC/ARM_CM4F/port.o
 *(.RamFunc)
 *(.RamFunc*)
                0x0000000020000014                . = ALIGN (0x4)
                0x0000000020000014                _edata = .
                0x00000000080045b0                _siccmram = LOADADDR (.ccmram)

.igot.plt       0x0000000020000014        0x0 load address 0x00000000080045b0
 .igot.plt      0x0000000020000014        0x0 d:/st/stm32cubeide_1.9.0/stm32cubeide/plugins/com.st.stm32cube.ide.mcu.externaltools.gnu-tools-for-stm32.10.3-2021.10.win32_1.0.0.202111181127/tools/bin/../lib/gcc/arm-none-eabi/10.3.1/thumb/v7e-m+fp/hard/crtbegin.o

.ccmram         0x0000000010000000        0x0 load address 0x00000000080045b0
                0x0000000010000000                . = ALIGN (0x4)
                0x0000000010000000                _sccmram = .
 *(.ccmram)
 *(.ccmram*)
                0x0000000010000000                . = ALIGN (0x4)
                0x0000000010000000                _eccmram = .
                0x0000000010000000                . = ALIGN (0x4)

.bss            0x0000000020000014    0x12e18
                0x0000000020000014                _sbss = .
                0x0000000020000014                __bss_start__ = _sbss
 *(.bss)
 .bss           0x0000000020000014       0x1c d:/st/stm32cubeide_1.9.0/stm32cubeide/plugins/com.st.stm32cube.ide.mcu.externaltools.gnu-tools-for-stm32.10.3-2021.10.win32_1.0.0.202111181127/tools/bin/../lib/gcc/arm-none-eabi/10.3.1/thumb/v7e-m+fp/hard/crtbegin.o
 *(.bss*)
 .bss.task1_handle
                0x0000000020000030        0x4 ./Core/Src/main.o
                0x0000000020000030                task1_handle
 .bss.task2_handle
                0x0000000020000034        0x4 ./Core/Src/main.o
                0x0000000020000034                task2_handle
 .bss.status    0x0000000020000038        0x4 ./Core/Src/main.o
                0x0000000020000038                status
 .bss.htim6     0x000000002000003c       0x48 ./Core/Src/stm32f4xx_hal_timebase_tim.o
                0x000000002000003c                htim6
 .bss.uwTick    0x0000000020000084        0x4 ./Drivers/STM32F4xx_HAL_Driver/Src/stm32f4xx_hal.o
                0x0000000020000084                uwTick
 .bss.ucHeap    0x0000000020000088    0x12c00 ./ThirdParty/FreeRTOS/MemMang/heap_4.o
 .bss.xStart    0x0000000020012c88        0x8 ./ThirdParty/FreeRTOS/MemMang/heap_4.o
 .bss.pxEnd     0x0000000020012c90        0x4 ./ThirdParty/FreeRTOS/MemMang/heap_4.o
 .bss.xFreeBytesRemaining
                0x0000000020012c94        0x4 ./ThirdParty/FreeRTOS/MemMang/heap_4.o
 .bss.xMinimumEverFreeBytesRemaining
                0x0000000020012c98        0x4 ./ThirdParty/FreeRTOS/MemMang/heap_4.o
 .bss.xNumberOfSuccessfulAllocations
                0x0000000020012c9c        0x4 ./ThirdParty/FreeRTOS/MemMang/heap_4.o
 .bss.xNumberOfSuccessfulFrees
                0x0000000020012ca0        0x4 ./ThirdParty/FreeRTOS/MemMang/heap_4.o
 .bss.xQueueRegistry
                0x0000000020012ca4       0x40 ./ThirdParty/FreeRTOS/queue.o
                0x0000000020012ca4                xQueueRegistry
 .bss.pxCurrentTCB
                0x0000000020012ce4        0x4 ./ThirdParty/FreeRTOS/tasks.o
                0x0000000020012ce4                pxCurrentTCB
 .bss.pxReadyTasksLists
                0x0000000020012ce8       0x64 ./ThirdParty/FreeRTOS/tasks.o
 .bss.xDelayedTaskList1
                0x0000000020012d4c       0x14 ./ThirdParty/FreeRTOS/tasks.o
 .bss.xDelayedTaskList2
                0x0000000020012d60       0x14 ./ThirdParty/FreeRTOS/tasks.o
 .bss.pxDelayedTaskList
                0x0000000020012d74        0x4 ./ThirdParty/FreeRTOS/tasks.o
 .bss.pxOverflowDelayedTaskList
                0x0000000020012d78        0x4 ./ThirdParty/FreeRTOS/tasks.o
 .bss.xPendingReadyList
                0x0000000020012d7c       0x14 ./ThirdParty/FreeRTOS/tasks.o
 .bss.xTasksWaitingTermination
                0x0000000020012d90       0x14 ./ThirdParty/FreeRTOS/tasks.o
 .bss.uxDeletedTasksWaitingCleanUp
                0x0000000020012da4        0x4 ./ThirdParty/FreeRTOS/tasks.o
 .bss.xSuspendedTaskList
                0x0000000020012da8       0x14 ./ThirdParty/FreeRTOS/tasks.o
 .bss.uxCurrentNumberOfTasks
                0x0000000020012dbc        0x4 ./ThirdParty/FreeRTOS/tasks.o
 .bss.xTickCount
                0x0000000020012dc0        0x4 ./ThirdParty/FreeRTOS/tasks.o
 .bss.uxTopReadyPriority
                0x0000000020012dc4        0x4 ./ThirdParty/FreeRTOS/tasks.o
 .bss.xSchedulerRunning
                0x0000000020012dc8        0x4 ./ThirdParty/FreeRTOS/tasks.o
 .bss.xPendedTicks
                0x0000000020012dcc        0x4 ./ThirdParty/FreeRTOS/tasks.o
 .bss.xYieldPending
                0x0000000020012dd0        0x4 ./ThirdParty/FreeRTOS/tasks.o
 .bss.xNumOfOverflows
                0x0000000020012dd4        0x4 ./ThirdParty/FreeRTOS/tasks.o
 .bss.uxTaskNumber
                0x0000000020012dd8        0x4 ./ThirdParty/FreeRTOS/tasks.o
 .bss.xNextTaskUnblockTime
                0x0000000020012ddc        0x4 ./ThirdParty/FreeRTOS/tasks.o
 .bss.xIdleTaskHandle
                0x0000000020012de0        0x4 ./ThirdParty/FreeRTOS/tasks.o
 .bss.uxSchedulerSuspended
                0x0000000020012de4        0x4 ./ThirdParty/FreeRTOS/tasks.o
 .bss.xActiveTimerList1
                0x0000000020012de8       0x14 ./ThirdParty/FreeRTOS/timers.o
 .bss.xActiveTimerList2
                0x0000000020012dfc       0x14 ./ThirdParty/FreeRTOS/timers.o
 .bss.pxCurrentTimerList
                0x0000000020012e10        0x4 ./ThirdParty/FreeRTOS/timers.o
 .bss.pxOverflowTimerList
                0x0000000020012e14        0x4 ./ThirdParty/FreeRTOS/timers.o
 .bss.xTimerQueue
                0x0000000020012e18        0x4 ./ThirdParty/FreeRTOS/timers.o
 .bss.xTimerTaskHandle
                0x0000000020012e1c        0x4 ./ThirdParty/FreeRTOS/timers.o
 .bss.xLastTime.0
                0x0000000020012e20        0x4 ./ThirdParty/FreeRTOS/timers.o
 .bss.ucMaxSysCallPriority
                0x0000000020012e24        0x1 ./ThirdParty/FreeRTOS/portable/GCC/ARM_CM4F/port.o
 *fill*         0x0000000020012e25        0x3 
 .bss.ulMaxPRIGROUPValue
                0x0000000020012e28        0x4 ./ThirdParty/FreeRTOS/portable/GCC/ARM_CM4F/port.o
 *(COMMON)
                0x0000000020012e2c                . = ALIGN (0x4)
                0x0000000020012e2c                _ebss = .
                0x0000000020012e2c                __bss_end__ = _ebss

._user_heap_stack
                0x0000000020012e2c      0x604
                0x0000000020012e30                . = ALIGN (0x8)
 *fill*         0x0000000020012e2c        0x4 
                [!provide]                        PROVIDE (end = .)
                [!provide]                        PROVIDE (_end = .)
                0x0000000020013030                . = (. + _Min_Heap_Size)
 *fill*         0x0000000020012e30      0x200 
                0x0000000020013430                . = (. + _Min_Stack_Size)
 *fill*         0x0000000020013030      0x400 
                0x0000000020013430                . = ALIGN (0x8)

/DISCARD/
 libc.a(*)
 libm.a(*)
 libgcc.a(*)

.ARM.attributes
                0x0000000000000000       0x30
 *(.ARM.attributes)
 .ARM.attributes
                0x0000000000000000       0x1e d:/st/stm32cubeide_1.9.0/stm32cubeide/plugins/com.st.stm32cube.ide.mcu.externaltools.gnu-tools-for-stm32.10.3-2021.10.win32_1.0.0.202111181127/tools/bin/../lib/gcc/arm-none-eabi/10.3.1/thumb/v7e-m+fp/hard/crti.o
 .ARM.attributes
                0x000000000000001e       0x34 d:/st/stm32cubeide_1.9.0/stm32cubeide/plugins/com.st.stm32cube.ide.mcu.externaltools.gnu-tools-for-stm32.10.3-2021.10.win32_1.0.0.202111181127/tools/bin/../lib/gcc/arm-none-eabi/10.3.1/thumb/v7e-m+fp/hard/crtbegin.o
 .ARM.attributes
                0x0000000000000052       0x34 ./Core/Src/main.o
 .ARM.attributes
                0x0000000000000086       0x34 ./Core/Src/stm32f4xx_hal_msp.o
 .ARM.attributes
                0x00000000000000ba       0x34 ./Core/Src/stm32f4xx_hal_timebase_tim.o
 .ARM.attributes
                0x00000000000000ee       0x34 ./Core/Src/stm32f4xx_it.o
 .ARM.attributes
                0x0000000000000122       0x34 ./Core/Src/system_stm32f4xx.o
 .ARM.attributes
                0x0000000000000156       0x21 ./Core/Startup/startup_stm32f429zitx.o
 .ARM.attributes
                0x0000000000000177       0x34 ./Drivers/STM32F4xx_HAL_Driver/Src/stm32f4xx_hal.o
 .ARM.attributes
                0x00000000000001ab       0x34 ./Drivers/STM32F4xx_HAL_Driver/Src/stm32f4xx_hal_cortex.o
 .ARM.attributes
                0x00000000000001df       0x34 ./Drivers/STM32F4xx_HAL_Driver/Src/stm32f4xx_hal_gpio.o
 .ARM.attributes
                0x0000000000000213       0x34 ./Drivers/STM32F4xx_HAL_Driver/Src/stm32f4xx_hal_rcc.o
 .ARM.attributes
                0x0000000000000247       0x34 ./Drivers/STM32F4xx_HAL_Driver/Src/stm32f4xx_hal_tim.o
 .ARM.attributes
                0x000000000000027b       0x34 ./Drivers/STM32F4xx_HAL_Driver/Src/stm32f4xx_hal_tim_ex.o
 .ARM.attributes
                0x00000000000002af       0x34 ./ThirdParty/FreeRTOS/MemMang/heap_4.o
 .ARM.attributes
                0x00000000000002e3       0x34 ./ThirdParty/FreeRTOS/list.o
 .ARM.attributes
                0x0000000000000317       0x34 ./ThirdParty/FreeRTOS/queue.o
 .ARM.attributes
                0x000000000000034b       0x34 ./ThirdParty/FreeRTOS/tasks.o
 .ARM.attributes
                0x000000000000037f       0x34 ./ThirdParty/FreeRTOS/timers.o
 .ARM.attributes
                0x00000000000003b3       0x34 ./ThirdParty/FreeRTOS/portable/GCC/ARM_CM4F/port.o
 .ARM.attributes
                0x00000000000003e7       0x34 d:/st/stm32cubeide_1.9.0/stm32cubeide/plugins/com.st.stm32cube.ide.mcu.externaltools.gnu-tools-for-stm32.10.3-2021.10.win32_1.0.0.202111181127/tools/bin/../lib/gcc/arm-none-eabi/10.3.1/../../../../arm-none-eabi/lib/thumb/v7e-m+fp/hard\libc_nano.a(lib_a-init.o)
 .ARM.attributes
                0x000000000000041b       0x34 d:/st/stm32cubeide_1.9.0/stm32cubeide/plugins/com.st.stm32cube.ide.mcu.externaltools.gnu-tools-for-stm32.10.3-2021.10.win32_1.0.0.202111181127/tools/bin/../lib/gcc/arm-none-eabi/10.3.1/../../../../arm-none-eabi/lib/thumb/v7e-m+fp/hard\libc_nano.a(lib_a-memcpy-stub.o)
 .ARM.attributes
                0x000000000000044f       0x34 d:/st/stm32cubeide_1.9.0/stm32cubeide/plugins/com.st.stm32cube.ide.mcu.externaltools.gnu-tools-for-stm32.10.3-2021.10.win32_1.0.0.202111181127/tools/bin/../lib/gcc/arm-none-eabi/10.3.1/../../../../arm-none-eabi/lib/thumb/v7e-m+fp/hard\libc_nano.a(lib_a-memset.o)
 .ARM.attributes
                0x0000000000000483       0x1e d:/st/stm32cubeide_1.9.0/stm32cubeide/plugins/com.st.stm32cube.ide.mcu.externaltools.gnu-tools-for-stm32.10.3-2021.10.win32_1.0.0.202111181127/tools/bin/../lib/gcc/arm-none-eabi/10.3.1/thumb/v7e-m+fp/hard\libgcc.a(_aeabi_uldivmod.o)
 .ARM.attributes
                0x00000000000004a1       0x34 d:/st/stm32cubeide_1.9.0/stm32cubeide/plugins/com.st.stm32cube.ide.mcu.externaltools.gnu-tools-for-stm32.10.3-2021.10.win32_1.0.0.202111181127/tools/bin/../lib/gcc/arm-none-eabi/10.3.1/thumb/v7e-m+fp/hard\libgcc.a(_udivmoddi4.o)
 .ARM.attributes
                0x00000000000004d5       0x1e d:/st/stm32cubeide_1.9.0/stm32cubeide/plugins/com.st.stm32cube.ide.mcu.externaltools.gnu-tools-for-stm32.10.3-2021.10.win32_1.0.0.202111181127/tools/bin/../lib/gcc/arm-none-eabi/10.3.1/thumb/v7e-m+fp/hard\libgcc.a(_dvmd_tls.o)
 .ARM.attributes
                0x00000000000004f3       0x1e d:/st/stm32cubeide_1.9.0/stm32cubeide/plugins/com.st.stm32cube.ide.mcu.externaltools.gnu-tools-for-stm32.10.3-2021.10.win32_1.0.0.202111181127/tools/bin/../lib/gcc/arm-none-eabi/10.3.1/thumb/v7e-m+fp/hard/crtn.o
OUTPUT(001Tasks.elf elf32-littlearm)
LOAD linker stubs
LOAD d:/st/stm32cubeide_1.9.0/stm32cubeide/plugins/com.st.stm32cube.ide.mcu.externaltools.gnu-tools-for-stm32.10.3-2021.10.win32_1.0.0.202111181127/tools/bin/../lib/gcc/arm-none-eabi/10.3.1/../../../../arm-none-eabi/lib/thumb/v7e-m+fp/hard\libc.a
LOAD d:/st/stm32cubeide_1.9.0/stm32cubeide/plugins/com.st.stm32cube.ide.mcu.externaltools.gnu-tools-for-stm32.10.3-2021.10.win32_1.0.0.202111181127/tools/bin/../lib/gcc/arm-none-eabi/10.3.1/../../../../arm-none-eabi/lib/thumb/v7e-m+fp/hard\libm.a
LOAD d:/st/stm32cubeide_1.9.0/stm32cubeide/plugins/com.st.stm32cube.ide.mcu.externaltools.gnu-tools-for-stm32.10.3-2021.10.win32_1.0.0.202111181127/tools/bin/../lib/gcc/arm-none-eabi/10.3.1/thumb/v7e-m+fp/hard\libgcc.a

.debug_info     0x0000000000000000     0xf0cd
 .debug_info    0x0000000000000000      0xf33 ./Core/Src/main.o
 .debug_info    0x0000000000000f33      0x2c4 ./Core/Src/stm32f4xx_hal_msp.o
 .debug_info    0x00000000000011f7      0xc9d ./Core/Src/stm32f4xx_hal_timebase_tim.o
 .debug_info    0x0000000000001e94      0x6f8 ./Core/Src/stm32f4xx_it.o
 .debug_info    0x000000000000258c      0x53f ./Core/Src/system_stm32f4xx.o
 .debug_info    0x0000000000002acb       0x22 ./Core/Startup/startup_stm32f429zitx.o
 .debug_info    0x0000000000002aed      0x9f4 ./Drivers/STM32F4xx_HAL_Driver/Src/stm32f4xx_hal.o
 .debug_info    0x00000000000034e1      0xe51 ./Drivers/STM32F4xx_HAL_Driver/Src/stm32f4xx_hal_cortex.o
 .debug_info    0x0000000000004332      0x786 ./Drivers/STM32F4xx_HAL_Driver/Src/stm32f4xx_hal_gpio.o
 .debug_info    0x0000000000004ab8      0x982 ./Drivers/STM32F4xx_HAL_Driver/Src/stm32f4xx_hal_rcc.o
 .debug_info    0x000000000000543a     0x2bbe ./Drivers/STM32F4xx_HAL_Driver/Src/stm32f4xx_hal_tim.o
 .debug_info    0x0000000000007ff8     0x15e0 ./Drivers/STM32F4xx_HAL_Driver/Src/stm32f4xx_hal_tim_ex.o
 .debug_info    0x00000000000095d8      0x558 ./ThirdParty/FreeRTOS/MemMang/heap_4.o
 .debug_info    0x0000000000009b30      0x2d1 ./ThirdParty/FreeRTOS/list.o
 .debug_info    0x0000000000009e01     0x196b ./ThirdParty/FreeRTOS/queue.o
 .debug_info    0x000000000000b76c     0x25ab ./ThirdParty/FreeRTOS/tasks.o
 .debug_info    0x000000000000dd17      0xeaf ./ThirdParty/FreeRTOS/timers.o
 .debug_info    0x000000000000ebc6      0x507 ./ThirdParty/FreeRTOS/portable/GCC/ARM_CM4F/port.o

.debug_abbrev   0x0000000000000000     0x257f
 .debug_abbrev  0x0000000000000000      0x2fd ./Core/Src/main.o
 .debug_abbrev  0x00000000000002fd       0xd4 ./Core/Src/stm32f4xx_hal_msp.o
 .debug_abbrev  0x00000000000003d1      0x1e6 ./Core/Src/stm32f4xx_hal_timebase_tim.o
 .debug_abbrev  0x00000000000005b7      0x171 ./Core/Src/stm32f4xx_it.o
 .debug_abbrev  0x0000000000000728      0x116 ./Core/Src/system_stm32f4xx.o
 .debug_abbrev  0x000000000000083e       0x12 ./Core/Startup/startup_stm32f429zitx.o
 .debug_abbrev  0x0000000000000850      0x20d ./Drivers/STM32F4xx_HAL_Driver/Src/stm32f4xx_hal.o
 .debug_abbrev  0x0000000000000a5d      0x316 ./Drivers/STM32F4xx_HAL_Driver/Src/stm32f4xx_hal_cortex.o
 .debug_abbrev  0x0000000000000d73      0x1c4 ./Drivers/STM32F4xx_HAL_Driver/Src/stm32f4xx_hal_gpio.o
 .debug_abbrev  0x0000000000000f37      0x2aa ./Drivers/STM32F4xx_HAL_Driver/Src/stm32f4xx_hal_rcc.o
 .debug_abbrev  0x00000000000011e1      0x25d ./Drivers/STM32F4xx_HAL_Driver/Src/stm32f4xx_hal_tim.o
 .debug_abbrev  0x000000000000143e      0x265 ./Drivers/STM32F4xx_HAL_Driver/Src/stm32f4xx_hal_tim_ex.o
 .debug_abbrev  0x00000000000016a3      0x24e ./ThirdParty/FreeRTOS/MemMang/heap_4.o
 .debug_abbrev  0x00000000000018f1       0xf2 ./ThirdParty/FreeRTOS/list.o
 .debug_abbrev  0x00000000000019e3      0x312 ./ThirdParty/FreeRTOS/queue.o
 .debug_abbrev  0x0000000000001cf5      0x36c ./ThirdParty/FreeRTOS/tasks.o
 .debug_abbrev  0x0000000000002061      0x2c5 ./ThirdParty/FreeRTOS/timers.o
 .debug_abbrev  0x0000000000002326      0x259 ./ThirdParty/FreeRTOS/portable/GCC/ARM_CM4F/port.o

.debug_aranges  0x0000000000000000      0xea0
 .debug_aranges
                0x0000000000000000       0x50 ./Core/Src/main.o
 .debug_aranges
                0x0000000000000050       0x20 ./Core/Src/stm32f4xx_hal_msp.o
 .debug_aranges
                0x0000000000000070       0x30 ./Core/Src/stm32f4xx_hal_timebase_tim.o
 .debug_aranges
                0x00000000000000a0       0x50 ./Core/Src/stm32f4xx_it.o
 .debug_aranges
                0x00000000000000f0       0x28 ./Core/Src/system_stm32f4xx.o
 .debug_aranges
                0x0000000000000118       0x28 ./Core/Startup/startup_stm32f429zitx.o
 .debug_aranges
                0x0000000000000140      0x100 ./Drivers/STM32F4xx_HAL_Driver/Src/stm32f4xx_hal.o
 .debug_aranges
                0x0000000000000240      0x118 ./Drivers/STM32F4xx_HAL_Driver/Src/stm32f4xx_hal_cortex.o
 .debug_aranges
                0x0000000000000358       0x58 ./Drivers/STM32F4xx_HAL_Driver/Src/stm32f4xx_hal_gpio.o
 .debug_aranges
                0x00000000000003b0       0x88 ./Drivers/STM32F4xx_HAL_Driver/Src/stm32f4xx_hal_rcc.o
 .debug_aranges
                0x0000000000000438      0x3d0 ./Drivers/STM32F4xx_HAL_Driver/Src/stm32f4xx_hal_tim.o
 .debug_aranges
                0x0000000000000808      0x168 ./Drivers/STM32F4xx_HAL_Driver/Src/stm32f4xx_hal_tim_ex.o
 .debug_aranges
                0x0000000000000970       0x60 ./ThirdParty/FreeRTOS/MemMang/heap_4.o
 .debug_aranges
                0x00000000000009d0       0x40 ./ThirdParty/FreeRTOS/list.o
 .debug_aranges
                0x0000000000000a10      0x130 ./ThirdParty/FreeRTOS/queue.o
 .debug_aranges
                0x0000000000000b40      0x1f8 ./ThirdParty/FreeRTOS/tasks.o
 .debug_aranges
                0x0000000000000d38       0xe8 ./ThirdParty/FreeRTOS/timers.o
 .debug_aranges
                0x0000000000000e20       0x80 ./ThirdParty/FreeRTOS/portable/GCC/ARM_CM4F/port.o

.debug_ranges   0x0000000000000000      0xd88
 .debug_ranges  0x0000000000000000       0x40 ./Core/Src/main.o
 .debug_ranges  0x0000000000000040       0x10 ./Core/Src/stm32f4xx_hal_msp.o
 .debug_ranges  0x0000000000000050       0x20 ./Core/Src/stm32f4xx_hal_timebase_tim.o
 .debug_ranges  0x0000000000000070       0x40 ./Core/Src/stm32f4xx_it.o
 .debug_ranges  0x00000000000000b0       0x18 ./Core/Src/system_stm32f4xx.o
 .debug_ranges  0x00000000000000c8       0x20 ./Core/Startup/startup_stm32f429zitx.o
 .debug_ranges  0x00000000000000e8       0xf0 ./Drivers/STM32F4xx_HAL_Driver/Src/stm32f4xx_hal.o
 .debug_ranges  0x00000000000001d8      0x108 ./Drivers/STM32F4xx_HAL_Driver/Src/stm32f4xx_hal_cortex.o
 .debug_ranges  0x00000000000002e0       0x48 ./Drivers/STM32F4xx_HAL_Driver/Src/stm32f4xx_hal_gpio.o
 .debug_ranges  0x0000000000000328       0x78 ./Drivers/STM32F4xx_HAL_Driver/Src/stm32f4xx_hal_rcc.o
 .debug_ranges  0x00000000000003a0      0x3c0 ./Drivers/STM32F4xx_HAL_Driver/Src/stm32f4xx_hal_tim.o
 .debug_ranges  0x0000000000000760      0x158 ./Drivers/STM32F4xx_HAL_Driver/Src/stm32f4xx_hal_tim_ex.o
 .debug_ranges  0x00000000000008b8       0x50 ./ThirdParty/FreeRTOS/MemMang/heap_4.o
 .debug_ranges  0x0000000000000908       0x30 ./ThirdParty/FreeRTOS/list.o
 .debug_ranges  0x0000000000000938      0x120 ./ThirdParty/FreeRTOS/queue.o
 .debug_ranges  0x0000000000000a58      0x1e8 ./ThirdParty/FreeRTOS/tasks.o
 .debug_ranges  0x0000000000000c40       0xd8 ./ThirdParty/FreeRTOS/timers.o
 .debug_ranges  0x0000000000000d18       0x70 ./ThirdParty/FreeRTOS/portable/GCC/ARM_CM4F/port.o

.debug_macro    0x0000000000000000    0x2439a
 .debug_macro   0x0000000000000000      0x240 ./Core/Src/main.o
 .debug_macro   0x0000000000000240      0xa78 ./Core/Src/main.o
 .debug_macro   0x0000000000000cb8      0x295 ./Core/Src/main.o
 .debug_macro   0x0000000000000f4d       0x2e ./Core/Src/main.o
 .debug_macro   0x0000000000000f7b       0x28 ./Core/Src/main.o
 .debug_macro   0x0000000000000fa3       0x22 ./Core/Src/main.o
 .debug_macro   0x0000000000000fc5       0x8e ./Core/Src/main.o
 .debug_macro   0x0000000000001053       0x51 ./Core/Src/main.o
 .debug_macro   0x00000000000010a4      0x103 ./Core/Src/main.o
 .debug_macro   0x00000000000011a7       0x6a ./Core/Src/main.o
 .debug_macro   0x0000000000001211      0x1df ./Core/Src/main.o
 .debug_macro   0x00000000000013f0       0x1c ./Core/Src/main.o
 .debug_macro   0x000000000000140c       0x22 ./Core/Src/main.o
 .debug_macro   0x000000000000142e       0xd9 ./Core/Src/main.o
 .debug_macro   0x0000000000001507     0x102d ./Core/Src/main.o
 .debug_macro   0x0000000000002534      0x11f ./Core/Src/main.o
 .debug_macro   0x0000000000002653    0x17fc0 ./Core/Src/main.o
 .debug_macro   0x000000000001a613       0x6d ./Core/Src/main.o
 .debug_macro   0x000000000001a680     0x36f5 ./Core/Src/main.o
 .debug_macro   0x000000000001dd75      0x174 ./Core/Src/main.o
 .debug_macro   0x000000000001dee9       0x5c ./Core/Src/main.o
 .debug_macro   0x000000000001df45      0xca5 ./Core/Src/main.o
 .debug_macro   0x000000000001ebea      0x9fe ./Core/Src/main.o
 .debug_macro   0x000000000001f5e8      0x115 ./Core/Src/main.o
 .debug_macro   0x000000000001f6fd      0x156 ./Core/Src/main.o
 .debug_macro   0x000000000001f853       0xa5 ./Core/Src/main.o
 .debug_macro   0x000000000001f8f8      0x182 ./Core/Src/main.o
 .debug_macro   0x000000000001fa7a      0x287 ./Core/Src/main.o
 .debug_macro   0x000000000001fd01       0x5f ./Core/Src/main.o
 .debug_macro   0x000000000001fd60      0x236 ./Core/Src/main.o
 .debug_macro   0x000000000001ff96      0x132 ./Core/Src/main.o
 .debug_macro   0x00000000000200c8      0x41d ./Core/Src/main.o
 .debug_macro   0x00000000000204e5       0x2e ./Core/Src/main.o
 .debug_macro   0x0000000000020513      0x11a ./Core/Src/main.o
 .debug_macro   0x000000000002062d       0xe2 ./Core/Src/main.o
 .debug_macro   0x000000000002070f       0x89 ./Core/Src/main.o
 .debug_macro   0x0000000000020798      0x8e6 ./Core/Src/main.o
 .debug_macro   0x000000000002107e       0x47 ./Core/Src/main.o
 .debug_macro   0x00000000000210c5      0x134 ./Core/Src/main.o
 .debug_macro   0x00000000000211f9      0x4ba ./Core/Src/main.o
 .debug_macro   0x00000000000216b3       0xfa ./Core/Src/main.o
 .debug_macro   0x00000000000217ad      0x15a ./Core/Src/main.o
 .debug_macro   0x0000000000021907       0xea ./Core/Src/main.o
 .debug_macro   0x00000000000219f1       0x28 ./Core/Src/main.o
 .debug_macro   0x0000000000021a19       0x1f ./Core/Src/main.o
 .debug_macro   0x0000000000021a38       0x12 ./Core/Src/main.o
 .debug_macro   0x0000000000021a4a      0x52d ./Core/Src/main.o
 .debug_macro   0x0000000000021f77       0xc3 ./Core/Src/main.o
 .debug_macro   0x000000000002203a      0x120 ./Core/Src/main.o
 .debug_macro   0x000000000002215a      0x1d3 ./Core/Src/stm32f4xx_hal_msp.o
 .debug_macro   0x000000000002232d      0x1c4 ./Core/Src/stm32f4xx_hal_timebase_tim.o
 .debug_macro   0x00000000000224f1      0x1dd ./Core/Src/stm32f4xx_it.o
 .debug_macro   0x00000000000226ce      0x1c4 ./Core/Src/system_stm32f4xx.o
 .debug_macro   0x0000000000022892      0x224 ./Drivers/STM32F4xx_HAL_Driver/Src/stm32f4xx_hal.o
 .debug_macro   0x0000000000022ab6      0x1c4 ./Drivers/STM32F4xx_HAL_Driver/Src/stm32f4xx_hal_cortex.o
 .debug_macro   0x0000000000022c7a      0x1ca ./Drivers/STM32F4xx_HAL_Driver/Src/stm32f4xx_hal_gpio.o
 .debug_macro   0x0000000000022e44      0x1e8 ./Drivers/STM32F4xx_HAL_Driver/Src/stm32f4xx_hal_rcc.o
 .debug_macro   0x000000000002302c      0x1c5 ./Drivers/STM32F4xx_HAL_Driver/Src/stm32f4xx_hal_tim.o
 .debug_macro   0x00000000000231f1      0x1c4 ./Drivers/STM32F4xx_HAL_Driver/Src/stm32f4xx_hal_tim_ex.o
 .debug_macro   0x00000000000233b5      0x219 ./ThirdParty/FreeRTOS/MemMang/heap_4.o
 .debug_macro   0x00000000000235ce      0x10e ./ThirdParty/FreeRTOS/MemMang/heap_4.o
 .debug_macro   0x00000000000236dc       0x8d ./ThirdParty/FreeRTOS/MemMang/heap_4.o
 .debug_macro   0x0000000000023769       0x16 ./ThirdParty/FreeRTOS/MemMang/heap_4.o
 .debug_macro   0x000000000002377f       0x20 ./ThirdParty/FreeRTOS/MemMang/heap_4.o
 .debug_macro   0x000000000002379f       0xfa ./ThirdParty/FreeRTOS/MemMang/heap_4.o
 .debug_macro   0x0000000000023899      0x198 ./ThirdParty/FreeRTOS/list.o
 .debug_macro   0x0000000000023a31      0x22f ./ThirdParty/FreeRTOS/queue.o
 .debug_macro   0x0000000000023c60       0x80 ./ThirdParty/FreeRTOS/queue.o
 .debug_macro   0x0000000000023ce0      0x27e ./ThirdParty/FreeRTOS/tasks.o
 .debug_macro   0x0000000000023f5e       0x17 ./ThirdParty/FreeRTOS/tasks.o
 .debug_macro   0x0000000000023f75      0x1e7 ./ThirdParty/FreeRTOS/timers.o
 .debug_macro   0x000000000002415c       0x97 ./ThirdParty/FreeRTOS/timers.o
 .debug_macro   0x00000000000241f3      0x1a7 ./ThirdParty/FreeRTOS/portable/GCC/ARM_CM4F/port.o

.debug_line     0x0000000000000000    0x10190
 .debug_line    0x0000000000000000      0xb2f ./Core/Src/main.o
 .debug_line    0x0000000000000b2f      0x69f ./Core/Src/stm32f4xx_hal_msp.o
 .debug_line    0x00000000000011ce      0x719 ./Core/Src/stm32f4xx_hal_timebase_tim.o
 .debug_line    0x00000000000018e7      0x73c ./Core/Src/stm32f4xx_it.o
 .debug_line    0x0000000000002023      0x721 ./Core/Src/system_stm32f4xx.o
 .debug_line    0x0000000000002744       0x88 ./Core/Startup/startup_stm32f429zitx.o
 .debug_line    0x00000000000027cc      0x9bd ./Drivers/STM32F4xx_HAL_Driver/Src/stm32f4xx_hal.o
 .debug_line    0x0000000000003189      0xc36 ./Drivers/STM32F4xx_HAL_Driver/Src/stm32f4xx_hal_cortex.o
 .debug_line    0x0000000000003dbf      0xb23 ./Drivers/STM32F4xx_HAL_Driver/Src/stm32f4xx_hal_gpio.o
 .debug_line    0x00000000000048e2      0xd03 ./Drivers/STM32F4xx_HAL_Driver/Src/stm32f4xx_hal_rcc.o
 .debug_line    0x00000000000055e5     0x367b ./Drivers/STM32F4xx_HAL_Driver/Src/stm32f4xx_hal_tim.o
 .debug_line    0x0000000000008c60     0x1984 ./Drivers/STM32F4xx_HAL_Driver/Src/stm32f4xx_hal_tim_ex.o
 .debug_line    0x000000000000a5e4      0xa45 ./ThirdParty/FreeRTOS/MemMang/heap_4.o
 .debug_line    0x000000000000b029      0x7a0 ./ThirdParty/FreeRTOS/list.o
 .debug_line    0x000000000000b7c9     0x16ac ./ThirdParty/FreeRTOS/queue.o
 .debug_line    0x000000000000ce75     0x1dd4 ./ThirdParty/FreeRTOS/tasks.o
 .debug_line    0x000000000000ec49      0xcc2 ./ThirdParty/FreeRTOS/timers.o
 .debug_line    0x000000000000f90b      0x885 ./ThirdParty/FreeRTOS/portable/GCC/ARM_CM4F/port.o

.debug_str      0x0000000000000000    0xe07b2
 .debug_str     0x0000000000000000    0xd6d6a ./Core/Src/main.o
                                      0xd70d5 (size before relaxing)
 .debug_str     0x00000000000d6d6a       0x2c ./Core/Src/stm32f4xx_hal_msp.o
                                      0xd1876 (size before relaxing)
 .debug_str     0x00000000000d6d96      0x678 ./Core/Src/stm32f4xx_hal_timebase_tim.o
                                      0xd1582 (size before relaxing)
 .debug_str     0x00000000000d740e       0xb9 ./Core/Src/stm32f4xx_it.o
                                      0xd1d14 (size before relaxing)
 .debug_str     0x00000000000d74c7       0xdb ./Core/Src/system_stm32f4xx.o
                                      0xd0a27 (size before relaxing)
 .debug_str     0x00000000000d75a2       0x36 ./Core/Startup/startup_stm32f429zitx.o
                                         0xb4 (size before relaxing)
 .debug_str     0x00000000000d75d8      0x60e ./Drivers/STM32F4xx_HAL_Driver/Src/stm32f4xx_hal.o
                                      0xd164a (size before relaxing)
 .debug_str     0x00000000000d7be6      0x33a ./Drivers/STM32F4xx_HAL_Driver/Src/stm32f4xx_hal_cortex.o
                                      0xd132f (size before relaxing)
 .debug_str     0x00000000000d7f20      0x131 ./Drivers/STM32F4xx_HAL_Driver/Src/stm32f4xx_hal_gpio.o
                                      0xd0ba2 (size before relaxing)
 .debug_str     0x00000000000d8051      0x1fd ./Drivers/STM32F4xx_HAL_Driver/Src/stm32f4xx_hal_rcc.o
                                      0xd0e5b (size before relaxing)
 .debug_str     0x00000000000d824e      0xe69 ./Drivers/STM32F4xx_HAL_Driver/Src/stm32f4xx_hal_tim.o
                                      0xd1d8e (size before relaxing)
 .debug_str     0x00000000000d90b7      0x503 ./Drivers/STM32F4xx_HAL_Driver/Src/stm32f4xx_hal_tim_ex.o
                                      0xd15aa (size before relaxing)
 .debug_str     0x00000000000d95ba     0x3586 ./ThirdParty/FreeRTOS/MemMang/heap_4.o
                                       0xc51c (size before relaxing)
 .debug_str     0x00000000000dcb40      0x11d ./ThirdParty/FreeRTOS/list.o
                                       0xacfb (size before relaxing)
 .debug_str     0x00000000000dcc5d     0x1387 ./ThirdParty/FreeRTOS/queue.o
                                       0xd3fa (size before relaxing)
 .debug_str     0x00000000000ddfe4     0x1abd ./ThirdParty/FreeRTOS/tasks.o
                                       0xde0c (size before relaxing)
 .debug_str     0x00000000000dfaa1      0x53b ./ThirdParty/FreeRTOS/timers.o
                                       0xd57a (size before relaxing)
 .debug_str     0x00000000000dffdc      0x7d6 ./ThirdParty/FreeRTOS/portable/GCC/ARM_CM4F/port.o
                                       0x986a (size before relaxing)

.comment        0x0000000000000000       0x50
 .comment       0x0000000000000000       0x50 ./Core/Src/main.o
                                         0x51 (size before relaxing)
 .comment       0x0000000000000050       0x51 ./Core/Src/stm32f4xx_hal_msp.o
 .comment       0x0000000000000050       0x51 ./Core/Src/stm32f4xx_hal_timebase_tim.o
 .comment       0x0000000000000050       0x51 ./Core/Src/stm32f4xx_it.o
 .comment       0x0000000000000050       0x51 ./Core/Src/system_stm32f4xx.o
 .comment       0x0000000000000050       0x51 ./Drivers/STM32F4xx_HAL_Driver/Src/stm32f4xx_hal.o
 .comment       0x0000000000000050       0x51 ./Drivers/STM32F4xx_HAL_Driver/Src/stm32f4xx_hal_cortex.o
 .comment       0x0000000000000050       0x51 ./Drivers/STM32F4xx_HAL_Driver/Src/stm32f4xx_hal_gpio.o
 .comment       0x0000000000000050       0x51 ./Drivers/STM32F4xx_HAL_Driver/Src/stm32f4xx_hal_rcc.o
 .comment       0x0000000000000050       0x51 ./Drivers/STM32F4xx_HAL_Driver/Src/stm32f4xx_hal_tim.o
 .comment       0x0000000000000050       0x51 ./Drivers/STM32F4xx_HAL_Driver/Src/stm32f4xx_hal_tim_ex.o
 .comment       0x0000000000000050       0x51 ./ThirdParty/FreeRTOS/MemMang/heap_4.o
 .comment       0x0000000000000050       0x51 ./ThirdParty/FreeRTOS/list.o
 .comment       0x0000000000000050       0x51 ./ThirdParty/FreeRTOS/queue.o
 .comment       0x0000000000000050       0x51 ./ThirdParty/FreeRTOS/tasks.o
 .comment       0x0000000000000050       0x51 ./ThirdParty/FreeRTOS/timers.o
 .comment       0x0000000000000050       0x51 ./ThirdParty/FreeRTOS/portable/GCC/ARM_CM4F/port.o

.debug_frame    0x0000000000000000     0x3c84
 .debug_frame   0x0000000000000000       0xf0 ./Core/Src/main.o
 .debug_frame   0x00000000000000f0       0x38 ./Core/Src/stm32f4xx_hal_msp.o
 .debug_frame   0x0000000000000128       0x74 ./Core/Src/stm32f4xx_hal_timebase_tim.o
 .debug_frame   0x000000000000019c       0xc4 ./Core/Src/stm32f4xx_it.o
 .debug_frame   0x0000000000000260       0x58 ./Core/Src/system_stm32f4xx.o
 .debug_frame   0x00000000000002b8      0x3b4 ./Drivers/STM32F4xx_HAL_Driver/Src/stm32f4xx_hal.o
 .debug_frame   0x000000000000066c      0x498 ./Drivers/STM32F4xx_HAL_Driver/Src/stm32f4xx_hal_cortex.o
 .debug_frame   0x0000000000000b04      0x14c ./Drivers/STM32F4xx_HAL_Driver/Src/stm32f4xx_hal_gpio.o
 .debug_frame   0x0000000000000c50      0x1f4 ./Drivers/STM32F4xx_HAL_Driver/Src/stm32f4xx_hal_rcc.o
 .debug_frame   0x0000000000000e44     0x11c4 ./Drivers/STM32F4xx_HAL_Driver/Src/stm32f4xx_hal_tim.o
 .debug_frame   0x0000000000002008      0x638 ./Drivers/STM32F4xx_HAL_Driver/Src/stm32f4xx_hal_tim_ex.o
 .debug_frame   0x0000000000002640      0x150 ./ThirdParty/FreeRTOS/MemMang/heap_4.o
 .debug_frame   0x0000000000002790       0xd8 ./ThirdParty/FreeRTOS/list.o
 .debug_frame   0x0000000000002868      0x530 ./ThirdParty/FreeRTOS/queue.o
 .debug_frame   0x0000000000002d98      0x8a8 ./ThirdParty/FreeRTOS/tasks.o
 .debug_frame   0x0000000000003640      0x3c8 ./ThirdParty/FreeRTOS/timers.o
 .debug_frame   0x0000000000003a08      0x1a8 ./ThirdParty/FreeRTOS/portable/GCC/ARM_CM4F/port.o
 .debug_frame   0x0000000000003bb0       0x2c d:/st/stm32cubeide_1.9.0/stm32cubeide/plugins/com.st.stm32cube.ide.mcu.externaltools.gnu-tools-for-stm32.10.3-2021.10.win32_1.0.0.202111181127/tools/bin/../lib/gcc/arm-none-eabi/10.3.1/../../../../arm-none-eabi/lib/thumb/v7e-m+fp/hard\libc_nano.a(lib_a-init.o)
 .debug_frame   0x0000000000003bdc       0x28 d:/st/stm32cubeide_1.9.0/stm32cubeide/plugins/com.st.stm32cube.ide.mcu.externaltools.gnu-tools-for-stm32.10.3-2021.10.win32_1.0.0.202111181127/tools/bin/../lib/gcc/arm-none-eabi/10.3.1/../../../../arm-none-eabi/lib/thumb/v7e-m+fp/hard\libc_nano.a(lib_a-memcpy-stub.o)
 .debug_frame   0x0000000000003c04       0x20 d:/st/stm32cubeide_1.9.0/stm32cubeide/plugins/com.st.stm32cube.ide.mcu.externaltools.gnu-tools-for-stm32.10.3-2021.10.win32_1.0.0.202111181127/tools/bin/../lib/gcc/arm-none-eabi/10.3.1/../../../../arm-none-eabi/lib/thumb/v7e-m+fp/hard\libc_nano.a(lib_a-memset.o)
 .debug_frame   0x0000000000003c24       0x2c d:/st/stm32cubeide_1.9.0/stm32cubeide/plugins/com.st.stm32cube.ide.mcu.externaltools.gnu-tools-for-stm32.10.3-2021.10.win32_1.0.0.202111181127/tools/bin/../lib/gcc/arm-none-eabi/10.3.1/thumb/v7e-m+fp/hard\libgcc.a(_aeabi_uldivmod.o)
 .debug_frame   0x0000000000003c50       0x34 d:/st/stm32cubeide_1.9.0/stm32cubeide/plugins/com.st.stm32cube.ide.mcu.externaltools.gnu-tools-for-stm32.10.3-2021.10.win32_1.0.0.202111181127/tools/bin/../lib/gcc/arm-none-eabi/10.3.1/thumb/v7e-m+fp/hard\libgcc.a(_udivmoddi4.o)
