00:08:06 **** Incremental Build of configuration Debug for project 005GlowLED ****
make -j8 all 
arm-none-eabi-gcc "../Src/main.c" -mcpu=cortex-m4 -std=gnu11 -g3 -DDEBUG -DSTM32 -DSTM32F407G_DISC1 -DSTM32F4 -DSTM32F407VGTx -c -I../Inc -O0 -ffunction-sections -fdata-sections -Wall -fstack-usage -MMD -MP -MF"Src/main.d" -MT"Src/main.o" --specs=nano.specs -mfpu=fpv4-sp-d16 -mfloat-abi=hard -mthumb -o "Src/main.o"
../Src/main.c:23:4: warning: #warning "FPU is not initialized, but the project is compiling for an FPU. Please initialize the FPU before use." [-Wcpp]
   23 |   #warning "FPU is not initialized, but the project is compiling for an FPU. Please initialize the FPU before use."
      |    ^~~~~~~
arm-none-eabi-gcc -o "005GlowLED.elf" @"objects.list"   -mcpu=cortex-m4 -T"D:\Users\soumy\GitHub\EmbeddedSystems\EmbeddedSystems\FastBit Courses\Embedded C\My_workspace\target\005GlowLED\STM32F407VGTX_FLASH.ld" --specs=nosys.specs -Wl,-Map="005GlowLED.map" -Wl,--gc-sections -static --specs=nano.specs -mfpu=fpv4-sp-d16 -mfloat-abi=hard -mthumb -Wl,--start-group -lc -lm -Wl,--end-group
Finished building target: 005GlowLED.elf
 
arm-none-eabi-size   005GlowLED.elf 
arm-none-eabi-objdump -h -S  005GlowLED.elf  > "005GlowLED.list"
   text	   data	    bss	    dec	    hex	filename
    760	      8	   1568	   2336	    920	005GlowLED.elf
Finished building: default.size.stdout
 
Finished building: 005GlowLED.list
 

00:08:07 Build Finished. 0 errors, 1 warnings. (took 934ms)

