16:17:35 **** Incremental Build of configuration Debug for project 001Tasks ****
make -j8 all 
arm-none-eabi-gcc "../ThirdParty/FreeRTOS/portable/GCC/ARM_CM4F/port.c" -mcpu=cortex-m4 -std=gnu11 -g3 -DDEBUG -DUSE_HAL_DRIVER -DSTM32F429xx -c -I../Core/Inc -I"D:/Users/soumy/GitHub/EmbeddedSystems/EmbeddedSystems/FastBit Courses/FreeRTOS/RTOS_workspace/Workspace_202212/001Tasks/ThirdParty/FreeRTOS/portable/GCC/ARM_CM4F" -I"D:/Users/soumy/GitHub/EmbeddedSystems/EmbeddedSystems/FastBit Courses/FreeRTOS/RTOS_workspace/Workspace_202212/001Tasks/ThirdParty/FreeRTOS/include" -I"D:/Users/soumy/GitHub/EmbeddedSystems/EmbeddedSystems/FastBit Courses/FreeRTOS/RTOS_workspace/Workspace_202212/001Tasks/ThirdParty/SEGGER/Config" -I"D:/Users/soumy/GitHub/EmbeddedSystems/EmbeddedSystems/FastBit Courses/FreeRTOS/RTOS_workspace/Workspace_202212/001Tasks/ThirdParty/SEGGER/OS" -I"D:/Users/soumy/GitHub/EmbeddedSystems/EmbeddedSystems/FastBit Courses/FreeRTOS/RTOS_workspace/Workspace_202212/001Tasks/ThirdParty/SEGGER/SEGGER" -I../Drivers/STM32F4xx_HAL_Driver/Inc -I../Drivers/STM32F4xx_HAL_Driver/Inc/Legacy -I../Drivers/CMSIS/Device/ST/STM32F4xx/Include -I../Drivers/CMSIS/Include -O0 -ffunction-sections -fdata-sections -Wall -fstack-usage -MMD -MP -MF"ThirdParty/FreeRTOS/portable/GCC/ARM_CM4F/port.d" -MT"ThirdParty/FreeRTOS/portable/GCC/ARM_CM4F/port.o" --specs=nano.specs -mfpu=fpv4-sp-d16 -mfloat-abi=hard -mthumb -o "ThirdParty/FreeRTOS/portable/GCC/ARM_CM4F/port.o"
arm-none-eabi-gcc "../Core/Src/main.c" -mcpu=cortex-m4 -std=gnu11 -g3 -DDEBUG -DUSE_HAL_DRIVER -DSTM32F429xx -c -I../Core/Inc -I"D:/Users/soumy/GitHub/EmbeddedSystems/EmbeddedSystems/FastBit Courses/FreeRTOS/RTOS_workspace/Workspace_202212/001Tasks/ThirdParty/FreeRTOS/portable/GCC/ARM_CM4F" -I"D:/Users/soumy/GitHub/EmbeddedSystems/EmbeddedSystems/FastBit Courses/FreeRTOS/RTOS_workspace/Workspace_202212/001Tasks/ThirdParty/FreeRTOS/include" -I"D:/Users/soumy/GitHub/EmbeddedSystems/EmbeddedSystems/FastBit Courses/FreeRTOS/RTOS_workspace/Workspace_202212/001Tasks/ThirdParty/SEGGER/Config" -I"D:/Users/soumy/GitHub/EmbeddedSystems/EmbeddedSystems/FastBit Courses/FreeRTOS/RTOS_workspace/Workspace_202212/001Tasks/ThirdParty/SEGGER/OS" -I"D:/Users/soumy/GitHub/EmbeddedSystems/EmbeddedSystems/FastBit Courses/FreeRTOS/RTOS_workspace/Workspace_202212/001Tasks/ThirdParty/SEGGER/SEGGER" -I../Drivers/STM32F4xx_HAL_Driver/Inc -I../Drivers/STM32F4xx_HAL_Driver/Inc/Legacy -I../Drivers/CMSIS/Device/ST/STM32F4xx/Include -I../Drivers/CMSIS/Include -O0 -ffunction-sections -fdata-sections -Wall -fstack-usage -MMD -MP -MF"Core/Src/main.d" -MT"Core/Src/main.o" --specs=nano.specs -mfpu=fpv4-sp-d16 -mfloat-abi=hard -mthumb -o "Core/Src/main.o"
arm-none-eabi-gcc -o "001Tasks.elf" @"objects.list"   -mcpu=cortex-m4 -T"D:\Users\soumy\GitHub\EmbeddedSystems\EmbeddedSystems\FastBit Courses\FreeRTOS\RTOS_workspace\Workspace_202212\001Tasks\STM32F429ZITX_FLASH.ld" --specs=nosys.specs -Wl,-Map="001Tasks.map" -Wl,--gc-sections -static --specs=nano.specs -mfpu=fpv4-sp-d16 -mfloat-abi=hard -mthumb -Wl,--start-group -lc -lm -Wl,--end-group
Finished building target: 001Tasks.elf
 
arm-none-eabi-size   001Tasks.elf 
arm-none-eabi-objdump -h -S  001Tasks.elf  > "001Tasks.list"
   text	   data	    bss	    dec	    hex	filename
  25596	     28	  84628	 110252	  1aeac	001Tasks.elf
Finished building: default.size.stdout
 
Finished building: 001Tasks.list
 

16:17:40 Build Finished. 0 errors, 0 warnings. (took 4s.850ms)

